******************************************************************************
                  TI ARM Linker PC v15.12.3                    
******************************************************************************
>> Linked Thu Oct 28 03:20:46 2021

OUTPUT FILE NAME:   <ms5.out>
ENTRY POINT SYMBOL: "_c_int00"  address: 00006db1


MEMORY CONFIGURATION

         name            origin    length      used     unused   attr    fill
----------------------  --------  ---------  --------  --------  ----  --------
  FLASH                 00000000   00040000  0000bc3c  000343c4  R  X
  SRAM                  20000000   00008000  0000230c  00005cf4  RW X


SEGMENT ALLOCATION MAP

run origin  load origin   length   init length attrs members
----------  ----------- ---------- ----------- ----- -------
00000000    00000000    0000bc4c   0000bc4c    r-x
  00000000    00000000    0000003c   0000003c    r-- .resetVecs
  00000040    00000040    00008ef2   00008ef2    r-x .text
  00008f38    00008f38    0000290a   0000290a    r-- .const
  0000b848    0000b848    00000404   00000404    r-- .cinit
20000000    20000000    00002310   00000000    rw-
  20000000    20000000    00000360   00000000    rw- .vecs
  20000360    20000360    0000169a   00000000    rw- .bss
  200019fc    200019fc    00000512   00000000    rw- .data
  20001f10    20001f10    00000400   00000000    rw- .stack


SECTION ALLOCATION MAP

 output                                  attributes/
section   page    origin      length       input sections
--------  ----  ----------  ----------   ----------------
.text      0    00000040    00008ef2     
                  00000040    000009ac     rtsv7M4_T_le_v4SPD16_eabi.lib : e_pow.obj (.text)
                  000009ec    00000548     RTOSCommander.obj (.text:RTOSRunCommand)
                  00000f34    00000004     driverlib.lib : uart.obj (.text:UARTIntClear)
                  00000f38    00000430     sysbios.aem4f : BIOS.obj (.text:ti_sysbios_family_arm_m3_Hwi_excDumpRegs__I)
                  00001368    0000034c     ti.targets.arm.rtsarm.aem4f : System.oem4f (.text:xdc_runtime_System_doPrint__I)
                  000016b4    00000324     rtsv7M4_T_le_v4SPD16_eabi.lib : trgdrv.obj (.text)
                  000019d8    000002e4     sysbios.aem4f : BIOS.obj (.text:ti_sysbios_knl_Semaphore_pend__E)
                  00001cbc    00000004     empty_pem4f.oem4f (.text:ti_sysbios_BIOS_RtsGateProxy_enter__E)
                  00001cc0    00000254     sysbios.aem4f : BIOS.obj (.text:ti_sysbios_heaps_HeapMem_free__E)
                  00001f14    00000004     empty_pem4f.oem4f (.text:ti_sysbios_BIOS_RtsGateProxy_leave__E)
                  00001f18    00000248     sysbios.aem4f : BIOS.obj (.text:ti_sysbios_heaps_HeapMem_alloc__E)
                  00002160    0000022c                   : BIOS.obj (.text:ti_sysbios_knl_Task_Instance_finalize__E)
                  0000238c    0000020c     drivers_tivaware.aem4f : UARTTiva.oem4f (.text:UARTTiva_open)
                  00002598    00000200     sysbios.aem4f : BIOS.obj (.text:ti_sysbios_knl_Task_sleep__E)
                  00002798    000001fc                   : BIOS.obj (.text:ti_sysbios_family_arm_m3_Hwi_excHandlerMax__I)
                  00002994    00000004                   : BIOS.obj (.text:ti_sysbios_family_arm_lm4_Timer_masterEnable__I)
                  00002998    000001c8                   : BIOS.obj (.text:ti_sysbios_knl_Task_Instance_init__E)
                  00002b60    000001b6     rtsv7M4_T_le_v4SPD16_eabi.lib : fd_add_t2.obj (.text)
                  00002d16    00000002                                   : i_div0.obj (.text)
                  00002d18    00000198     RTOSBluetooth.obj (.text:RTOSBTInit)
                  00002eb0    00000174     sysbios.aem4f : BIOS.obj (.text:ti_sysbios_family_arm_m3_Hwi_excBusFault__I)
                  00003024    00000170     rtsv7M4_T_le_v4SPD16_eabi.lib : e_sqrt.obj (.text)
                  00003194    00000004     empty_pem4f.oem4f (.text:ti_sysbios_family_arm_m3_Hwi_destruct)
                  00003198    00000164     sysbios.aem4f : BIOS.obj (.text:ti_sysbios_family_arm_m3_Hwi_excUsageFault__I)
                  000032fc    00000004     empty_pem4f.oem4f (.text:ti_sysbios_family_arm_m3_TaskSupport_Module__startupDone__S)
                  00003300    00000148     sysbios.aem4f : BIOS.obj (.text:ti_sysbios_family_arm_m3_Hwi_excMemFault__I)
                  00003448    00000144                   : BIOS.obj (.text:ti_sysbios_family_arm_m3_Hwi_dispatchC__I)
                  0000358c    00000140     RTOSPID.obj (.text:RTOSPIDCompute)
                  000036cc    00000004     empty_pem4f.oem4f (.text:ti_sysbios_heaps_HeapMem_Module_GateProxy_enter__E)
                  000036d0    00000140     sysbios.aem4f : BIOS.obj (.text:ti_sysbios_knl_Semaphore_post__E)
                  00003810    0000013c                   : BIOS.obj (.text:ti_sysbios_heaps_HeapMem_Instance_init__E)
                  0000394c    00000136     rtsv7M4_T_le_v4SPD16_eabi.lib : fd_div_t2.obj (.text)
                  00003a82    00000006     driverlib.lib : gpio.obj (.text:GPIOPinWrite)
                  00003a88    00000134     sysbios.aem4f : BIOS.obj (.text:ti_sysbios_knl_Clock_workFunc__E)
                  00003bbc    00000130     driverlib.lib : gpio.obj (.text:GPIOPadConfigSet)
                  00003cec    00000004     empty_pem4f.oem4f (.text:ti_sysbios_heaps_HeapMem_Module_GateProxy_leave__E)
                  00003cf0    00000120     sysbios.aem4f : BIOS.obj (.text:ti_sysbios_family_arm_lm4_Timer_start__E)
                  00003e10    0000011c                   : BIOS.obj (.text:ti_sysbios_knl_Clock_Instance_init__E)
                  00003f2c    00000004     empty_pem4f.oem4f (.text:ti_sysbios_knl_Clock_TimerProxy_getMaxTicks__E)
                  00003f30    0000011c     sysbios.aem4f : BIOS.obj (.text:ti_sysbios_knl_Swi_run__I)
                  0000404c    00000118     ti.targets.arm.rtsarm.aem4f : Error.oem4f (.text:xdc_runtime_Error_policyDefault__E)
                  00004164    00000114     RTOSPID.obj (.text:RTOSPIDGetSettings)
                  00004278    00000100     Boot.aem4f : Boot_sysctl.oem4f (.text:ti_catalog_arm_cortexm4_tiva_ce_Boot_sysCtlClockSetI__I)
                  00004378    00000100     ti.targets.arm.rtsarm.aem4f : Core-mem.oem4f (.text:xdc_runtime_Core_createObject__I)
                  00004478    000000fc     rtsv7M4_T_le_v4SPD16_eabi.lib : fd_mul_t2.obj (.text)
                  00004574    000000fc                                   : s_scalbn.obj (.text)
                  00004670    000000f8     ti.targets.arm.rtsarm.aem4f : Startup.oem4f (.text:xdc_runtime_Startup_startMods__I)
                  00004768    000000f8     empty_pem4f.oem4f (.text:xdc_runtime_System_printfExtend__I)
                  00004860    000000f4     sysbios.aem4f : m3_Hwi_asm.obj (.text:ti_sysbios_family_arm_m3_Hwi_dispatch__I)
                  00004954    000000e8     RTOSBluetooth.obj (.text:RTOSBTReadTaskFunc)
                  00004a3c    000000e0     empty_pem4f.oem4f (.text:ti_uia_loggers_LoggerMin_write__E)
                  00004b1c    00000004     empty_pem4f.oem4f (.text:ti_sysbios_knl_Clock_TimerProxy_getPeriod__E)
                  00004b20    000000d8     sysbios.aem4f : BIOS.obj (.text:ti_sysbios_family_arm_lm4_TimestampProvider_get32__E)
                  00004bf8    000000cc                   : BIOS.obj (.text:ti_sysbios_knl_Task_schedule__I)
                  00004cc4    000000cc     ti.targets.arm.rtsarm.aem4f : Core-smem.oem4f (.text:xdc_runtime_Core_constructObject__I)
                  00004d90    000000c8     RTOSMotor.obj (.text:RTOSMotorInit)
                  00004e58    000000c4     RTOSFlashing.obj (.text:RTOSFlashingTaskFunc)
                  00004f1c    00000004     empty_pem4f.oem4f (.text:ti_sysbios_knl_Clock_destruct)
                  00004f20    000000bc     sysbios.aem4f : BIOS.obj (.text:ti_sysbios_family_arm_m3_Hwi_excDebugMon__I)
                  00004fdc    00000004     empty_pem4f.oem4f (.text:ti_sysbios_knl_Queue_destruct)
                  00004fe0    000000bc     sysbios.aem4f : BIOS.obj (.text:ti_sysbios_family_arm_m3_Hwi_excHardFault__I)
                  0000509c    00000004     empty_pem4f.oem4f (.text:ti_sysbios_knl_Semaphore_destruct)
                  000050a0    000000bc     sysbios.aem4f : BIOS.obj (.text:ti_sysbios_knl_Task_startCore__E)
                  0000515c    00000004     ti.targets.arm.rtsarm.aem4f : Error.oem4f (.text:xdc_runtime_Error_getSite__E)
                  00005160    000000b4     sysbios.aem4f : BIOS.obj (.text:ti_sysbios_gates_GateMutex_enter__E)
                  00005214    00000004     empty_pem4f.oem4f (.text:xdc_runtime_System_Module_GateProxy_enter__E)
                  00005218    000000b4     sysbios.aem4f : BIOS.obj (.text:ti_sysbios_knl_Task_checkStacks__E)
                  000052cc    000000b0     RTOSPID.obj (.text:RTOSPIDInit)
                  0000537c    000000ac     drivers_tivaware.aem4f : UARTTiva.oem4f (.text:readTaskBlocking)
                  00005428    000000ac     sysbios.aem4f : BIOS.obj (.text:ti_sysbios_family_arm_lm4_Timer_enableTiva__I)
                  000054d4    00000004     empty_pem4f.oem4f (.text:xdc_runtime_System_Module_GateProxy_leave__E)
                  000054d8    000000ac     sysbios.aem4f : BIOS.obj (.text:ti_sysbios_knl_Swi_post__E)
                  00005584    00000004     ti.targets.arm.rtsarm.aem4f : System.oem4f (.text:xdc_runtime_System_aprintf_va__F)
                  00005588    000000a8     sysbios.aem4f : BIOS.obj (.text:ti_sysbios_family_arm_lm4_Timer_enableTimers__I)
                  00005630    000000a8                   : BIOS.obj (.text:ti_sysbios_knl_Task_blockI__E)
                  000056d8    000000a8                   : BIOS.obj (.text:ti_sysbios_knl_Task_postInit__I)
                  00005780    000000a4     RTOSDistance.obj (.text:RTOSDistanceGet)
                  00005824    00000004     ti.targets.arm.rtsarm.aem4f : System.oem4f (.text:xdc_runtime_System_printf_va__F)
                  00005828    000000a4     sysbios.aem4f : BIOS.obj (.text:ti_sysbios_knl_Clock_Instance_finalize__E)
                  000058cc    000000a0     auto_init.aem4f : auto_init.oem4f (.text)
                  0000596c    000000a0     ti.targets.arm.rtsarm.aem4f : Text.oem4f (.text:xdc_runtime_Text_putMod__E)
                  00005a0c    0000009c     rtsv7M4_T_le_v4SPD16_eabi.lib : memcpy_t2.obj (.text)
                  00005aa8    0000009c     sysbios.aem4f : BIOS.obj (.text:ti_sysbios_knl_Semaphore_Instance_init__E)
                  00005b44    0000009a     ti.targets.arm.rtsarm.aem4f : Text.oem4f (.text:xdc_runtime_Text_putSite__E)
                  00005bde    00000098     drivers_tivaware.aem4f : UARTTiva.oem4f (.text:UARTTiva_readPolling)
                  00005c76    00000002     empty_pem4f.oem4f (.text:ti_sysbios_BIOS_nullFunc__I)
                  00005c78    00000098     Boot.aem4f : Boot.oem4f (.text:ti_catalog_arm_cortexm4_tiva_ce_Boot_sysCtlClockSet__E)
                  00005d10    00000094     drivers_tivaware.aem4f : UARTTiva.oem4f (.text:UARTTiva_write)
                  00005da4    00000004     ti.targets.arm.rtsarm.aem4f : System.oem4f (.text:xdc_runtime_System_sprintf_va__F)
                  00005da8    00000094     sysbios.aem4f : BIOS.obj (.text:ti_sysbios_family_arm_m3_Hwi_Instance_init__E)
                  00005e3c    00000002     ti.uia.loggers.aem4f : LoggerMin.oem4f (.text:ti_uia_loggers_LoggerMin_Instance_init__E)
                  00005e3e    00000002     empty_pem4f.oem4f (.text:xdc_runtime_Startup_reset__I)
                  00005e40    00000094     sysbios.aem4f : BIOS.obj (.text:ti_sysbios_family_arm_m3_Hwi_initNVIC__E)
                  00005ed4    00000004     --HOLE-- [fill = 0]
                  00005ed8    00000094                   : BIOS.obj (.text:ti_sysbios_knl_Task_exit__E)
                  00005f6c    00000004     --HOLE-- [fill = 0]
                  00005f70    00000090                   : BIOS.obj (.text:ti_sysbios_knl_Task_unblockI__E)
                  00006000    0000008c     drivers_tivaware.aem4f : UARTTiva.oem4f (.text:UARTTiva_control)
                  0000608c    0000008c     sysbios.aem4f : m3_TaskSupport_asm.obj (.text:ti_sysbios_family_arm_m3_TaskSupport_buildTaskStack)
                  00006118    0000008a     drivers_tivaware.aem4f : UARTTiva.oem4f (.text:readIsrTextBlocking)
                  000061a2    00000086     rtsv7M4_T_le_v4SPD16_eabi.lib : fd_cmp_t2.obj (.text:__aeabi_cdcmple)
                  00006228    00000086                                   : fd_cmp_t2.obj (.text:__aeabi_cdrcmple)
                  000062ae    00000002     --HOLE-- [fill = 0]
                  000062b0    00000084     sysbios.aem4f : BIOS.obj (.text:ti_sysbios_family_arm_m3_Hwi_postInit__I)
                  00006334    00000082     drivers_tivaware.aem4f : UARTTiva.oem4f (.text:readIsrTextCallback)
                  000063b6    0000007a     driverlib.lib : adc.obj (.text:ADCSequenceStepConfigure)
                  00006430    0000007a     drivers_tivaware.aem4f : UARTTiva.oem4f (.text:readTaskCallback)
                  000064aa    0000007a     rtsv7M4_T_le_v4SPD16_eabi.lib : memset_t2.obj (.text)
                  00006524    00000004     --HOLE-- [fill = 0]
                  00006528    00000074     sysbios.aem4f : BIOS.obj (.text:ti_sysbios_knl_Clock_start__E)
                  0000659c    00000070     RTOSFlashing.obj (.text:RTOSFlashingInit)
                  0000660c    0000006d     ti.targets.arm.rtsarm.aem4f : System.oem4f (.text:xdc_runtime_System_formatNum__I)
                  00006679    00000003     --HOLE-- [fill = 0]
                  0000667c    0000006c     RTOSBluetooth.obj (.text:RTOSBTWriteTaskFunc)
                  000066e8    0000006c     RTOSMotor.obj (.text:RTOSMotorDriveLeft)
                  00006754    0000006c     RTOSMotor.obj (.text:RTOSMotorDriveRight)
                  000067c0    0000006c     sysbios.aem4f : BIOS.obj (.text:ti_sysbios_knl_Swi_restoreHwi__E)
                  0000682c    0000006c     drivers_tivaware.aem4f : UARTTiva.oem4f (.text:writeData)
                  00006898    0000006c     ti.targets.arm.rtsarm.aem4f : Error.oem4f (.text:xdc_runtime_Error_print__E)
                  00006904    0000006c                                 : Memory.oem4f (.text:xdc_runtime_Memory_alloc__E)
                  00006970    0000006a     rtsv7M4_T_le_v4SPD16_eabi.lib : copy_decompress_rle.obj (.text)
                  000069da    00000002     --HOLE-- [fill = 0]
                  000069dc    00000068                                   : trgmsg.obj (.text)
                  00006a44    00000066     ti.targets.arm.rtsarm.aem4f : Core-mem.oem4f (.text:xdc_runtime_Core_deleteObject__I)
                  00006aaa    00000006     driverlib.lib : uart.obj (.text:UARTFIFOLevelSet)
                  00006ab0    00000064     sysbios.aem4f : BIOS.obj (.text:ti_sysbios_family_arm_lm4_Timer_Module_startup__E)
                  00006b14    00000004     --HOLE-- [fill = 0]
                  00006b18    00000060                   : BIOS.obj (.text:ti_sysbios_family_arm_lm4_Timer_isrStub__E)
                  00006b78    00000060                   : BIOS.obj (.text:ti_sysbios_knl_Clock_logTick__E)
                  00006bd8    0000005e     drivers_tivaware.aem4f : UARTTiva.oem4f (.text:readIsrBinaryBlocking)
                  00006c36    00000002     --HOLE-- [fill = 0]
                  00006c38    0000005c     RTOSDistance.obj (.text:RTOSDistanceInit)
                  00006c94    00000004     --HOLE-- [fill = 0]
                  00006c98    0000005c     sysbios.aem4f : BIOS.obj (.text:ti_sysbios_knl_Swi_schedule__I)
                  00006cf4    00000004     --HOLE-- [fill = 0]
                  00006cf8    0000005c                   : BIOS.obj (.text:ti_sysbios_knl_Task_Module_startup__E)
                  00006d54    0000005b     ti.targets.arm.rtsarm.aem4f : Text.oem4f (.text:xdc_runtime_Text_putLab__E)
                  00006daf    00000001     --HOLE-- [fill = 0]
                  00006db0    00000058     boot.aem4f : boot.oem4f (.text)
                  00006e08    00000058     empty_pem4f.oem4f (.text:ti_sysbios_family_arm_m3_Hwi_construct)
                  00006e60    00000058     sysbios.aem4f : m3_Hwi_asm_switch.obj (.text:ti_sysbios_family_arm_m3_Hwi_initStacks__E)
                  00006eb8    00000054     drivers_tivaware.aem4f : UARTTiva.oem4f (.text:readIsrBinaryCallback)
                  00006f0c    00000054     rtsv7M4_T_le_v4SPD16_eabi.lib : exit.obj (.text)
                  00006f60    00000054     empty_pem4f.oem4f (.text:ti_sysbios_knl_Task_construct)
                  00006fb4    00000054     ti.targets.arm.rtsarm.aem4f : Assert.oem4f (.text:xdc_runtime_Assert_raise__I)
                  00007008    00000050     drivers_tivaware.aem4f : UARTTiva.oem4f (.text:UARTTiva_writeCancel)
                  00007058    00000050     sysbios.aem4f : BIOS.obj (.text:ti_sysbios_family_arm_m3_Hwi_Module_startup__E)
                  000070a8    00000050     ti.targets.arm.rtsarm.aem4f : Startup.oem4f (.text:xdc_runtime_Startup_exec__E)
                  000070f8    00000050                                 : Text.oem4f (.text:xdc_runtime_Text_visitRope2__I)
                  00007148    0000004c     drivers_tivaware.aem4f : UARTTiva.oem4f (.text:UARTTiva_close)
                  00007194    0000004c     RTOSDistance.obj (.text:VoltageToCm)
                  000071e0    0000004c     rtsv7M4_T_le_v4SPD16_eabi.lib : atoi.obj (.text)
                  0000722c    0000004c                                   : cpy_tbl.obj (.text)
                  00007278    0000004c     sysbios.aem4f : BIOS.obj (.text:ti_sysbios_heaps_HeapMem_getStats__E)
                  000072c4    00000004     --HOLE-- [fill = 0]
                  000072c8    0000004c                   : BIOS.obj (.text:ti_sysbios_knl_Swi_runLoop__I)
                  00007314    00000004     --HOLE-- [fill = 0]
                  00007318    0000004c                   : BIOS.obj (.text:ti_sysbios_knl_Task_allBlockedFunction__I)
                  00007364    00000048     driverlib.lib : gpio.obj (.text:GPIOPinConfigure)
                  000073ac    00000004     --HOLE-- [fill = 0]
                  000073b0    00000048     sysbios.aem4f : BIOS.obj (.text:ti_sysbios_family_arm_m3_Hwi_disableInterrupt__E)
                  000073f8    00000048                   : BIOS.obj (.text:ti_sysbios_family_arm_m3_Hwi_enableInterrupt__E)
                  00007440    00000048                   : BIOS.obj (.text:ti_sysbios_family_arm_m3_Hwi_excReserved__I)
                  00007488    00000046     drivers_tivaware.aem4f : RingBuf.oem4f (.text:RingBuf_put)
                  000074ce    00000046     ti.targets.arm.rtsarm.aem4f : Core-params.oem4f (.text:xdc_runtime_Core_assignParams__I)
                  00007514    00000044     rtsv7M4_T_le_v4SPD16_eabi.lib : fd_tou_t2.obj (.text)
                  00007558    00000044     sysbios.aem4f : BIOS.obj (.text:ti_sysbios_family_arm_m3_Hwi_getStackInfo__E)
                  0000759c    00000044     ti.targets.arm.rtsarm.aem4f : Error.oem4f (.text:xdc_runtime_Error_setX__E)
                  000075e0    00000044                                 : SysMin.oem4f (.text:xdc_runtime_SysMin_flush__E)
                  00007624    00000044                                 : Text.oem4f (.text:xdc_runtime_Text_xprintf__I)
                  00007668    00000042     driverlib.lib : uart.obj (.text:UARTConfigSetExpClk)
                  000076aa    00000042     drivers_tivaware.aem4f : UARTTiva.oem4f (.text:UARTTiva_hwiIntFxn)
                  000076ec    00000042                            : UARTTiva.oem4f (.text:UARTTiva_writePolling)
                  0000772e    00000040                            : RingBuf.oem4f (.text:RingBuf_get)
                  0000776e    00000040                            : UARTTiva.oem4f (.text:UARTTiva_read)
                  000077ae    00000002     --HOLE-- [fill = 0]
                  000077b0    00000040     rtsv7M4_T_le_v4SPD16_eabi.lib : strtok.obj (.text)
                  000077f0    00000040                                   : u_divt2.obj (.text)
                  00007830    00000040     sysbios.aem4f : BIOS.obj (.text:ti_sysbios_family_arm_lm4_Timer_startup__E)
                  00007870    0000003e     driverlib.lib : adc.obj (.text:ADCSequenceConfigure)
                  000078ae    00000002     --HOLE-- [fill = 0]
                  000078b0    0000003c     sysbios.aem4f : BIOS.obj (.text:ti_sysbios_family_arm_m3_Hwi_excSvCall__I)
                  000078ec    00000004     --HOLE-- [fill = 0]
                  000078f0    0000003c                   : BIOS.obj (.text:ti_sysbios_heaps_HeapMem_init__I)
                  0000792c    00000004     --HOLE-- [fill = 0]
                  00007930    0000003c                   : BIOS.obj (.text:ti_sysbios_knl_Swi_restore__E)
                  0000796c    00000038     drivers_tivaware.aem4f : UART.oem4f (.text:UART_init)
                  000079a4    00000004     --HOLE-- [fill = 0]
                  000079a8    00000038     sysbios.aem4f : BIOS.obj (.text:ti_sysbios_family_arm_m3_Hwi_excNoIsr__I)
                  000079e0    00000038                   : BIOS.obj (.text:ti_sysbios_knl_Task_processVitalTaskFlag__I)
                  00007a18    00000038     ti.targets.arm.rtsarm.aem4f : SysMin.oem4f (.text:xdc_runtime_SysMin_putch__E)
                  00007a50    00000038                                 : System.oem4f (.text:xdc_runtime_System_atexit__E)
                  00007a88    00000036     drivers_tivaware.aem4f : UARTTiva.oem4f (.text:UARTTiva_readCancel)
                  00007abe    00000002     --HOLE-- [fill = 0]
                  00007ac0    00000034     RTOSPID.obj (.text:RTOSPIDGet)
                  00007af4    00000034     driverlib.lib : sysctl.obj (.text:SysCtlPeripheralEnable)
                  00007b28    00000034     sysbios.aem4f : BIOS.obj (.text:ti_sysbios_family_arm_m3_Hwi_Instance_finalize__E)
                  00007b5c    00000004     --HOLE-- [fill = 0]
                  00007b60    00000034                   : BIOS.obj (.text:ti_sysbios_family_arm_m3_Hwi_excNmi__I)
                  00007b94    00000004     --HOLE-- [fill = 0]
                  00007b98    00000034                   : BIOS.obj (.text:ti_sysbios_hal_Hwi_checkStack)
                  00007bcc    00000034     empty_pem4f.oem4f (.text:ti_sysbios_knl_Clock_construct)
                  00007c00    00000034     ti.targets.arm.rtsarm.aem4f : Core-label.oem4f (.text:xdc_runtime_Core_assignLabel__I)
                  00007c34    00000033                                 : Text.oem4f (.text:xdc_runtime_Text_printVisFxn__I)
                  00007c67    00000001     --HOLE-- [fill = 0]
                  00007c68    00000032     sysbios.aem4f : BIOS.obj (.text:ti_sysbios_hal_Hwi_initStack)
                  00007c9a    00000006     driverlib.lib : uart.obj (.text:UARTRxErrorClear)
                  00007ca0    00000032     sysbios.aem4f : BIOS.obj (.text:ti_sysbios_knl_Semaphore_pendTimeout__I)
                  00007cd2    00000002     --HOLE-- [fill = 0]
                  00007cd4    00000030     drivers_tivaware.aem4f : UART.oem4f (.text:UART_open)
                  00007d04    00000030     empty_pem4f.oem4f (.text:ti_sysbios_BIOS_atExitFunc__I)
                  00007d34    00000004     --HOLE-- [fill = 0]
                  00007d38    00000030     sysbios.aem4f : BIOS.obj (.text:ti_sysbios_family_arm_lm4_Timer_stop__E)
                  00007d68    00000030                   : BIOS.obj (.text:ti_sysbios_family_arm_m3_TaskSupport_start__E)
                  00007d98    00000030     empty_pem4f.oem4f (.text:ti_sysbios_gates_GateHwi_Object__create__S)
                  00007dc8    00000030     empty_pem4f.oem4f (.text:ti_sysbios_gates_GateMutex_Object__create__S)
                  00007df8    00000030     empty_pem4f.oem4f (.text:ti_sysbios_heaps_HeapMem_Object__create__S)
                  00007e28    00000030     empty_pem4f.oem4f (.text:ti_sysbios_knl_Semaphore_construct)
                  00007e58    00000030     empty_pem4f.oem4f (.text:ti_uia_loggers_LoggerMin_Object__create__S)
                  00007e88    00000030     ti.uia.loggers.aem4f : LoggerMin.oem4f (.text:ti_uia_loggers_LoggerMin_write8__E)
                  00007eb8    00000030     ti.targets.arm.rtsarm.aem4f : SysMin.oem4f (.text:xdc_runtime_SysMin_abort__E)
                  00007ee8    00000030                                 : System.oem4f (.text:xdc_runtime_System_processAtExit__E)
                  00007f18    0000002e     rtsv7M4_T_le_v4SPD16_eabi.lib : i_tofd_t2.obj (.text)
                  00007f46    00000002     --HOLE-- [fill = 0]
                  00007f48    0000002c     empty_pem4f.oem4f (.text:ti_sysbios_knl_Clock_doTick__I)
                  00007f74    0000002c     empty_pem4f.oem4f (.text:ti_sysbios_knl_Queue_construct)
                  00007fa0    0000002c     sysbios.aem4f : BIOS.obj (.text:ti_sysbios_knl_Task_restore__E)
                  00007fcc    0000002c     ti.targets.arm.rtsarm.aem4f : Text.oem4f (.text:xdc_runtime_Text_cordText__E)
                  00007ff8    0000002a     driverlib.lib : gpio.obj (.text:GPIODirModeSet)
                  00008022    0000002a     rtsv7M4_T_le_v4SPD16_eabi.lib : strspn.obj (.text)
                  0000804c    0000002a     ti.uia.loggers.aem4f : LoggerMin.oem4f (.text:ti_uia_loggers_LoggerMin_write4__E)
                  00008076    0000002a     ti.targets.arm.rtsarm.aem4f : System.oem4f (.text:xdc_runtime_System_putchar__I)
                  000080a0    00000028     sysbios.aem4f : BIOS.obj (.text:ti_sysbios_knl_Swi_Module_startup__E)
                  000080c8    00000026                   : m3_Hwi_asm.obj (.text:ti_sysbios_family_arm_m3_Hwi_pendSV__I)
                  000080ee    00000026     ti.uia.loggers.aem4f : LoggerMin.oem4f (.text:ti_uia_loggers_LoggerMin_write0__E)
                  00008114    00000026                          : LoggerMin.oem4f (.text:ti_uia_loggers_LoggerMin_write2__E)
                  0000813a    00000026     ti.targets.arm.rtsarm.aem4f : System.oem4f (.text:xdc_runtime_System_avprintf__E)
                  00008160    00000024     RTOSPID.obj (.text:RTOSPID_ClockHandler)
                  00008184    00000024     rtsv7M4_T_le_v4SPD16_eabi.lib : strcspn.obj (.text)
                  000081a8    00000024     empty_pem4f.oem4f (.text:ti_sysbios_BIOS_registerRTSLock__I)
                  000081cc    00000024     empty_pem4f.oem4f (.text:ti_sysbios_BIOS_removeRTSLock__I)
                  000081f0    00000024     empty_pem4f.oem4f (.text:ti_sysbios_BIOS_startFunc__I)
                  00008214    00000024     empty_pem4f.oem4f (.text:ti_sysbios_gates_GateMutex_Object__delete__S)
                  00008238    00000024     sysbios.aem4f : BIOS.obj (.text:ti_sysbios_knl_Clock_Module_startup__E)
                  0000825c    00000004     --HOLE-- [fill = 0]
                  00008260    00000024                   : BIOS.obj (.text:ti_sysbios_knl_Task_restoreHwi__E)
                  00008284    00000024     ti.uia.loggers.aem4f : LoggerMin.oem4f (.text:ti_uia_loggers_LoggerMin_write1__E)
                  000082a8    00000024     ti.targets.arm.rtsarm.aem4f : System.oem4f (.text:xdc_runtime_System_vprintf__E)
                  000082cc    00000022     driverlib.lib : pwm.obj (.text:PWMGenConfigure)
                  000082ee    00000002     --HOLE-- [fill = 0]
                  000082f0    00000022     sysbios.aem4f : BIOS.obj (.text:ti_sysbios_family_arm_lm4_Timer_write__I)
                  00008312    00000022     empty_pem4f.oem4f (.text:xdc_runtime_SysMin_output__I)
                  00008334    00000020     empty_pem4f.oem4f (.text:ti_sysbios_BIOS_rtsLock__I)
                  00008354    00000020     sysbios.aem4f : m3_Hwi_asm.obj (.text:ti_sysbios_family_arm_m3_Hwi_excHandlerAsm__I)
                  00008374    00000004     --HOLE-- [fill = 0]
                  00008378    00000020                   : BIOS.obj (.text:ti_sysbios_family_arm_m3_Hwi_excHandler__I)
                  00008398    00000020     empty_pem4f.oem4f (.text:ti_sysbios_gates_GateHwi_Object__delete__S)
                  000083b8    00000020     empty_pem4f.oem4f (.text:ti_sysbios_heaps_HeapMem_Object__delete__S)
                  000083d8    00000020     empty_pem4f.oem4f (.text:ti_sysbios_knl_Clock_Object__destruct__S)
                  000083f8    00000020     sysbios.aem4f : BIOS.obj (.text:ti_sysbios_knl_Idle_run__E)
                  00008418    00000020     empty_pem4f.oem4f (.text:ti_sysbios_knl_Semaphore_Object__destruct__S)
                  00008438    00000020     empty_pem4f.oem4f (.text:ti_uia_loggers_LoggerMin_Object__delete__S)
                  00008458    00000020     ti.targets.arm.rtsarm.aem4f : Registry.oem4f (.text:xdc_runtime_Registry_findById__E)
                  00008478    00000020                                 : SysMin.oem4f (.text:xdc_runtime_SysMin_Module_startup__E)
                  00008498    0000001e     driverlib.lib : adc.obj (.text:ADCSequenceDataGet)
                  000084b6    0000001e                   : pwm.obj (.text:PWMPulseWidthSet)
                  000084d4    0000001e     empty_pem4f.oem4f (.text:ti_sysbios_BIOS_errorRaiseHook__I)
                  000084f2    0000001e     sysbios.aem4f : m3_Hwi_asm_switch.obj (.text:ti_sysbios_family_xxx_Hwi_switchAndRunFunc)
                  00008510    0000001c     RTOSPID.obj (.text:RTOSPIDSetSetting)
                  0000852c    0000001c     RTOSPID.obj (.text:RTOSPIDTuneD)
                  00008548    0000001c     RTOSPID.obj (.text:RTOSPIDTuneI)
                  00008564    0000001c     RTOSPID.obj (.text:RTOSPIDTuneP)
                  00008580    0000001c     RTOSBluetooth.obj (.text:RTOSWriteString)
                  0000859c    0000001c     driverlib.lib : uart.obj (.text:UARTDisable)
                  000085b8    0000001c     empty_pem4f.oem4f (.text:ti_sysbios_family_arm_m3_Hwi_Object__destruct__S)
                  000085d4    00000004     --HOLE-- [fill = 0]
                  000085d8    0000001c     sysbios.aem4f : BIOS.obj (.text:ti_sysbios_gates_GateMutex_Instance_init__E)
                  000085f4    0000001c     empty_pem4f.oem4f (.text:ti_sysbios_knl_Queue_Object__destruct__S)
                  00008610    0000001c     sysbios.aem4f : BIOS.obj (.text:ti_sysbios_knl_Task_enter__I)
                  0000862c    0000001c     ti.uia.loggers.aem4f : LoggerMin.oem4f (.text:ti_uia_loggers_LoggerMin_disable__E)
                  00008648    0000001c                          : LoggerMin.oem4f (.text:ti_uia_loggers_LoggerMin_enable__E)
                  00008664    0000001c     ti.targets.arm.rtsarm.aem4f : Error.oem4f (.text:xdc_runtime_Error_raiseX__E)
                  00008680    0000001c                                 : Memory.oem4f (.text:xdc_runtime_Memory_valloc__E)
                  0000869c    0000001c                                 : SysMin.oem4f (.text:xdc_runtime_SysMin_exit__E)
                  000086b8    0000001c                                 : System.oem4f (.text:xdc_runtime_System_abort__E)
                  000086d4    0000001c     empty_pem4f.oem4f (.text:xdc_runtime_System_sprintf__E)
                  000086f0    0000001a     empty_pem4f.oem4f (.text:ti_sysbios_family_arm_m3_Hwi_Handle__label__S)
                  0000870a    0000001a     empty_pem4f.oem4f (.text:ti_sysbios_gates_GateHwi_Handle__label__S)
                  00008724    0000001a     empty_pem4f.oem4f (.text:ti_sysbios_gates_GateMutex_Handle__label__S)
                  0000873e    0000001a     empty_pem4f.oem4f (.text:ti_sysbios_heaps_HeapMem_Handle__label__S)
                  00008758    0000001a     empty_pem4f.oem4f (.text:ti_sysbios_knl_Swi_Handle__label__S)
                  00008772    0000001a     empty_pem4f.oem4f (.text:ti_sysbios_knl_Task_Handle__label__S)
                  0000878c    00000004     --HOLE-- [fill = 0]
                  00008790    0000001a     sysbios.aem4f : BIOS.obj (.text:ti_sysbios_knl_Task_sleepTimeout__I)
                  000087aa    0000001a     empty_pem4f.oem4f (.text:ti_uia_loggers_LoggerMin_Handle__label__S)
                  000087c4    0000001a     empty_pem4f.oem4f (.text:xdc_runtime_System_aprintf__E)
                  000087de    0000001a     empty_pem4f.oem4f (.text:xdc_runtime_System_printf__E)
                  000087f8    00000018     driverlib.lib : adc.obj (.text:ADCProcessorTrigger)
                  00008810    00000018     main.obj (.text:Board_Init)
                  00008828    00000018     driverlib.lib : gpio.obj (.text:GPIOPinTypeGPIOOutput)
                  00008840    00000018     drivers_tivaware.aem4f : UART.oem4f (.text:UART_Params_init)
                  00008858    00000018     rtsv7M4_T_le_v4SPD16_eabi.lib : args_main.obj (.text)
                  00008870    00000018                                   : strcmp.obj (.text)
                  00008888    00000018     empty_pem4f.oem4f (.text:ti_sysbios_BIOS_rtsUnlock__I)
                  000088a0    00000018     empty_pem4f.oem4f (.text:ti_sysbios_family_arm_lm4_Timer_Module__startupDone__F)
                  000088b8    00000018     empty_pem4f.oem4f (.text:ti_sysbios_family_arm_m3_Hwi_Module__startupDone__F)
                  000088d0    00000018     sysbios.aem4f : m3_TaskSupport_asm.obj (.text:ti_sysbios_family_arm_m3_TaskSupport_swap__E)
                  000088e8    00000018                   : BIOS.obj (.text:ti_sysbios_gates_GateMutex_leave__E)
                  00008900    00000018     ti.uia.loggers.aem4f : LoggerMin.oem4f (.text:ti_uia_loggers_LoggerMin_Module_startup__E)
                  00008918    00000018     ti.targets.arm.rtsarm.aem4f : Error.oem4f (.text:xdc_runtime_Error_check__E)
                  00008930    00000018                                 : System.oem4f (.text:xdc_runtime_System_exit__E)
                  00008948    00000018                                 : Text.oem4f (.text:xdc_runtime_Text_ropeText__E)
                  00008960    00000016     empty_pem4f.oem4f (.text:ti_sysbios_BIOS_exitFunc__I)
                  00008976    00000016     RTOSBluetooth.obj (.text:ti_sysbios_knl_Semaphore_Params_init)
                  0000898c    00000016     RTOSFlashing.obj (.text:ti_sysbios_knl_Semaphore_Params_init)
                  000089a2    00000016     RTOSBluetooth.obj (.text:ti_sysbios_knl_Task_Params_init)
                  000089b8    00000016     RTOSFlashing.obj (.text:ti_sysbios_knl_Task_Params_init)
                  000089ce    00000016     ti.targets.arm.rtsarm.aem4f : System.oem4f (.text:xdc_runtime_System_vsprintf__E)
                  000089e4    00000014     RTOSBluetooth.obj (.text:RTOSBluetooth_ClockHandler)
                  000089f8    00000014     RTOSFlashing.obj (.text:RTOSFlashingSet)
                  00008a0c    00000014     RTOSFlashing.obj (.text:RTOSFlashing_ClockHandler)
                  00008a20    00000014     driverlib.lib : sysctl.obj (.text:SysCtlPWMClockSet)
                  00008a34    00000014                   : uart.obj (.text:UARTEnable)
                  00008a48    00000014     rtsv7M4_T_le_v4SPD16_eabi.lib : _lock.obj (.text)
                  00008a5c    00000014                                   : s_copysign.obj (.text)
                  00008a70    00000014                                   : strcpy.obj (.text)
                  00008a84    00000014                                   : strlen.obj (.text)
                  00008a98    00000014     empty_pem4f.oem4f (.text:ti_sysbios_family_arm_m3_Hwi_Object__get__S)
                  00008aac    00000004     --HOLE-- [fill = 0]
                  00008ab0    00000014     sysbios.aem4f : BIOS.obj (.text:ti_sysbios_family_arm_m3_Hwi_switchFromBootStack__E)
                  00008ac4    00000014     empty_pem4f.oem4f (.text:ti_sysbios_heaps_HeapMem_Object__get__S)
                  00008ad8    00000014     empty_pem4f.oem4f (.text:ti_sysbios_knl_Swi_Object__get__S)
                  00008aec    00000012     driverlib.lib : gpio.obj (.text:GPIOPinTypeADC)
                  00008afe    00000012                   : gpio.obj (.text:GPIOPinTypePWM)
                  00008b10    00000012                   : gpio.obj (.text:GPIOPinTypeUART)
                  00008b22    00000012                   : pwm.obj (.text:PWMOutputState)
                  00008b34    00000012     drivers_tivaware.aem4f : RingBuf.oem4f (.text:RingBuf_construct)
                  00008b46    00000002     --HOLE-- [fill = 0]
                  00008b48    00000012     sysbios.aem4f : BIOS.obj (.text:ti_sysbios_hal_Hwi_Module_startup__E)
                  00008b5a    00000012     empty_pem4f.oem4f (.text:xdc_runtime_Startup_exec__I)
                  00008b6c    00000010     driverlib.lib : pwm.obj (.text:PWMGenPeriodSet)
                  00008b7c    00000010     drivers_tivaware.aem4f : UARTTiva.oem4f (.text:readBlockingTimeout)
                  00008b8c    00000004     --HOLE-- [fill = 0]
                  00008b90    00000010     sysbios.aem4f : BIOS.obj (.text:ti_sysbios_BIOS_getCpuFreq__E)
                  00008ba0    00000010                   : BIOS.obj (.text:ti_sysbios_BIOS_setThreadType__E)
                  00008bb0    00000010                   : BIOS.obj (.text:ti_sysbios_BIOS_start__E)
                  00008bc0    00000010                   : BIOS.obj (.text:ti_sysbios_family_arm_lm4_TimestampProvider_rolloverFunc__E)
                  00008bd0    00000010                   : m3_TaskSupport_asm.obj (.text:ti_sysbios_family_arm_m3_TaskSupport_glue)
                  00008be0    00000010                   : BIOS.obj (.text:ti_sysbios_gates_GateMutex_Instance_finalize__E)
                  00008bf0    00000010                   : BIOS.obj (.text:ti_sysbios_knl_Semaphore_Instance_finalize__E)
                  00008c00    00000010                   : BIOS.obj (.text:ti_sysbios_knl_Swi_disable__E)
                  00008c10    00000010     empty_pem4f.oem4f (.text:ti_sysbios_knl_Task_Object__get__S)
                  00008c20    00000010     sysbios.aem4f : BIOS.obj (.text:ti_sysbios_knl_Task_disable__E)
                  00008c30    00000010     empty_pem4f.oem4f (.text:ti_uia_loggers_LoggerMin_genTimestamp__I)
                  00008c40    00000010     ti.targets.arm.rtsarm.aem4f : Gate.oem4f (.text:xdc_runtime_Gate_leaveSystem__E)
                  00008c50    00000010                                 : Memory.oem4f (.text:xdc_runtime_Memory_free__E)
                  00008c60    00000010                                 : SysMin.oem4f (.text:xdc_runtime_SysMin_ready__E)
                  00008c70    00000010                                 : System.oem4f (.text:xdc_runtime_System_vsnprintf__E)
                  00008c80    00000010     empty_pem4f.oem4f (.text:xdc_runtime_Text_visitRope__I)
                  00008c90    0000000e     driverlib.lib : adc.obj (.text:ADCSequenceDisable)
                  00008c9e    0000000e                   : adc.obj (.text:ADCSequenceEnable)
                  00008cac    0000000e                   : uart.obj (.text:UARTCharGetNonBlocking)
                  00008cba    0000000e                   : uart.obj (.text:UARTCharPutNonBlocking)
                  00008cc8    0000000e     rtsv7M4_T_le_v4SPD16_eabi.lib : copy_decompress_none.obj (.text:decompress:none)
                  00008cd6    0000000e     main.obj (.text:main)
                  00008ce4    00000004     --HOLE-- [fill = 0]
                  00008ce8    0000000e     sysbios.aem4f : BIOS.obj (.text:ti_sysbios_knl_Idle_loop__E)
                  00008cf6    00000002     --HOLE-- [fill = 0]
                  00008cf8    0000000e                   : BIOS.obj (.text:ti_sysbios_knl_Queue_empty__E)
                  00008d06    00000002     --HOLE-- [fill = 0]
                  00008d08    0000000c     empty_pem4f.oem4f (.text:.bootCodeSection:ti_catalog_arm_cortexm4_tiva_ce_Boot_init__I)
                  00008d14    0000000c     driverlib.lib : pwm.obj (.text:PWMGenEnable)
                  00008d20    0000000c     drivers_tivaware.aem4f : RingBuf.oem4f (.text:RingBuf_peek)
                  00008d2c    0000000c     driverlib.lib : uart.obj (.text:UARTFlowControlSet)
                  00008d38    0000000c     drivers_tivaware.aem4f : UARTTiva.oem4f (.text:UARTTiva_init)
                  00008d44    00000004     --HOLE-- [fill = 0]
                  00008d48    0000000c     sysbios.aem4f : BIOS.obj (.text:ti_sysbios_family_arm_lm4_Timer_getMaxTicks__E)
                  00008d54    00000004     --HOLE-- [fill = 0]
                  00008d58    0000000c                   : BIOS.obj (.text:ti_sysbios_family_arm_lm4_TimestampProvider_startTimer__E)
                  00008d64    0000000c     empty_pem4f.oem4f (.text:ti_sysbios_family_arm_m3_Hwi_Params__init__S)
                  00008d70    0000000c     sysbios.aem4f : BIOS.obj (.text:ti_sysbios_family_arm_m3_Hwi_disableFxn__E)
                  00008d7c    00000004     --HOLE-- [fill = 0]
                  00008d80    0000000c                   : BIOS.obj (.text:ti_sysbios_family_arm_m3_TaskSupport_checkStack__E)
                  00008d8c    00000004     --HOLE-- [fill = 0]
                  00008d90    0000000c                   : BIOS.obj (.text:ti_sysbios_family_arm_m3_TaskSupport_getStackAlignment__E)
                  00008d9c    00000004     --HOLE-- [fill = 0]
                  00008da0    0000000c                   : BIOS.obj (.text:ti_sysbios_gates_GateHwi_enter__E)
                  00008dac    0000000c     empty_pem4f.oem4f (.text:ti_sysbios_knl_Clock_Params__init__S)
                  00008db8    0000000c     empty_pem4f.oem4f (.text:ti_sysbios_knl_Queue_Object__get__S)
                  00008dc4    0000000c     empty_pem4f.oem4f (.text:ti_sysbios_knl_Semaphore_Params__init__S)
                  00008dd0    0000000c     RTOSBluetooth.obj (.text:ti_sysbios_knl_Semaphore_handle)
                  00008ddc    0000000c     RTOSFlashing.obj (.text:ti_sysbios_knl_Semaphore_handle)
                  00008de8    0000000c     empty_pem4f.oem4f (.text:ti_sysbios_knl_Task_Params__init__S)
                  00008df4    0000000c     ti.targets.arm.rtsarm.aem4f : Error.oem4f (.text:xdc_runtime_Error_init__E)
                  00008e00    0000000c                                 : Gate.oem4f (.text:xdc_runtime_Gate_enterSystem__E)
                  00008e0c    0000000c                                 : Memory.oem4f (.text:xdc_runtime_Memory_calloc__E)
                  00008e18    0000000c                                 : Memory.oem4f (.text:xdc_runtime_Memory_getMaxDefaultTypeAlign__E)
                  00008e24    0000000a     driverlib.lib : adc.obj (.text:ADCIntClear)
                  00008e2e    0000000a                   : uart.obj (.text:UARTCharGet)
                  00008e38    0000000a                   : uart.obj (.text:UARTCharPut)
                  00008e42    0000000a                   : uart.obj (.text:UARTIntDisable)
                  00008e4c    0000000a                   : uart.obj (.text:UARTIntStatus)
                  00008e56    0000000a     drivers_tivaware.aem4f : UART.oem4f (.text:UART_read)
                  00008e60    0000000a                            : UART.oem4f (.text:UART_write)
                  00008e6a    0000000a     empty_pem4f.oem4f (.text:xdc_runtime_IHeap_alloc)
                  00008e74    0000000a     empty_pem4f.oem4f (.text:xdc_runtime_IHeap_free)
                  00008e7e    00000008     driverlib.lib : uart.obj (.text:UARTIntEnable)
                  00008e86    00000008                   : uart.obj (.text:UARTRxErrorGet)
                  00008e8e    00000008     drivers_tivaware.aem4f : UARTTiva.oem4f (.text:readSemCallback)
                  00008e96    00000008     sysbios.aem4f : BIOS.obj (.text:ti_sysbios_family_arm_lm4_Timer_masterDisable__I)
                  00008e9e    00000002     --HOLE-- [fill = 0]
                  00008ea0    00000008                   : BIOS.obj (.text:ti_sysbios_family_arm_m3_Hwi_doSwiRestore__I)
                  00008ea8    00000008                   : BIOS.obj (.text:ti_sysbios_family_arm_m3_Hwi_startup__E)
                  00008eb0    00000008     drivers_tivaware.aem4f : UARTTiva.oem4f (.text:writeSemCallback)
                  00008eb8    00000006     rtsv7M4_T_le_v4SPD16_eabi.lib : copy_decompress_rle.obj (.text:decompress:rle24)
                  00008ebe    00000006     Boot.aem4f : Boot_sysctl.oem4f (.text:ti_catalog_arm_cortexm4_tiva_ce_Boot_sysCtlDelayI__I)
                  00008ec4    00000004     --HOLE-- [fill = 0]
                  00008ec8    00000006     sysbios.aem4f : BIOS.obj (.text:ti_sysbios_family_arm_lm4_TimestampProvider_Module_startup__E)
                  00008ece    00000002     --HOLE-- [fill = 0]
                  00008ed0    00000006                   : BIOS.obj (.text:ti_sysbios_family_arm_m3_Hwi_doTaskRestore__I)
                  00008ed6    00000002     --HOLE-- [fill = 0]
                  00008ed8    00000006                   : BIOS.obj (.text:ti_sysbios_family_arm_m3_Hwi_restoreFxn__E)
                  00008ede    00000002     --HOLE-- [fill = 0]
                  00008ee0    00000006                   : BIOS.obj (.text:ti_sysbios_gates_GateHwi_leave__E)
                  00008ee6    00000002     --HOLE-- [fill = 0]
                  00008ee8    00000006                   : BIOS.obj (.text:ti_sysbios_heaps_HeapMem_isBlocking__E)
                  00008eee    00000002     --HOLE-- [fill = 0]
                  00008ef0    00000006                   : BIOS.obj (.text:ti_sysbios_knl_Clock_stop__E)
                  00008ef6    00000002     --HOLE-- [fill = 0]
                  00008ef8    00000006                   : BIOS.obj (.text:ti_sysbios_knl_Queue_Instance_init__E)
                  00008efe    00000002     --HOLE-- [fill = 0]
                  00008f00    00000006                   : BIOS.obj (.text:ti_sysbios_knl_Swi_startup__E)
                  00008f06    00000006     ti.targets.arm.rtsarm.aem4f : System.oem4f (.text:xdc_runtime_System_Module_startup__E)
                  00008f0c    00000004     --HOLE-- [fill = 0]
                  00008f10    00000004     sysbios.aem4f : BIOS.obj (.text:ti_sysbios_family_arm_lm4_Timer_getPeriod__E)
                  00008f14    00000004     --HOLE-- [fill = 0]
                  00008f18    00000004                   : BIOS.obj (.text:ti_sysbios_gates_GateHwi_query__E)
                  00008f1c    00000004     --HOLE-- [fill = 0]
                  00008f20    00000004                   : BIOS.obj (.text:ti_sysbios_gates_GateMutex_query__E)
                  00008f24    00000004     --HOLE-- [fill = 0]
                  00008f28    00000004                   : BIOS.obj (.text:ti_sysbios_knl_Task_startup__E)
                  00008f2c    00000004     --HOLE-- [fill = 0]
                  00008f30    00000002                   : BIOS.obj (.text:ti_sysbios_gates_GateHwi_Instance_init__E)

.const     0    00008f38    0000290a     
                  00008f38    00001f26     empty_pem4f.oem4f (.const:xdc_runtime_Text_charTab__A)
                  0000ae5e    00000101     rtsv7M4_T_le_v4SPD16_eabi.lib : ctype.obj (.const:.string:_ctypes_)
                  0000af5f    00000001     empty_pem4f.oem4f (.const:xdc_runtime_Error_policy__C)
                  0000af60    000000f4     empty_pem4f.oem4f (.const:xdc_runtime_Text_nodeTab__A)
                  0000b054    00000090     driverlib.lib : gpio.obj (.const:g_pui32GPIOBaseAddrs)
                  0000b0e4    0000004c     drivers_tivaware.aem4f : UARTTiva.oem4f (.const)
                  0000b130    00000048     empty_pem4f.oem4f (.const:.string)
                  0000b178    0000003c     empty_pem4f.oem4f (.const:ti_sysbios_knl_Task_Object__PARAMS__C)
                  0000b1b4    00000034     empty_pem4f.oem4f (.const:ti_uia_loggers_LoggerMin_Module__FXNS__C)
                  0000b1e8    00000030     rtsv7M4_T_le_v4SPD16_eabi.lib : e_pow.obj (.const:$O1$$)
                  0000b218    00000030     empty_pem4f.oem4f (.const:ti_sysbios_family_arm_m3_Hwi_Object__PARAMS__C)
                  0000b248    00000028     drivers_tivaware.aem4f : UARTTiva.oem4f (.const:UARTTiva_fxnTable)
                  0000b270    00000028     empty_pem4f.oem4f (.const:ti_sysbios_heaps_HeapMem_Module__FXNS__C)
                  0000b298    00000028     empty_pem4f.oem4f (.const:xdc_runtime_Startup_sfxnTab__A)
                  0000b2c0    00000024     drivers_tivaware.aem4f : UART.oem4f (.const:UART_defaultParams)
                  0000b2e4    00000024     RTOSBluetooth.obj (.const:rtosbtconfig)
                  0000b308    00000024     empty_pem4f.oem4f (.const:ti_sysbios_gates_GateHwi_Module__FXNS__C)
                  0000b32c    00000024     empty_pem4f.oem4f (.const:ti_sysbios_gates_GateMutex_Module__FXNS__C)
                  0000b350    00000024     empty_pem4f.oem4f (.const:ti_sysbios_heaps_HeapMem_Object__PARAMS__C)
                  0000b374    00000024     empty_pem4f.oem4f (.const:ti_sysbios_knl_Clock_Object__PARAMS__C)
                  0000b398    00000024     empty_pem4f.oem4f (.const:ti_sysbios_knl_Semaphore_Object__PARAMS__C)
                  0000b3bc    00000020     empty_pem4f.oem4f (.const:ti_sysbios_family_arm_m3_Hwi_Object__DESC__C)
                  0000b3dc    00000020     empty_pem4f.oem4f (.const:ti_sysbios_gates_GateHwi_Object__DESC__C)
                  0000b3fc    00000020     empty_pem4f.oem4f (.const:ti_sysbios_gates_GateMutex_Object__DESC__C)
                  0000b41c    00000020     empty_pem4f.oem4f (.const:ti_sysbios_heaps_HeapMem_Object__DESC__C)
                  0000b43c    00000020     empty_pem4f.oem4f (.const:ti_sysbios_knl_Clock_Object__DESC__C)
                  0000b45c    00000020     empty_pem4f.oem4f (.const:ti_sysbios_knl_Queue_Object__DESC__C)
                  0000b47c    00000020     empty_pem4f.oem4f (.const:ti_sysbios_knl_Semaphore_Object__DESC__C)
                  0000b49c    00000020     empty_pem4f.oem4f (.const:ti_sysbios_knl_Task_Object__DESC__C)
                  0000b4bc    00000020     empty_pem4f.oem4f (.const:ti_uia_loggers_LoggerMin_Object__DESC__C)
                  0000b4dc    00000018     RTOSBluetooth.obj (.const:UART_config)
                  0000b4f4    00000018     empty_pem4f.oem4f (.const:ti_sysbios_gates_GateHwi_Object__PARAMS__C)
                  0000b50c    00000018     empty_pem4f.oem4f (.const:ti_sysbios_gates_GateMutex_Object__PARAMS__C)
                  0000b524    00000018     empty_pem4f.oem4f (.const:ti_sysbios_knl_Queue_Object__PARAMS__C)
                  0000b53c    00000018     empty_pem4f.oem4f (.const:ti_uia_loggers_LoggerMin_Object__PARAMS__C)
                  0000b554    00000018     RTOSBluetooth.obj (.const:uartTivaHWAttrs)
                  0000b56c    00000014     empty_pem4f.oem4f (.const:xdc_runtime_Startup_firstFxns__A)
                  0000b580    00000014     empty_pem4f.oem4f (.const:xdc_runtime_Startup_sfxnRts__A)
                  0000b594    00000008     empty_pem4f.oem4f (.const:ti_sysbios_family_arm_m3_Hwi_excHookFuncs__A)
                  0000b59c    00000008     empty_pem4f.oem4f (.const:ti_sysbios_knl_Idle_funcList__C)
                  0000b5a4    00000008     empty_pem4f.oem4f (.const:xdc_runtime_Startup_firstFxns__C)
                  0000b5ac    00000008     empty_pem4f.oem4f (.const:xdc_runtime_Startup_lastFxns__C)
                  0000b5b4    00000006     RTOSFlashing.obj (.const:$P$T3$1)
                  0000b5ba    00000006     RTOSFlashing.obj (.const:$P$T4$2)
                  0000b5c0    00000006     RTOSFlashing.obj (.const:$P$T5$3)
                  0000b5c6    00000002     empty_pem4f.oem4f (.const:ti_catalog_arm_cortexm4_tiva_ce_Boot_Module__id__C)
                  0000b5c8    00000004     empty_pem4f.oem4f (.const:ti_catalog_arm_cortexm4_tiva_ce_Boot_A_mustUseEnhancedClockMode__C)
                  0000b5cc    00000004     empty_pem4f.oem4f (.const:ti_catalog_arm_cortexm4_tiva_ce_Boot_Module__diagsEnabled__C)
                  0000b5d0    00000004     empty_pem4f.oem4f (.const:ti_catalog_arm_cortexm4_tiva_ce_Boot_Module__diagsIncluded__C)
                  0000b5d4    00000004     empty_pem4f.oem4f (.const:ti_catalog_arm_cortexm4_tiva_ce_Boot_Module__diagsMask__C)
                  0000b5d8    00000004     empty_pem4f.oem4f (.const:ti_sysbios_family_arm_lm4_Timer_enableFunc__C)
                  0000b5dc    00000004     empty_pem4f.oem4f (.const:ti_sysbios_family_arm_lm4_Timer_numTimerDevices__C)
                  0000b5e0    00000004     empty_pem4f.oem4f (.const:ti_sysbios_family_arm_lm4_Timer_startupNeeded__C)
                  0000b5e4    00000004     empty_pem4f.oem4f (.const:ti_sysbios_family_arm_m3_Hwi_E_NMI__C)
                  0000b5e8    00000004     empty_pem4f.oem4f (.const:ti_sysbios_family_arm_m3_Hwi_E_alreadyDefined__C)
                  0000b5ec    00000004     empty_pem4f.oem4f (.const:ti_sysbios_family_arm_m3_Hwi_E_busFault__C)
                  0000b5f0    00000004     empty_pem4f.oem4f (.const:ti_sysbios_family_arm_m3_Hwi_E_debugMon__C)
                  0000b5f4    00000004     empty_pem4f.oem4f (.const:ti_sysbios_family_arm_m3_Hwi_E_hardFault__C)
                  0000b5f8    00000004     empty_pem4f.oem4f (.const:ti_sysbios_family_arm_m3_Hwi_E_memFault__C)
                  0000b5fc    00000004     empty_pem4f.oem4f (.const:ti_sysbios_family_arm_m3_Hwi_E_noIsr__C)
                  0000b600    00000004     empty_pem4f.oem4f (.const:ti_sysbios_family_arm_m3_Hwi_E_reserved__C)
                  0000b604    00000004     empty_pem4f.oem4f (.const:ti_sysbios_family_arm_m3_Hwi_E_svCall__C)
                  0000b608    00000004     empty_pem4f.oem4f (.const:ti_sysbios_family_arm_m3_Hwi_E_usageFault__C)
                  0000b60c    00000004     empty_pem4f.oem4f (.const:ti_sysbios_family_arm_m3_Hwi_LD_end__C)
                  0000b610    00000004     empty_pem4f.oem4f (.const:ti_sysbios_family_arm_m3_Hwi_LM_begin__C)
                  0000b614    00000004     empty_pem4f.oem4f (.const:ti_sysbios_family_arm_m3_Hwi_Module__diagsEnabled__C)
                  0000b618    00000004     empty_pem4f.oem4f (.const:ti_sysbios_family_arm_m3_Hwi_Module__diagsIncluded__C)
                  0000b61c    00000004     empty_pem4f.oem4f (.const:ti_sysbios_family_arm_m3_Hwi_Module__diagsMask__C)
                  0000b620    00000004     empty_pem4f.oem4f (.const:ti_sysbios_family_arm_m3_Hwi_Module__loggerFxn1__C)
                  0000b624    00000004     empty_pem4f.oem4f (.const:ti_sysbios_family_arm_m3_Hwi_Module__loggerFxn8__C)
                  0000b628    00000004     empty_pem4f.oem4f (.const:ti_sysbios_family_arm_m3_Hwi_Module__loggerObj__C)
                  0000b62c    00000004     empty_pem4f.oem4f (.const:ti_sysbios_family_arm_m3_Hwi_NUM_INTERRUPTS__C)
                  0000b630    00000004     empty_pem4f.oem4f (.const:ti_sysbios_family_arm_m3_Hwi_Object__count__C)
                  0000b634    00000004     empty_pem4f.oem4f (.const:ti_sysbios_family_arm_m3_Hwi_ccr__C)
                  0000b638    00000004     empty_pem4f.oem4f (.const:ti_sysbios_family_arm_m3_Hwi_excHandlerFunc__C)
                  0000b63c    00000004     empty_pem4f.oem4f (.const:ti_sysbios_family_arm_m3_Hwi_excHookFuncs__C)
                  0000b640    00000004     empty_pem4f.oem4f (.const:ti_sysbios_family_arm_m3_Hwi_nullIsrFunc__C)
                  0000b644    00000004     empty_pem4f.oem4f (.const:ti_sysbios_family_arm_m3_Hwi_priGroup__C)
                  0000b648    00000004     empty_pem4f.oem4f (.const:ti_sysbios_family_arm_m3_TaskSupport_stackAlignment__C)
                  0000b64c    00000004     empty_pem4f.oem4f (.const:ti_sysbios_gates_GateMutex_A_badContext__C)
                  0000b650    00000004     empty_pem4f.oem4f (.const:ti_sysbios_gates_GateMutex_Instance_State_sem__O)
                  0000b654    00000004     empty_pem4f.oem4f (.const:ti_sysbios_gates_GateMutex_Module__diagsEnabled__C)
                  0000b658    00000004     empty_pem4f.oem4f (.const:ti_sysbios_gates_GateMutex_Module__diagsIncluded__C)
                  0000b65c    00000004     empty_pem4f.oem4f (.const:ti_sysbios_gates_GateMutex_Module__diagsMask__C)
                  0000b660    00000004     empty_pem4f.oem4f (.const:ti_sysbios_hal_Hwi_E_stackOverflow__C)
                  0000b664    00000004     empty_pem4f.oem4f (.const:ti_sysbios_heaps_HeapMem_A_align__C)
                  0000b668    00000004     empty_pem4f.oem4f (.const:ti_sysbios_heaps_HeapMem_A_heapSize__C)
                  0000b66c    00000004     empty_pem4f.oem4f (.const:ti_sysbios_heaps_HeapMem_A_invalidFree__C)
                  0000b670    00000004     empty_pem4f.oem4f (.const:ti_sysbios_heaps_HeapMem_A_zeroBlock__C)
                  0000b674    00000004     empty_pem4f.oem4f (.const:ti_sysbios_heaps_HeapMem_E_memory__C)
                  0000b678    00000004     empty_pem4f.oem4f (.const:ti_sysbios_heaps_HeapMem_Module__diagsEnabled__C)
                  0000b67c    00000004     empty_pem4f.oem4f (.const:ti_sysbios_heaps_HeapMem_Module__diagsIncluded__C)
                  0000b680    00000004     empty_pem4f.oem4f (.const:ti_sysbios_heaps_HeapMem_Module__diagsMask__C)
                  0000b684    00000004     empty_pem4f.oem4f (.const:ti_sysbios_heaps_HeapMem_Module__gateObj__C)
                  0000b688    00000004     empty_pem4f.oem4f (.const:ti_sysbios_heaps_HeapMem_Object__count__C)
                  0000b68c    00000004     empty_pem4f.oem4f (.const:ti_sysbios_heaps_HeapMem_reqAlign__C)
                  0000b690    00000004     empty_pem4f.oem4f (.const:ti_sysbios_knl_Clock_A_badThreadType__C)
                  0000b694    00000004     empty_pem4f.oem4f (.const:ti_sysbios_knl_Clock_LM_begin__C)
                  0000b698    00000004     empty_pem4f.oem4f (.const:ti_sysbios_knl_Clock_LM_tick__C)
                  0000b69c    00000004     empty_pem4f.oem4f (.const:ti_sysbios_knl_Clock_LW_delayed__C)
                  0000b6a0    00000004     empty_pem4f.oem4f (.const:ti_sysbios_knl_Clock_Module_State_clockQ__O)
                  0000b6a4    00000004     empty_pem4f.oem4f (.const:ti_sysbios_knl_Clock_Module__diagsEnabled__C)
                  0000b6a8    00000004     empty_pem4f.oem4f (.const:ti_sysbios_knl_Clock_Module__diagsIncluded__C)
                  0000b6ac    00000004     empty_pem4f.oem4f (.const:ti_sysbios_knl_Clock_Module__diagsMask__C)
                  0000b6b0    00000004     empty_pem4f.oem4f (.const:ti_sysbios_knl_Clock_Module__loggerFxn1__C)
                  0000b6b4    00000004     empty_pem4f.oem4f (.const:ti_sysbios_knl_Clock_Module__loggerFxn2__C)
                  0000b6b8    00000004     empty_pem4f.oem4f (.const:ti_sysbios_knl_Clock_Module__loggerObj__C)
                  0000b6bc    00000004     empty_pem4f.oem4f (.const:ti_sysbios_knl_Idle_funcList__A)
                  0000b6c0    00000004     empty_pem4f.oem4f (.const:ti_sysbios_knl_Semaphore_A_badContext__C)
                  0000b6c4    00000004     empty_pem4f.oem4f (.const:ti_sysbios_knl_Semaphore_A_noEvents__C)
                  0000b6c8    00000004     empty_pem4f.oem4f (.const:ti_sysbios_knl_Semaphore_A_overflow__C)
                  0000b6cc    00000004     empty_pem4f.oem4f (.const:ti_sysbios_knl_Semaphore_A_pendTaskDisabled__C)
                  0000b6d0    00000004     empty_pem4f.oem4f (.const:ti_sysbios_knl_Semaphore_Instance_State_pendQ__O)
                  0000b6d4    00000004     empty_pem4f.oem4f (.const:ti_sysbios_knl_Semaphore_LM_pend__C)
                  0000b6d8    00000004     empty_pem4f.oem4f (.const:ti_sysbios_knl_Semaphore_LM_post__C)
                  0000b6dc    00000004     empty_pem4f.oem4f (.const:ti_sysbios_knl_Semaphore_Module__diagsEnabled__C)
                  0000b6e0    00000004     empty_pem4f.oem4f (.const:ti_sysbios_knl_Semaphore_Module__diagsIncluded__C)
                  0000b6e4    00000004     empty_pem4f.oem4f (.const:ti_sysbios_knl_Semaphore_Module__diagsMask__C)
                  0000b6e8    00000004     empty_pem4f.oem4f (.const:ti_sysbios_knl_Semaphore_Module__loggerFxn2__C)
                  0000b6ec    00000004     empty_pem4f.oem4f (.const:ti_sysbios_knl_Semaphore_Module__loggerFxn4__C)
                  0000b6f0    00000004     empty_pem4f.oem4f (.const:ti_sysbios_knl_Semaphore_Module__loggerObj__C)
                  0000b6f4    00000004     empty_pem4f.oem4f (.const:ti_sysbios_knl_Swi_LD_end__C)
                  0000b6f8    00000004     empty_pem4f.oem4f (.const:ti_sysbios_knl_Swi_LM_begin__C)
                  0000b6fc    00000004     empty_pem4f.oem4f (.const:ti_sysbios_knl_Swi_LM_post__C)
                  0000b700    00000004     empty_pem4f.oem4f (.const:ti_sysbios_knl_Swi_Module__diagsEnabled__C)
                  0000b704    00000004     empty_pem4f.oem4f (.const:ti_sysbios_knl_Swi_Module__diagsIncluded__C)
                  0000b708    00000004     empty_pem4f.oem4f (.const:ti_sysbios_knl_Swi_Module__diagsMask__C)
                  0000b70c    00000004     empty_pem4f.oem4f (.const:ti_sysbios_knl_Swi_Module__loggerFxn1__C)
                  0000b710    00000004     empty_pem4f.oem4f (.const:ti_sysbios_knl_Swi_Module__loggerFxn4__C)
                  0000b714    00000004     empty_pem4f.oem4f (.const:ti_sysbios_knl_Swi_Module__loggerObj__C)
                  0000b718    00000004     empty_pem4f.oem4f (.const:ti_sysbios_knl_Swi_Object__count__C)
                  0000b71c    00000004     empty_pem4f.oem4f (.const:ti_sysbios_knl_Task_A_badPriority__C)
                  0000b720    00000004     empty_pem4f.oem4f (.const:ti_sysbios_knl_Task_A_badTaskState__C)
                  0000b724    00000004     empty_pem4f.oem4f (.const:ti_sysbios_knl_Task_A_badThreadType__C)
                  0000b728    00000004     empty_pem4f.oem4f (.const:ti_sysbios_knl_Task_A_badTimeout__C)
                  0000b72c    00000004     empty_pem4f.oem4f (.const:ti_sysbios_knl_Task_A_noPendElem__C)
                  0000b730    00000004     empty_pem4f.oem4f (.const:ti_sysbios_knl_Task_A_sleepTaskDisabled__C)
                  0000b734    00000004     empty_pem4f.oem4f (.const:ti_sysbios_knl_Task_E_spOutOfBounds__C)
                  0000b738    00000004     empty_pem4f.oem4f (.const:ti_sysbios_knl_Task_E_stackOverflow__C)
                  0000b73c    00000004     empty_pem4f.oem4f (.const:ti_sysbios_knl_Task_LD_block__C)
                  0000b740    00000004     empty_pem4f.oem4f (.const:ti_sysbios_knl_Task_LD_exit__C)
                  0000b744    00000004     empty_pem4f.oem4f (.const:ti_sysbios_knl_Task_LD_ready__C)
                  0000b748    00000004     empty_pem4f.oem4f (.const:ti_sysbios_knl_Task_LM_sleep__C)
                  0000b74c    00000004     empty_pem4f.oem4f (.const:ti_sysbios_knl_Task_LM_switch__C)
                  0000b750    00000004     empty_pem4f.oem4f (.const:ti_sysbios_knl_Task_Module_State_inactiveQ__O)
                  0000b754    00000004     empty_pem4f.oem4f (.const:ti_sysbios_knl_Task_Module__diagsEnabled__C)
                  0000b758    00000004     empty_pem4f.oem4f (.const:ti_sysbios_knl_Task_Module__diagsIncluded__C)
                  0000b75c    00000004     empty_pem4f.oem4f (.const:ti_sysbios_knl_Task_Module__diagsMask__C)
                  0000b760    00000004     empty_pem4f.oem4f (.const:ti_sysbios_knl_Task_Module__loggerFxn2__C)
                  0000b764    00000004     empty_pem4f.oem4f (.const:ti_sysbios_knl_Task_Module__loggerFxn4__C)
                  0000b768    00000004     empty_pem4f.oem4f (.const:ti_sysbios_knl_Task_Module__loggerObj__C)
                  0000b76c    00000004     empty_pem4f.oem4f (.const:ti_sysbios_knl_Task_Object__count__C)
                  0000b770    00000004     empty_pem4f.oem4f (.const:ti_sysbios_knl_Task_allBlockedFunc__C)
                  0000b774    00000004     empty_pem4f.oem4f (.const:ti_sysbios_knl_Task_defaultStackHeap__C)
                  0000b778    00000004     empty_pem4f.oem4f (.const:ti_sysbios_knl_Task_defaultStackSize__C)
                  0000b77c    00000004     empty_pem4f.oem4f (.const:ti_sysbios_knl_Task_numConstructedTasks__C)
                  0000b780    00000004     empty_pem4f.oem4f (.const:xdc_runtime_Assert_E_assertFailed__C)
                  0000b784    00000004     empty_pem4f.oem4f (.const:xdc_runtime_Core_A_initializedParams__C)
                  0000b788    00000004     empty_pem4f.oem4f (.const:xdc_runtime_Core_Module__diagsEnabled__C)
                  0000b78c    00000004     empty_pem4f.oem4f (.const:xdc_runtime_Core_Module__diagsIncluded__C)
                  0000b790    00000004     empty_pem4f.oem4f (.const:xdc_runtime_Core_Module__diagsMask__C)
                  0000b794    00000004     empty_pem4f.oem4f (.const:xdc_runtime_Error_E_memory__C)
                  0000b798    00000004     empty_pem4f.oem4f (.const:xdc_runtime_Error_Module__diagsEnabled__C)
                  0000b79c    00000004     empty_pem4f.oem4f (.const:xdc_runtime_Error_Module__diagsIncluded__C)
                  0000b7a0    00000004     empty_pem4f.oem4f (.const:xdc_runtime_Error_Module__diagsMask__C)
                  0000b7a4    00000004     empty_pem4f.oem4f (.const:xdc_runtime_Error_Module__loggerFxn8__C)
                  0000b7a8    00000004     empty_pem4f.oem4f (.const:xdc_runtime_Error_Module__loggerObj__C)
                  0000b7ac    00000004     empty_pem4f.oem4f (.const:xdc_runtime_Error_policyFxn__C)
                  0000b7b0    00000004     empty_pem4f.oem4f (.const:xdc_runtime_Error_raiseHook__C)
                  0000b7b4    00000004     empty_pem4f.oem4f (.const:xdc_runtime_IGateProvider_Interface__BASE__C)
                  0000b7b8    00000004     empty_pem4f.oem4f (.const:xdc_runtime_IHeap_Interface__BASE__C)
                  0000b7bc    00000004     empty_pem4f.oem4f (.const:xdc_runtime_ILogger_Interface__BASE__C)
                  0000b7c0    00000004     empty_pem4f.oem4f (.const:xdc_runtime_IModule_Interface__BASE__C)
                  0000b7c4    00000004     empty_pem4f.oem4f (.const:xdc_runtime_Log_L_error__C)
                  0000b7c8    00000004     empty_pem4f.oem4f (.const:xdc_runtime_Memory_defaultHeapInstance__C)
                  0000b7cc    00000004     empty_pem4f.oem4f (.const:xdc_runtime_Startup_execImpl__C)
                  0000b7d0    00000004     empty_pem4f.oem4f (.const:xdc_runtime_Startup_lastFxns__A)
                  0000b7d4    00000004     empty_pem4f.oem4f (.const:xdc_runtime_Startup_maxPasses__C)
                  0000b7d8    00000004     empty_pem4f.oem4f (.const:xdc_runtime_Startup_sfxnRts__C)
                  0000b7dc    00000004     empty_pem4f.oem4f (.const:xdc_runtime_Startup_sfxnTab__C)
                  0000b7e0    00000004     empty_pem4f.oem4f (.const:xdc_runtime_SysMin_bufSize__C)
                  0000b7e4    00000004     empty_pem4f.oem4f (.const:xdc_runtime_SysMin_outputFunc__C)
                  0000b7e8    00000004     empty_pem4f.oem4f (.const:xdc_runtime_System_Module__gateObj__C)
                  0000b7ec    00000004     empty_pem4f.oem4f (.const:xdc_runtime_System_abortFxn__C)
                  0000b7f0    00000004     empty_pem4f.oem4f (.const:xdc_runtime_System_exitFxn__C)
                  0000b7f4    00000004     empty_pem4f.oem4f (.const:xdc_runtime_System_extendFxn__C)
                  0000b7f8    00000004     empty_pem4f.oem4f (.const:xdc_runtime_System_maxAtexitHandlers__C)
                  0000b7fc    00000004     empty_pem4f.oem4f (.const:xdc_runtime_Text_charTab__C)
                  0000b800    00000004     empty_pem4f.oem4f (.const:xdc_runtime_Text_nameEmpty__C)
                  0000b804    00000004     empty_pem4f.oem4f (.const:xdc_runtime_Text_nameStatic__C)
                  0000b808    00000004     empty_pem4f.oem4f (.const:xdc_runtime_Text_nameUnknown__C)
                  0000b80c    00000004     empty_pem4f.oem4f (.const:xdc_runtime_Text_nodeTab__C)
                  0000b810    00000004     empty_pem4f.oem4f (.const:xdc_runtime_Text_visitRopeFxn__C)
                  0000b814    00000002     empty_pem4f.oem4f (.const:ti_sysbios_family_arm_lm4_TimestampProvider_useClockTimer__C)
                  0000b816    00000002     empty_pem4f.oem4f (.const:ti_sysbios_family_arm_m3_Hwi_Module__id__C)
                  0000b818    00000002     empty_pem4f.oem4f (.const:ti_sysbios_family_arm_m3_Hwi_Module__loggerDefined__C)
                  0000b81a    00000002     empty_pem4f.oem4f (.const:ti_sysbios_gates_GateMutex_Module__id__C)
                  0000b81c    00000002     empty_pem4f.oem4f (.const:ti_sysbios_hal_Hwi_Module__id__C)
                  0000b81e    00000002     empty_pem4f.oem4f (.const:ti_sysbios_heaps_HeapMem_Module__id__C)
                  0000b820    00000002     empty_pem4f.oem4f (.const:ti_sysbios_knl_Clock_Module__id__C)
                  0000b822    00000002     empty_pem4f.oem4f (.const:ti_sysbios_knl_Clock_Module__loggerDefined__C)
                  0000b824    00000002     empty_pem4f.oem4f (.const:ti_sysbios_knl_Semaphore_Module__id__C)
                  0000b826    00000002     empty_pem4f.oem4f (.const:ti_sysbios_knl_Semaphore_Module__loggerDefined__C)
                  0000b828    00000002     empty_pem4f.oem4f (.const:ti_sysbios_knl_Swi_Module__id__C)
                  0000b82a    00000002     empty_pem4f.oem4f (.const:ti_sysbios_knl_Swi_Module__loggerDefined__C)
                  0000b82c    00000002     empty_pem4f.oem4f (.const:ti_sysbios_knl_Task_Module__id__C)
                  0000b82e    00000002     empty_pem4f.oem4f (.const:ti_sysbios_knl_Task_Module__loggerDefined__C)
                  0000b830    00000002     empty_pem4f.oem4f (.const:xdc_runtime_Core_Module__id__C)
                  0000b832    00000002     empty_pem4f.oem4f (.const:xdc_runtime_Error_Module__loggerDefined__C)
                  0000b834    00000002     empty_pem4f.oem4f (.const:xdc_runtime_Error_maxDepth__C)
                  0000b836    00000002     empty_pem4f.oem4f (.const:xdc_runtime_Memory_Module__id__C)
                  0000b838    00000002     empty_pem4f.oem4f (.const:xdc_runtime_SysMin_flushAtExit__C)
                  0000b83a    00000002     empty_pem4f.oem4f (.const:xdc_runtime_Text_charCnt__C)
                  0000b83c    00000002     empty_pem4f.oem4f (.const:xdc_runtime_Text_isLoaded__C)
                  0000b83e    00000002     empty_pem4f.oem4f (.const:xdc_runtime_Text_registryModsLastId__C)
                  0000b840    00000002     empty_pem4f.oem4f (.const:xdc_runtime_Text_unnamedModsLastId__C)

.cinit     0    0000b848    00000404     
                  0000b848    000003c6     (.cinit..data.load) [load image, compression = rle]
                  0000bc0e    00000002     --HOLE-- [fill = 0]
                  0000bc10    0000000b     (.cinit..bss.load) [load image, compression = rle]
                  0000bc1b    00000005     --HOLE-- [fill = 0]
                  0000bc20    0000000b     (.cinit..vecs.load) [load image, compression = rle]
                  0000bc2b    00000001     --HOLE-- [fill = 0]
                  0000bc2c    00000008     (__TI_handler_table)
                  0000bc34    00000018     (__TI_cinit_table)

.init_array 
*          0    00000000    00000000     UNINITIALIZED

.resetVecs 
*          0    00000000    0000003c     
                  00000000    0000003c     empty_pem4f.oem4f (.resetVecs)

.vecs      0    20000000    00000360     UNINITIALIZED
                  20000000    00000360     empty_pem4f.oem4f (.vecs)

.bss       0    20000360    0000169a     UNINITIALIZED
                  20000360    00000360     (.common:ti_sysbios_family_arm_m3_Hwi_dispatchTable)
                  200006c0    00000300     (.common:ti_sysbios_heaps_HeapMem_Instance_State_0_buf__A)
                  200009c0    00000200     empty_pem4f.oem4f (.bss:taskStackSection)
                  20000bc0    00000200     (.common:RTOSBT_RXTaskStack)
                  20000dc0    00000200     (.common:RTOSBT_TXTaskStack)
                  20000fc0    00000200     (.common:RTOSFlashingTaskStack)
                  200011c0    00000200     (.common:ti_uia_loggers_LoggerMin_Module_State_0_packetBuffer__A)
                  200013c0    00000120     rtsv7M4_T_le_v4SPD16_eabi.lib : trgmsg.obj (.bss:_CIOBUF_)
                  200014e0    00000100     (.common:RTOSCommanderOutString)
                  200015e0    000000cc     (.common:uartTivaObjects)
                  200016ac    00000080     (.common:xdc_runtime_SysMin_Module_State_0_outbuf__A)
                  2000172c    00000050     (.common:RTOSBT_RXTaskStruct)
                  2000177c    00000050     (.common:RTOSBT_TXTaskStruct)
                  200017cc    00000050     (.common:RTOSFlashingtask0)
                  2000181c    00000050     (.common:RTOSPIDSetting)
                  2000186c    0000003c     (.common:RTOSBT_RXTaskParams)
                  200018a8    0000003c     (.common:RTOSBT_TXTaskParams)
                  200018e4    00000020     RTOSBluetooth.obj (.bss:RTOSBT_Command)
                  20001904    00000020     (.common:RTOSCommander_Raw)
                  20001924    00000020     (.common:uartTivaRingBuffer)
                  20001944    0000001c     (.common:RTOSBT_RXSemStruct)
                  20001960    0000001c     (.common:RTOSBT_TXSemStruct)
                  2000197c    0000001c     (.common:RTOSFlashingStructSem)
                  20001998    0000000c     (.common:RTOSCommanderTemp)
                  200019a4    0000000c     (.common:RTOSCommanderTempU)
                  200019b0    00000008     rtsv7M4_T_le_v4SPD16_eabi.lib : trgdrv.obj (.bss:parmbuf)
                  200019b8    00000004     (.common:PIDError)
                  200019bc    00000004     (.common:PIDPWMAdjust)
                  200019c0    00000004     (.common:PIDPreError)
                  200019c4    00000004     (.common:RTOSBT_RXSem)
                  200019c8    00000004     (.common:RTOSBT_TXSem)
                  200019cc    00000004     (.common:RTOSBT_Uart)
                  200019d0    00000004     (.common:RTOSBT_WriteString)
                  200019d4    00000004     (.common:RTOSCommander_token)
                  200019d8    00000004     (.common:RTOSDistanceFront)
                  200019dc    00000004     (.common:RTOSDistanceRight)
                  200019e0    00000004     (.common:RTOSDistanceRightTemp)
                  200019e4    00000004     (.common:RTOSDistanceRightVol)
                  200019e8    00000004     (.common:RTOSFlashingSem)
                  200019ec    00000004     (.common:temp_d)
                  200019f0    00000004     (.common:temp_i)
                  200019f4    00000004     (.common:temp_p)
                  200019f8    00000002     (.common:RTOSILoop)

.data      0    200019fc    00000512     UNINITIALIZED
                  200019fc    00000080     empty_pem4f.oem4f (.data:ti_sysbios_family_arm_lm4_Timer_Object__table__V)
                  20001a7c    00000080     empty_pem4f.oem4f (.data:ti_sysbios_knl_Swi_Module_State_0_readyQ__A)
                  20001afc    00000080     empty_pem4f.oem4f (.data:ti_sysbios_knl_Task_Module_State_0_readyQ__A)
                  20001b7c    00000060     empty_pem4f.oem4f (.data:ti_sysbios_knl_Clock_Object__table__V)
                  20001bdc    0000004c     empty_pem4f.oem4f (.data:ti_sysbios_knl_Task_Object__table__V)
                  20001c28    00000044     empty_pem4f.oem4f (.data:ti_sysbios_knl_Task_Module__state__V)
                  20001c6c    00000038     empty_pem4f.oem4f (.data:ti_sysbios_gates_GateMutex_Object__table__V)
                  20001ca4    00000034     empty_pem4f.oem4f (.data:ti_sysbios_family_arm_m3_Hwi_Module__state__V)
                  20001cd8    00000030     empty_pem4f.oem4f (.data:ti_sysbios_family_arm_lm4_Timer_Module_State_0_device__A)
                  20001d08    00000030     empty_pem4f.oem4f (.data:ti_sysbios_family_arm_m3_Hwi_Object__table__V)
                  20001d38    00000030     empty_pem4f.oem4f (.data:ti_sysbios_knl_Swi_Object__table__V)
                  20001d68    0000002c     empty_pem4f.oem4f (.data:ti_sysbios_knl_Clock_Module__state__V)
                  20001d94    00000024     empty_pem4f.oem4f (.data:ti_sysbios_BIOS_Module__state__V)
                  20001db8    00000020     empty_pem4f.oem4f (.data:ti_uia_loggers_LoggerMin_Module__state__V)
                  20001dd8    0000001c     empty_pem4f.oem4f (.data:ti_sysbios_knl_Swi_Module__state__V)
                  20001df4    00000018     empty_pem4f.oem4f (.data:ti_sysbios_family_arm_lm4_Timer_Module_State_0_handles__A)
                  20001e0c    00000018     empty_pem4f.oem4f (.data:ti_sysbios_heaps_HeapMem_Object__table__V)
                  20001e24    0000000c     rtsv7M4_T_le_v4SPD16_eabi.lib : exit.obj (.data:$O1$$)
                  20001e30    0000000c     empty_pem4f.oem4f (.data:ti_sysbios_family_arm_lm4_Timer_Module__state__V)
                  20001e3c    0000000c     empty_pem4f.oem4f (.data:ti_sysbios_knl_Task_Module__root__V)
                  20001e48    0000000c     empty_pem4f.oem4f (.data:xdc_runtime_SysMin_Module__state__V)
                  20001e54    00000008     rtsv7M4_T_le_v4SPD16_eabi.lib : _lock.obj (.data:$O1$$)
                  20001e5c    00000008     RTOSBluetooth.obj (.data)
                  20001e64    00000008     RTOSMotor.obj (.data)
                  20001e6c    00000008     empty_pem4f.oem4f (.data:ti_sysbios_family_arm_lm4_TimestampProvider_Module__state__V)
                  20001e74    00000008     empty_pem4f.oem4f (.data:ti_sysbios_family_arm_m3_Hwi_Module__root__V)
                  20001e7c    00000008     empty_pem4f.oem4f (.data:ti_sysbios_gates_GateHwi_Module__root__V)
                  20001e84    00000008     empty_pem4f.oem4f (.data:ti_sysbios_gates_GateMutex_Module__root__V)
                  20001e8c    00000008     empty_pem4f.oem4f (.data:ti_sysbios_heaps_HeapMem_Module__root__V)
                  20001e94    00000008     empty_pem4f.oem4f (.data:ti_sysbios_knl_Clock_Module__root__V)
                  20001e9c    00000008     empty_pem4f.oem4f (.data:ti_sysbios_knl_Queue_Module__root__V)
                  20001ea4    00000008     empty_pem4f.oem4f (.data:ti_sysbios_knl_Semaphore_Module__root__V)
                  20001eac    00000008     empty_pem4f.oem4f (.data:ti_uia_loggers_LoggerMin_Module__root__V)
                  20001eb4    00000008     empty_pem4f.oem4f (.data:xdc_runtime_Registry_Module__state__V)
                  20001ebc    00000008     empty_pem4f.oem4f (.data:xdc_runtime_Startup_Module__state__V)
                  20001ec4    00000008     empty_pem4f.oem4f (.data:xdc_runtime_System_Module_State_0_atexitHandlers__A)
                  20001ecc    00000008     empty_pem4f.oem4f (.data:xdc_runtime_System_Module__state__V)
                  20001ed4    00000006     RTOSFlashing.obj (.data:flashingCode)
                  20001eda    00000002     empty_pem4f.oem4f (.data:ti_sysbios_family_arm_m3_Hwi_Module_State_0_excActive__A)
                  20001edc    00000004     RTOSCommander.obj (.data)
                  20001ee0    00000004     RTOSFlashing.obj (.data)
                  20001ee4    00000004     drivers_tivaware.aem4f : UART.oem4f (.data)
                  20001ee8    00000004     rtsv7M4_T_le_v4SPD16_eabi.lib : errno.obj (.data)
                  20001eec    00000004                                   : stkdepth_vars.obj (.data)
                  20001ef0    00000004                                   : strtok.obj (.data)
[...]
0000b624  ti_sysbios_family_arm_m3_Hwi_Module__loggerFxn8__C                
0000b628  ti_sysbios_family_arm_m3_Hwi_Module__loggerObj__C                 
0000b62c  ti_sysbios_family_arm_m3_Hwi_NUM_INTERRUPTS__C                    
0000b630  ti_sysbios_family_arm_m3_Hwi_Object__count__C                     
0000b634  ti_sysbios_family_arm_m3_Hwi_ccr__C                               
0000b638  ti_sysbios_family_arm_m3_Hwi_excHandlerFunc__C                    
0000b63c  ti_sysbios_family_arm_m3_Hwi_excHookFuncs__C                      
0000b640  ti_sysbios_family_arm_m3_Hwi_nullIsrFunc__C                       
0000b644  ti_sysbios_family_arm_m3_Hwi_priGroup__C                          
0000b648  ti_sysbios_family_arm_m3_TaskSupport_stackAlignment__C            
0000b64c  ti_sysbios_gates_GateMutex_A_badContext__C                        
0000b650  ti_sysbios_gates_GateMutex_Instance_State_sem__O                  
0000b654  ti_sysbios_gates_GateMutex_Module__diagsEnabled__C                
0000b658  ti_sysbios_gates_GateMutex_Module__diagsIncluded__C               
0000b65c  ti_sysbios_gates_GateMutex_Module__diagsMask__C                   
0000b660  ti_sysbios_hal_Hwi_E_stackOverflow__C                             
0000b664  ti_sysbios_heaps_HeapMem_A_align__C                               
0000b668  ti_sysbios_heaps_HeapMem_A_heapSize__C                            
0000b66c  ti_sysbios_heaps_HeapMem_A_invalidFree__C                         
0000b670  ti_sysbios_heaps_HeapMem_A_zeroBlock__C                           
0000b674  ti_sysbios_heaps_HeapMem_E_memory__C                              
0000b678  ti_sysbios_heaps_HeapMem_Module__diagsEnabled__C                  
0000b67c  ti_sysbios_heaps_HeapMem_Module__diagsIncluded__C                 
0000b680  ti_sysbios_heaps_HeapMem_Module__diagsMask__C                     
0000b684  ti_sysbios_heaps_HeapMem_Module__gateObj__C                       
0000b688  ti_sysbios_heaps_HeapMem_Object__count__C                         
0000b68c  ti_sysbios_heaps_HeapMem_reqAlign__C                              
0000b690  ti_sysbios_knl_Clock_A_badThreadType__C                           
0000b694  ti_sysbios_knl_Clock_LM_begin__C                                  
0000b698  ti_sysbios_knl_Clock_LM_tick__C                                   
0000b69c  ti_sysbios_knl_Clock_LW_delayed__C                                
0000b6a0  ti_sysbios_knl_Clock_Module_State_clockQ__O                       
0000b6a4  ti_sysbios_knl_Clock_Module__diagsEnabled__C                      
0000b6a8  ti_sysbios_knl_Clock_Module__diagsIncluded__C                     
0000b6ac  ti_sysbios_knl_Clock_Module__diagsMask__C                         
0000b6b0  ti_sysbios_knl_Clock_Module__loggerFxn1__C                        
0000b6b4  ti_sysbios_knl_Clock_Module__loggerFxn2__C                        
0000b6b8  ti_sysbios_knl_Clock_Module__loggerObj__C                         
0000b6bc  ti_sysbios_knl_Idle_funcList__A                                   
0000b6c0  ti_sysbios_knl_Semaphore_A_badContext__C                          
0000b6c4  ti_sysbios_knl_Semaphore_A_noEvents__C                            
0000b6c8  ti_sysbios_knl_Semaphore_A_overflow__C                            
0000b6cc  ti_sysbios_knl_Semaphore_A_pendTaskDisabled__C                    
0000b6d0  ti_sysbios_knl_Semaphore_Instance_State_pendQ__O                  
0000b6d4  ti_sysbios_knl_Semaphore_LM_pend__C                               
0000b6d8  ti_sysbios_knl_Semaphore_LM_post__C                               
0000b6dc  ti_sysbios_knl_Semaphore_Module__diagsEnabled__C                  
0000b6e0  ti_sysbios_knl_Semaphore_Module__diagsIncluded__C                 
0000b6e4  ti_sysbios_knl_Semaphore_Module__diagsMask__C                     
0000b6e8  ti_sysbios_knl_Semaphore_Module__loggerFxn2__C                    
0000b6ec  ti_sysbios_knl_Semaphore_Module__loggerFxn4__C                    
0000b6f0  ti_sysbios_knl_Semaphore_Module__loggerObj__C                     
0000b6f4  ti_sysbios_knl_Swi_LD_end__C                                      
0000b6f8  ti_sysbios_knl_Swi_LM_begin__C                                    
0000b6fc  ti_sysbios_knl_Swi_LM_post__C                                     
0000b700  ti_sysbios_knl_Swi_Module__diagsEnabled__C                        
0000b704  ti_sysbios_knl_Swi_Module__diagsIncluded__C                       
0000b708  ti_sysbios_knl_Swi_Module__diagsMask__C                           
0000b70c  ti_sysbios_knl_Swi_Module__loggerFxn1__C                          
0000b710  ti_sysbios_knl_Swi_Module__loggerFxn4__C                          
0000b714  ti_sysbios_knl_Swi_Module__loggerObj__C                           
0000b718  ti_sysbios_knl_Swi_Object__count__C                               
0000b71c  ti_sysbios_knl_Task_A_badPriority__C                              
0000b720  ti_sysbios_knl_Task_A_badTaskState__C                             
0000b724  ti_sysbios_knl_Task_A_badThreadType__C                            
0000b728  ti_sysbios_knl_Task_A_badTimeout__C                               
0000b72c  ti_sysbios_knl_Task_A_noPendElem__C                               
0000b730  ti_sysbios_knl_Task_A_sleepTaskDisabled__C                        
0000b734  ti_sysbios_knl_Task_E_spOutOfBounds__C                            
0000b738  ti_sysbios_knl_Task_E_stackOverflow__C                            
0000b73c  ti_sysbios_knl_Task_LD_block__C                                   
0000b740  ti_sysbios_knl_Task_LD_exit__C                                    
0000b744  ti_sysbios_knl_Task_LD_ready__C                                   
0000b748  ti_sysbios_knl_Task_LM_sleep__C                                   
0000b74c  ti_sysbios_knl_Task_LM_switch__C                                  
0000b750  ti_sysbios_knl_Task_Module_State_inactiveQ__O                     
0000b754  ti_sysbios_knl_Task_Module__diagsEnabled__C                       
0000b758  ti_sysbios_knl_Task_Module__diagsIncluded__C                      
0000b75c  ti_sysbios_knl_Task_Module__diagsMask__C                          
0000b760  ti_sysbios_knl_Task_Module__loggerFxn2__C                         
0000b764  ti_sysbios_knl_Task_Module__loggerFxn4__C                         
0000b768  ti_sysbios_knl_Task_Module__loggerObj__C                          
0000b76c  ti_sysbios_knl_Task_Object__count__C                              
0000b770  ti_sysbios_knl_Task_allBlockedFunc__C                             
0000b774  ti_sysbios_knl_Task_defaultStackHeap__C                           
0000b778  ti_sysbios_knl_Task_defaultStackSize__C                           
0000b77c  ti_sysbios_knl_Task_numConstructedTasks__C                        
0000b780  xdc_runtime_Assert_E_assertFailed__C                              
0000b784  xdc_runtime_Core_A_initializedParams__C                           
0000b788  xdc_runtime_Core_Module__diagsEnabled__C                          
0000b78c  xdc_runtime_Core_Module__diagsIncluded__C                         
0000b790  xdc_runtime_Core_Module__diagsMask__C                             
0000b794  xdc_runtime_Error_E_memory__C                                     
0000b798  xdc_runtime_Error_Module__diagsEnabled__C                         
0000b79c  xdc_runtime_Error_Module__diagsIncluded__C                        
0000b7a0  xdc_runtime_Error_Module__diagsMask__C                            
0000b7a4  xdc_runtime_Error_Module__loggerFxn8__C                           
0000b7a8  xdc_runtime_Error_Module__loggerObj__C                            
0000b7ac  xdc_runtime_Error_policyFxn__C                                    
0000b7b0  xdc_runtime_Error_raiseHook__C                                    
0000b7b4  xdc_runtime_IGateProvider_Interface__BASE__C                      
0000b7b8  xdc_runtime_IHeap_Interface__BASE__C                              
0000b7bc  xdc_runtime_ILogger_Interface__BASE__C                            
0000b7c0  xdc_runtime_IModule_Interface__BASE__C                            
0000b7c4  xdc_runtime_Log_L_error__C                                        
0000b7c8  xdc_runtime_Memory_defaultHeapInstance__C                         
0000b7cc  xdc_runtime_Startup_execImpl__C                                   
0000b7d0  xdc_runtime_Startup_lastFxns__A                                   
0000b7d4  xdc_runtime_Startup_maxPasses__C                                  
0000b7d8  xdc_runtime_Startup_sfxnRts__C                                    
0000b7dc  xdc_runtime_Startup_sfxnTab__C                                    
0000b7e0  xdc_runtime_SysMin_bufSize__C                                     
0000b7e4  xdc_runtime_SysMin_outputFunc__C                                  
0000b7e8  xdc_runtime_System_Module__gateObj__C                             
0000b7ec  xdc_runtime_System_abortFxn__C                                    
0000b7f0  xdc_runtime_System_exitFxn__C                                     
0000b7f4  xdc_runtime_System_extendFxn__C                                   
0000b7f8  xdc_runtime_System_maxAtexitHandlers__C                           
0000b7fc  xdc_runtime_Text_charTab__C                                       
0000b800  xdc_runtime_Text_nameEmpty__C                                     
0000b804  xdc_runtime_Text_nameStatic__C                                    
0000b808  xdc_runtime_Text_nameUnknown__C                                   
0000b80c  xdc_runtime_Text_nodeTab__C                                       
0000b810  xdc_runtime_Text_visitRopeFxn__C                                  
0000b814  ti_sysbios_family_arm_lm4_TimestampProvider_useClockTimer__C      
0000b816  ti_sysbios_family_arm_m3_Hwi_Module__id__C                        
0000b818  ti_sysbios_family_arm_m3_Hwi_Module__loggerDefined__C             
0000b81a  ti_sysbios_gates_GateMutex_Module__id__C                          
0000b81c  ti_sysbios_hal_Hwi_Module__id__C                                  
0000b81e  ti_sysbios_heaps_HeapMem_Module__id__C                            
0000b820  ti_sysbios_knl_Clock_Module__id__C                                
0000b822  ti_sysbios_knl_Clock_Module__loggerDefined__C                     
0000b824  ti_sysbios_knl_Semaphore_Module__id__C                            
0000b826  ti_sysbios_knl_Semaphore_Module__loggerDefined__C                 
0000b828  ti_sysbios_knl_Swi_Module__id__C                                  
0000b82a  ti_sysbios_knl_Swi_Module__loggerDefined__C                       
0000b82c  ti_sysbios_knl_Task_Module__id__C                                 
0000b82e  ti_sysbios_knl_Task_Module__loggerDefined__C                      
0000b830  xdc_runtime_Core_Module__id__C                                    
0000b832  xdc_runtime_Error_Module__loggerDefined__C                        
0000b834  xdc_runtime_Error_maxDepth__C                                     
0000b836  xdc_runtime_Memory_Module__id__C                                  
0000b838  xdc_runtime_SysMin_flushAtExit__C                                 
0000b83a  xdc_runtime_Text_charCnt__C                                       
0000b83c  xdc_runtime_Text_isLoaded__C                                      
0000b83e  xdc_runtime_Text_registryModsLastId__C                            
0000b840  xdc_runtime_Text_unnamedModsLastId__C                             
0000b848  __TI_static_base__                                                
0000bc2c  __TI_Handler_Table_Base                                           
0000bc34  __TI_CINIT_Base                                                   
0000bc34  __TI_Handler_Table_Limit                                          
0000bc4c  __TI_CINIT_Limit                                                  
20000000  ti_sysbios_family_arm_m3_Hwi_ramVectors                           
20000360  ti_sysbios_family_arm_m3_Hwi_dispatchTable                        
200006c0  ti_sysbios_heaps_HeapMem_Instance_State_0_buf__A                  
200009c0  ti_sysbios_knl_Task_Instance_State_0_stack__A                     
20000bc0  RTOSBT_RXTaskStack                                                
20000dc0  RTOSBT_TXTaskStack                                                
20000fc0  RTOSFlashingTaskStack                                             
200011c0  ti_uia_loggers_LoggerMin_Module_State_0_packetBuffer__A           
200013c0  __CIOBUF_                                                         
200014e0  RTOSCommanderOutString                                            
200015e0  uartTivaObjects                                                   
200016ac  xdc_runtime_SysMin_Module_State_0_outbuf__A                       
2000172c  RTOSBT_RXTaskStruct                                               
2000177c  RTOSBT_TXTaskStruct                                               
200017cc  RTOSFlashingtask0                                                 
2000181c  RTOSPIDSetting                                                    
2000186c  RTOSBT_RXTaskParams                                               
200018a8  RTOSBT_TXTaskParams                                               
20001904  RTOSCommander_Raw                                                 
20001924  uartTivaRingBuffer                                                
20001944  RTOSBT_RXSemStruct                                                
20001960  RTOSBT_TXSemStruct                                                
2000197c  RTOSFlashingStructSem                                             
20001998  RTOSCommanderTemp                                                 
200019a4  RTOSCommanderTempU                                                
200019b8  PIDError                                                          
200019bc  PIDPWMAdjust                                                      
200019c0  PIDPreError                                                       
200019c4  RTOSBT_RXSem                                                      
200019c8  RTOSBT_TXSem                                                      
200019cc  RTOSBT_Uart                                                       
200019d0  RTOSBT_WriteString                                                
200019d4  RTOSCommander_token                                               
200019d8  RTOSDistanceFront                                                 
200019dc  RTOSDistanceRight                                                 
200019e0  RTOSDistanceRightTemp                                             
200019e4  RTOSDistanceRightVol                                              
200019e8  RTOSFlashingSem                                                   
200019ec  temp_d                                                            
200019f0  temp_i                                                            
200019f4  temp_p                                                            
200019f8  RTOSILoop                                                         
200019fc  ti_sysbios_family_arm_lm4_Timer_Object__table__V                  
20001a7c  ti_sysbios_knl_Swi_Module_State_0_readyQ__A                       
20001afc  ti_sysbios_knl_Task_Module_State_0_readyQ__A                      
20001b7c  ti_sysbios_knl_Clock_Object__table__V                             
20001bdc  ti_sysbios_knl_Task_Object__table__V                              
20001c28  ti_sysbios_knl_Task_Module__state__V                              
20001c6c  ti_sysbios_gates_GateMutex_Object__table__V                       
20001ca4  ti_sysbios_family_arm_m3_Hwi_Module__state__V                     
20001cd8  ti_sysbios_family_arm_lm4_Timer_Module_State_0_device__A          
20001d08  ti_sysbios_family_arm_m3_Hwi_Object__table__V                     
20001d38  ti_sysbios_knl_Swi_Object__table__V                               
20001d68  ti_sysbios_knl_Clock_Module__state__V                             
20001d94  ti_sysbios_BIOS_Module__state__V                                  
20001db8  ti_uia_loggers_LoggerMin_Module__state__V                         
20001dd8  ti_sysbios_knl_Swi_Module__state__V                               
20001df4  ti_sysbios_family_arm_lm4_Timer_Module_State_0_handles__A         
20001e0c  ti_sysbios_heaps_HeapMem_Object__table__V                         
20001e24  __TI_cleanup_ptr                                                  
20001e28  __TI_dtors_ptr                                                    
20001e2c  __TI_enable_exit_profile_output                                   
20001e30  ti_sysbios_family_arm_lm4_Timer_Module__state__V                  
20001e3c  ti_sysbios_knl_Task_Module__root__V                               
20001e48  xdc_runtime_SysMin_Module__state__V                               
20001e54  _lock                                                             
20001e58  _unlock                                                           
20001e60  RTOSBT_WriteStringMaxLen                                          
20001e64  pwmMax                                                            
20001e68  pwmAdjust                                                         
20001e6c  ti_sysbios_family_arm_lm4_TimestampProvider_Module__state__V      
20001e74  ti_sysbios_family_arm_m3_Hwi_Module__root__V                      
20001e7c  ti_sysbios_gates_GateHwi_Module__root__V                          
20001e84  ti_sysbios_gates_GateMutex_Module__root__V                        
20001e8c  ti_sysbios_heaps_HeapMem_Module__root__V                          
20001e94  ti_sysbios_knl_Clock_Module__root__V                              
20001e9c  ti_sysbios_knl_Queue_Module__root__V                              
20001ea4  ti_sysbios_knl_Semaphore_Module__root__V                          
20001eac  ti_uia_loggers_LoggerMin_Module__root__V                          
20001eb4  xdc_runtime_Registry_Module__state__V                             
20001ebc  xdc_runtime_Startup_Module__state__V                              
20001ec4  xdc_runtime_System_Module_State_0_atexitHandlers__A               
20001ecc  xdc_runtime_System_Module__state__V                               
20001ed4  flashingCode                                                      
20001eda  ti_sysbios_family_arm_m3_Hwi_Module_State_0_excActive__A          
20001edc  commandCount                                                      
20001ee0  currentFlashingCode                                               
20001ee8  errno                                                             
20001eec  main_func_sp                                                      
20001ef4  ti_sysbios_family_arm_m3_Hwi_Module_State_0_excContext__A         
20001ef8  ti_sysbios_family_arm_m3_Hwi_Module_State_0_excStack__A           
20001efc  ti_sysbios_gates_GateHwi_Object__table__V                         
20001f00  ti_sysbios_knl_Task_Module_State_0_idleTask__A                    
20001f04  ti_uia_loggers_LoggerMin_Object__table__V                         
20001f08  xdc_runtime_Memory_Module__state__V                               
20001f0c  xdc_runtime_Error_Module__state__V                                
20001f10  __stack                                                           
20002310  __STACK_END                                                       
e000e000  ti_sysbios_family_arm_m3_Hwi_nvic                                 
ffffffff  __TI_pprof_out_hndl                                               
ffffffff  __TI_prof_data_size                                               
ffffffff  __TI_prof_data_start                                              
ffffffff  __binit__                                                         
ffffffff  __c_args__                                                        
ffffffff  binit                                                             
UNDEFED   SHT$$INIT_ARRAY$$Base                                             
UNDEFED   SHT$$INIT_ARRAY$$Limit                                            

[778 symbols]
