******************************************************************************
                  TI ARM Linker PC v15.12.3                    
******************************************************************************
>> Linked Tue Nov 09 19:38:22 2021

OUTPUT FILE NAME:   <ms8.out>
ENTRY POINT SYMBOL: "_c_int00"  address: 00007569


MEMORY CONFIGURATION

         name            origin    length      used     unused   attr    fill
----------------------  --------  ---------  --------  --------  ----  --------
  FLASH                 00000000   00040000  0000c65b  000339a5  R  X
  SRAM                  20000000   00008000  000023ee  00005c12  RW X


SEGMENT ALLOCATION MAP

run origin  load origin   length   init length attrs members
----------  ----------- ---------- ----------- ----- -------
00000000    00000000    0000c66c   0000c66c    r-x
  00000000    00000000    0000003c   0000003c    r-- .resetVecs
  00000040    00000040    0000984a   0000984a    r-x .text
  00009890    00009890    000029a1   000029a1    r-- .const
  0000c238    0000c238    00000434   00000434    r-- .cinit
20000000    20000000    000023f0   00000000    rw-
  20000000    20000000    00000360   00000000    rw- .vecs
  20000360    20000360    00001732   00000000    rw- .bss
  20001a94    20001a94    0000055c   00000000    rw- .data
  20001ff0    20001ff0    00000400   00000000    rw- .stack


SECTION ALLOCATION MAP

 output                                  attributes/
section   page    origin      length       input sections
--------  ----  ----------  ----------   ----------------
.text      0    00000040    0000984a     
                  00000040    000009ac     rtsv7M4_T_le_v4SPD16_eabi.lib : e_pow.obj (.text)
                  000009ec    000006a0     RTOSCommander.obj (.text:RTOSRunCommand)
                  0000108c    00000004     driverlib.lib : uart.obj (.text:UARTIntClear)
                  00001090    00000430     sysbios.aem4f : BIOS.obj (.text:ti_sysbios_family_arm_m3_Hwi_excDumpRegs__I)
                  000014c0    0000034c     ti.targets.arm.rtsarm.aem4f : System.oem4f (.text:xdc_runtime_System_doPrint__I)
                  0000180c    00000324     rtsv7M4_T_le_v4SPD16_eabi.lib : trgdrv.obj (.text)
                  00001b30    000002e4     sysbios.aem4f : BIOS.obj (.text:ti_sysbios_knl_Semaphore_pend__E)
                  00001e14    000002a8     RTOSLightSensor.obj (.text:RTOSLightSensorTick)
                  000020bc    00000004     empty_pem4f.oem4f (.text:ti_sysbios_BIOS_RtsGateProxy_enter__E)
                  000020c0    00000254     sysbios.aem4f : BIOS.obj (.text:ti_sysbios_heaps_HeapMem_free__E)
                  00002314    00000004     empty_pem4f.oem4f (.text:ti_sysbios_BIOS_RtsGateProxy_leave__E)
                  00002318    00000248     sysbios.aem4f : BIOS.obj (.text:ti_sysbios_heaps_HeapMem_alloc__E)
                  00002560    0000022c                   : BIOS.obj (.text:ti_sysbios_knl_Task_Instance_finalize__E)
                  0000278c    0000020c     drivers_tivaware.aem4f : UARTTiva.oem4f (.text:UARTTiva_open)
                  00002998    00000200     sysbios.aem4f : BIOS.obj (.text:ti_sysbios_knl_Task_sleep__E)
                  00002b98    000001fc     RTOSPID.obj (.text:RTOSPIDCompute)
                  00002d94    00000004     sysbios.aem4f : BIOS.obj (.text:ti_sysbios_family_arm_lm4_Timer_masterEnable__I)
                  00002d98    000001fc                   : BIOS.obj (.text:ti_sysbios_family_arm_m3_Hwi_excHandlerMax__I)
                  00002f94    00000004     empty_pem4f.oem4f (.text:ti_sysbios_family_arm_m3_Hwi_destruct)
                  00002f98    000001c8     sysbios.aem4f : BIOS.obj (.text:ti_sysbios_knl_Task_Instance_init__E)
                  00003160    000001b6     rtsv7M4_T_le_v4SPD16_eabi.lib : fd_add_t2.obj (.text)
                  00003316    00000002                                   : i_div0.obj (.text)
                  00003318    00000198     RTOSBluetooth.obj (.text:RTOSBTInit)
                  000034b0    00000174     sysbios.aem4f : BIOS.obj (.text:ti_sysbios_family_arm_m3_Hwi_excBusFault__I)
                  00003624    00000170     rtsv7M4_T_le_v4SPD16_eabi.lib : e_sqrt.obj (.text)
                  00003794    00000004     empty_pem4f.oem4f (.text:ti_sysbios_family_arm_m3_TaskSupport_Module__startupDone__S)
                  00003798    00000164     sysbios.aem4f : BIOS.obj (.text:ti_sysbios_family_arm_m3_Hwi_excUsageFault__I)
                  000038fc    00000004     empty_pem4f.oem4f (.text:ti_sysbios_heaps_HeapMem_Module_GateProxy_enter__E)
                  00003900    00000148     sysbios.aem4f : BIOS.obj (.text:ti_sysbios_family_arm_m3_Hwi_excMemFault__I)
                  00003a48    00000144                   : BIOS.obj (.text:ti_sysbios_family_arm_m3_Hwi_dispatchC__I)
                  00003b8c    00000004     empty_pem4f.oem4f (.text:ti_sysbios_heaps_HeapMem_Module_GateProxy_leave__E)
                  00003b90    00000140     sysbios.aem4f : BIOS.obj (.text:ti_sysbios_knl_Semaphore_post__E)
                  00003cd0    0000013c                   : BIOS.obj (.text:ti_sysbios_heaps_HeapMem_Instance_init__E)
                  00003e0c    00000136     rtsv7M4_T_le_v4SPD16_eabi.lib : fd_div_t2.obj (.text)
                  00003f42    00000006     driverlib.lib : gpio.obj (.text:GPIOPinRead)
                  00003f48    00000134     sysbios.aem4f : BIOS.obj (.text:ti_sysbios_knl_Clock_workFunc__E)
                  0000407c    00000130     driverlib.lib : gpio.obj (.text:GPIOPadConfigSet)
                  000041ac    00000004     empty_pem4f.oem4f (.text:ti_sysbios_knl_Clock_TimerProxy_getMaxTicks__E)
                  000041b0    00000120     sysbios.aem4f : BIOS.obj (.text:ti_sysbios_family_arm_lm4_Timer_start__E)
                  000042d0    0000011c     RTOSDistance.obj (.text:RTOSDistanceGet)
                  000043ec    00000004     empty_pem4f.oem4f (.text:ti_sysbios_knl_Clock_TimerProxy_getPeriod__E)
                  000043f0    0000011c     sysbios.aem4f : BIOS.obj (.text:ti_sysbios_knl_Clock_Instance_init__E)
                  0000450c    00000004     empty_pem4f.oem4f (.text:ti_sysbios_knl_Clock_destruct)
                  00004510    0000011c     sysbios.aem4f : BIOS.obj (.text:ti_sysbios_knl_Swi_run__I)
                  0000462c    00000118     ti.targets.arm.rtsarm.aem4f : Error.oem4f (.text:xdc_runtime_Error_policyDefault__E)
                  00004744    00000114     RTOSPID.obj (.text:RTOSPIDGetSettings)
                  00004858    0000010c     driverlib.lib : sysctl.obj (.text:SysCtlClockGet)
                  00004964    00000108     RTOSFlashing.obj (.text:RTOSFlashingTaskFunc)
                  00004a6c    00000100     Boot.aem4f : Boot_sysctl.oem4f (.text:ti_catalog_arm_cortexm4_tiva_ce_Boot_sysCtlClockSetI__I)
                  00004b6c    00000100     ti.targets.arm.rtsarm.aem4f : Core-mem.oem4f (.text:xdc_runtime_Core_createObject__I)
                  00004c6c    000000fc     rtsv7M4_T_le_v4SPD16_eabi.lib : fd_mul_t2.obj (.text)
                  00004d68    000000fc                                   : s_scalbn.obj (.text)
                  00004e64    000000f8     ti.targets.arm.rtsarm.aem4f : Startup.oem4f (.text:xdc_runtime_Startup_startMods__I)
                  00004f5c    000000f8     empty_pem4f.oem4f (.text:xdc_runtime_System_printfExtend__I)
                  00005054    000000f4     sysbios.aem4f : m3_Hwi_asm.obj (.text:ti_sysbios_family_arm_m3_Hwi_dispatch__I)
                  00005148    000000e8     RTOSBluetooth.obj (.text:RTOSBTReadTaskFunc)
                  00005230    000000e0     empty_pem4f.oem4f (.text:ti_uia_loggers_LoggerMin_write__E)
                  00005310    000000d8     sysbios.aem4f : BIOS.obj (.text:ti_sysbios_family_arm_lm4_TimestampProvider_get32__E)
                  000053e8    000000cc                   : BIOS.obj (.text:ti_sysbios_knl_Task_schedule__I)
                  000054b4    000000cc     ti.targets.arm.rtsarm.aem4f : Core-smem.oem4f (.text:xdc_runtime_Core_constructObject__I)
                  00005580    000000c8     RTOSMotor.obj (.text:RTOSMotorInit)
                  00005648    000000bc     sysbios.aem4f : BIOS.obj (.text:ti_sysbios_family_arm_m3_Hwi_excDebugMon__I)
                  00005704    00000004     empty_pem4f.oem4f (.text:ti_sysbios_knl_Queue_destruct)
                  00005708    000000bc     sysbios.aem4f : BIOS.obj (.text:ti_sysbios_family_arm_m3_Hwi_excHardFault__I)
                  000057c4    00000004     empty_pem4f.oem4f (.text:ti_sysbios_knl_Semaphore_destruct)
                  000057c8    000000bc     sysbios.aem4f : BIOS.obj (.text:ti_sysbios_knl_Task_startCore__E)
                  00005884    000000b8     RTOSPID.obj (.text:RTOSPIDInit)
                  0000593c    00000004     ti.targets.arm.rtsarm.aem4f : Error.oem4f (.text:xdc_runtime_Error_getSite__E)
                  00005940    000000b4     sysbios.aem4f : BIOS.obj (.text:ti_sysbios_gates_GateMutex_enter__E)
                  000059f4    00000004     empty_pem4f.oem4f (.text:xdc_runtime_System_Module_GateProxy_enter__E)
                  000059f8    000000b4     sysbios.aem4f : BIOS.obj (.text:ti_sysbios_knl_Task_checkStacks__E)
                  00005aac    000000ac     drivers_tivaware.aem4f : UARTTiva.oem4f (.text:readTaskBlocking)
                  00005b58    000000ac     sysbios.aem4f : BIOS.obj (.text:ti_sysbios_family_arm_lm4_Timer_enableTiva__I)
                  00005c04    00000004     empty_pem4f.oem4f (.text:xdc_runtime_System_Module_GateProxy_leave__E)
                  00005c08    000000ac     sysbios.aem4f : BIOS.obj (.text:ti_sysbios_knl_Swi_post__E)
                  00005cb4    00000004     ti.targets.arm.rtsarm.aem4f : System.oem4f (.text:xdc_runtime_System_aprintf_va__F)
                  00005cb8    000000a8     sysbios.aem4f : BIOS.obj (.text:ti_sysbios_family_arm_lm4_Timer_enableTimers__I)
                  00005d60    000000a8                   : BIOS.obj (.text:ti_sysbios_knl_Task_blockI__E)
                  00005e08    000000a8                   : BIOS.obj (.text:ti_sysbios_knl_Task_postInit__I)
                  00005eb0    000000a4                   : BIOS.obj (.text:ti_sysbios_knl_Clock_Instance_finalize__E)
                  00005f54    000000a0     auto_init.aem4f : auto_init.oem4f (.text)
                  00005ff4    000000a0     ti.targets.arm.rtsarm.aem4f : Text.oem4f (.text:xdc_runtime_Text_putMod__E)
                  00006094    0000009c     rtsv7M4_T_le_v4SPD16_eabi.lib : memcpy_t2.obj (.text)
                  00006130    0000009c     sysbios.aem4f : BIOS.obj (.text:ti_sysbios_knl_Semaphore_Instance_init__E)
                  000061cc    0000009a     ti.targets.arm.rtsarm.aem4f : Text.oem4f (.text:xdc_runtime_Text_putSite__E)
                  00006266    00000098     drivers_tivaware.aem4f : UARTTiva.oem4f (.text:UARTTiva_readPolling)
                  000062fe    00000002     empty_pem4f.oem4f (.text:ti_sysbios_BIOS_nullFunc__I)
                  00006300    00000098     Boot.aem4f : Boot.oem4f (.text:ti_catalog_arm_cortexm4_tiva_ce_Boot_sysCtlClockSet__E)
                  00006398    00000094     drivers_tivaware.aem4f : UARTTiva.oem4f (.text:UARTTiva_write)
                  0000642c    00000004     ti.targets.arm.rtsarm.aem4f : System.oem4f (.text:xdc_runtime_System_printf_va__F)
                  00006430    00000094     sysbios.aem4f : BIOS.obj (.text:ti_sysbios_family_arm_m3_Hwi_Instance_init__E)
                  000064c4    00000004     ti.targets.arm.rtsarm.aem4f : System.oem4f (.text:xdc_runtime_System_sprintf_va__F)
                  000064c8    00000094     sysbios.aem4f : BIOS.obj (.text:ti_sysbios_family_arm_m3_Hwi_initNVIC__E)
                  0000655c    00000002     ti.uia.loggers.aem4f : LoggerMin.oem4f (.text:ti_uia_loggers_LoggerMin_Instance_init__E)
                  0000655e    00000002     empty_pem4f.oem4f (.text:xdc_runtime_Startup_reset__I)
                  00006560    00000094     sysbios.aem4f : BIOS.obj (.text:ti_sysbios_knl_Task_exit__E)
                  000065f4    00000090     RTOSDistance.obj (.text:RTOSDistanceInit)
                  00006684    00000004     --HOLE-- [fill = 0]
                  00006688    00000090     sysbios.aem4f : BIOS.obj (.text:ti_sysbios_knl_Task_unblockI__E)
                  00006718    0000008c     drivers_tivaware.aem4f : UARTTiva.oem4f (.text:UARTTiva_control)
                  000067a4    0000008c     sysbios.aem4f : m3_TaskSupport_asm.obj (.text:ti_sysbios_family_arm_m3_TaskSupport_buildTaskStack)
                  00006830    0000008a     drivers_tivaware.aem4f : UARTTiva.oem4f (.text:readIsrTextBlocking)
                  000068ba    00000086     rtsv7M4_T_le_v4SPD16_eabi.lib : fd_cmp_t2.obj (.text:__aeabi_cdcmple)
                  00006940    00000086                                   : fd_cmp_t2.obj (.text:__aeabi_cdrcmple)
                  000069c6    00000002     --HOLE-- [fill = 0]
                  000069c8    00000084     RTOSLightSensor.obj (.text:RTOSLightSensorInit)
                  00006a4c    00000004     --HOLE-- [fill = 0]
                  00006a50    00000084     sysbios.aem4f : BIOS.obj (.text:ti_sysbios_family_arm_m3_Hwi_postInit__I)
                  00006ad4    00000082     drivers_tivaware.aem4f : UARTTiva.oem4f (.text:readIsrTextCallback)
                  00006b56    00000002     --HOLE-- [fill = 0]
                  00006b58    0000007c     RTOSMotor.obj (.text:RTOSMotorDriveLeft)
                  00006bd4    0000007a     driverlib.lib : adc.obj (.text:ADCSequenceStepConfigure)
                  00006c4e    0000007a     drivers_tivaware.aem4f : UARTTiva.oem4f (.text:readTaskCallback)
                  00006cc8    0000007a     rtsv7M4_T_le_v4SPD16_eabi.lib : memset_t2.obj (.text)
                  00006d42    00000006     driverlib.lib : gpio.obj (.text:GPIOPinWrite)
                  00006d48    00000074     sysbios.aem4f : BIOS.obj (.text:ti_sysbios_knl_Clock_start__E)
                  00006dbc    00000070     RTOSFlashing.obj (.text:RTOSFlashingInit)
                  00006e2c    0000006d     ti.targets.arm.rtsarm.aem4f : System.oem4f (.text:xdc_runtime_System_formatNum__I)
                  00006e99    00000003     --HOLE-- [fill = 0]
                  00006e9c    0000006c     RTOSBluetooth.obj (.text:RTOSBTWriteTaskFunc)
                  00006f08    0000006c     RTOSMotor.obj (.text:RTOSMotorDriveRight)
                  00006f74    00000004     --HOLE-- [fill = 0]
                  00006f78    0000006c     sysbios.aem4f : BIOS.obj (.text:ti_sysbios_knl_Swi_restoreHwi__E)
                  00006fe4    0000006c     drivers_tivaware.aem4f : UARTTiva.oem4f (.text:writeData)
                  00007050    0000006c     ti.targets.arm.rtsarm.aem4f : Error.oem4f (.text:xdc_runtime_Error_print__E)
                  000070bc    0000006c                                 : Memory.oem4f (.text:xdc_runtime_Memory_alloc__E)
                  00007128    0000006a     rtsv7M4_T_le_v4SPD16_eabi.lib : copy_decompress_rle.obj (.text)
                  00007192    00000002     --HOLE-- [fill = 0]
                  00007194    00000068                                   : trgmsg.obj (.text)
                  000071fc    00000066     ti.targets.arm.rtsarm.aem4f : Core-mem.oem4f (.text:xdc_runtime_Core_deleteObject__I)
                  00007262    00000006     driverlib.lib : uart.obj (.text:UARTFIFOLevelSet)
                  00007268    00000064     sysbios.aem4f : BIOS.obj (.text:ti_sysbios_family_arm_lm4_Timer_Module_startup__E)
                  000072cc    00000060     driverlib.lib : timer.obj (.text:TimerConfigure)
                  0000732c    00000004     --HOLE-- [fill = 0]
                  00007330    00000060     sysbios.aem4f : BIOS.obj (.text:ti_sysbios_family_arm_lm4_Timer_isrStub__E)
                  00007390    00000060                   : BIOS.obj (.text:ti_sysbios_knl_Clock_logTick__E)
                  000073f0    0000005e     drivers_tivaware.aem4f : UARTTiva.oem4f (.text:readIsrBinaryBlocking)
                  0000744e    00000002     --HOLE-- [fill = 0]
                  00007450    0000005c     sysbios.aem4f : BIOS.obj (.text:ti_sysbios_knl_Swi_schedule__I)
                  000074ac    00000004     --HOLE-- [fill = 0]
                  000074b0    0000005c                   : BIOS.obj (.text:ti_sysbios_knl_Task_Module_startup__E)
                  0000750c    0000005b     ti.targets.arm.rtsarm.aem4f : Text.oem4f (.text:xdc_runtime_Text_putLab__E)
                  00007567    00000001     --HOLE-- [fill = 0]
                  00007568    00000058     boot.aem4f : boot.oem4f (.text)
                  000075c0    00000058     empty_pem4f.oem4f (.text:ti_sysbios_family_arm_m3_Hwi_construct)
                  00007618    00000058     sysbios.aem4f : m3_Hwi_asm_switch.obj (.text:ti_sysbios_family_arm_m3_Hwi_initStacks__E)
                  00007670    00000054     drivers_tivaware.aem4f : UARTTiva.oem4f (.text:readIsrBinaryCallback)
                  000076c4    00000054     rtsv7M4_T_le_v4SPD16_eabi.lib : exit.obj (.text)
                  00007718    00000054     empty_pem4f.oem4f (.text:ti_sysbios_knl_Task_construct)
                  0000776c    00000054     ti.targets.arm.rtsarm.aem4f : Assert.oem4f (.text:xdc_runtime_Assert_raise__I)
                  000077c0    00000050     drivers_tivaware.aem4f : UARTTiva.oem4f (.text:UARTTiva_writeCancel)
                  00007810    00000050     sysbios.aem4f : BIOS.obj (.text:ti_sysbios_family_arm_m3_Hwi_Module_startup__E)
                  00007860    00000050     ti.targets.arm.rtsarm.aem4f : Startup.oem4f (.text:xdc_runtime_Startup_exec__E)
                  000078b0    00000050                                 : Text.oem4f (.text:xdc_runtime_Text_visitRope2__I)
                  00007900    0000004c     drivers_tivaware.aem4f : UARTTiva.oem4f (.text:UARTTiva_close)
                  0000794c    0000004c     RTOSDistance.obj (.text:VoltageToCmFront)
                  00007998    0000004c     RTOSDistance.obj (.text:VoltageToCmRight)
                  000079e4    0000004c     rtsv7M4_T_le_v4SPD16_eabi.lib : atoi.obj (.text)
                  00007a30    0000004c                                   : cpy_tbl.obj (.text)
                  00007a7c    00000004     --HOLE-- [fill = 0]
                  00007a80    0000004c     sysbios.aem4f : BIOS.obj (.text:ti_sysbios_heaps_HeapMem_getStats__E)
                  00007acc    00000004     --HOLE-- [fill = 0]
                  00007ad0    0000004c                   : BIOS.obj (.text:ti_sysbios_knl_Swi_runLoop__I)
                  00007b1c    00000004     --HOLE-- [fill = 0]
                  00007b20    0000004c                   : BIOS.obj (.text:ti_sysbios_knl_Task_allBlockedFunction__I)
                  00007b6c    00000048     driverlib.lib : gpio.obj (.text:GPIOPinConfigure)
                  00007bb4    00000048     RTOSPID.obj (.text:RTOSPIDPIDEnable)
                  00007bfc    00000048     rtsv7M4_T_le_v4SPD16_eabi.lib : fd_toi_t2.obj (.text)
                  00007c44    00000004     --HOLE-- [fill = 0]
                  00007c48    00000048     sysbios.aem4f : BIOS.obj (.text:ti_sysbios_family_arm_m3_Hwi_disableInterrupt__E)
                  00007c90    00000048                   : BIOS.obj (.text:ti_sysbios_family_arm_m3_Hwi_enableInterrupt__E)
                  00007cd8    00000048                   : BIOS.obj (.text:ti_sysbios_family_arm_m3_Hwi_excReserved__I)
                  00007d20    00000046     drivers_tivaware.aem4f : RingBuf.oem4f (.text:RingBuf_put)
                  00007d66    00000046     ti.targets.arm.rtsarm.aem4f : Core-params.oem4f (.text:xdc_runtime_Core_assignParams__I)
                  00007dac    00000044     rtsv7M4_T_le_v4SPD16_eabi.lib : fd_tou_t2.obj (.text)
                  00007df0    00000044     sysbios.aem4f : BIOS.obj (.text:ti_sysbios_family_arm_lm4_Timer_stop__E)
                  00007e34    00000004     --HOLE-- [fill = 0]
                  00007e38    00000044                   : BIOS.obj (.text:ti_sysbios_family_arm_m3_Hwi_getStackInfo__E)
                  00007e7c    00000044     ti.targets.arm.rtsarm.aem4f : Error.oem4f (.text:xdc_runtime_Error_setX__E)
                  00007ec0    00000044                                 : SysMin.oem4f (.text:xdc_runtime_SysMin_flush__E)
                  00007f04    00000044                                 : Text.oem4f (.text:xdc_runtime_Text_xprintf__I)
                  00007f48    00000042     driverlib.lib : uart.obj (.text:UARTConfigSetExpClk)
                  00007f8a    00000042     drivers_tivaware.aem4f : UARTTiva.oem4f (.text:UARTTiva_hwiIntFxn)
                  00007fcc    00000042                            : UARTTiva.oem4f (.text:UARTTiva_writePolling)
                  0000800e    00000040                            : RingBuf.oem4f (.text:RingBuf_get)
                  0000804e    00000040                            : UARTTiva.oem4f (.text:UARTTiva_read)
                  0000808e    00000002     --HOLE-- [fill = 0]
                  00008090    00000040     rtsv7M4_T_le_v4SPD16_eabi.lib : strtok.obj (.text)
                  000080d0    00000040                                   : u_divt2.obj (.text)
                  00008110    00000040     sysbios.aem4f : BIOS.obj (.text:ti_sysbios_family_arm_lm4_Timer_startup__E)
                  00008150    0000003e     driverlib.lib : adc.obj (.text:ADCSequenceConfigure)
                  0000818e    00000002     --HOLE-- [fill = 0]
                  00008190    0000003c     sysbios.aem4f : BIOS.obj (.text:ti_sysbios_family_arm_m3_Hwi_excSvCall__I)
                  000081cc    00000004     --HOLE-- [fill = 0]
                  000081d0    0000003c                   : BIOS.obj (.text:ti_sysbios_heaps_HeapMem_init__I)
                  0000820c    00000004     --HOLE-- [fill = 0]
                  00008210    0000003c                   : BIOS.obj (.text:ti_sysbios_knl_Swi_restore__E)
                  0000824c    00000038     drivers_tivaware.aem4f : UART.oem4f (.text:UART_init)
                  00008284    00000004     --HOLE-- [fill = 0]
                  00008288    00000038     sysbios.aem4f : BIOS.obj (.text:ti_sysbios_family_arm_m3_Hwi_excNoIsr__I)
                  000082c0    00000038                   : BIOS.obj (.text:ti_sysbios_knl_Task_processVitalTaskFlag__I)
                  000082f8    00000038     ti.targets.arm.rtsarm.aem4f : SysMin.oem4f (.text:xdc_runtime_SysMin_putch__E)
                  00008330    00000038                                 : System.oem4f (.text:xdc_runtime_System_atexit__E)
                  00008368    00000036     drivers_tivaware.aem4f : UARTTiva.oem4f (.text:UARTTiva_readCancel)
                  0000839e    00000002     --HOLE-- [fill = 0]
                  000083a0    00000034     RTOSPID.obj (.text:RTOSPIDGet)
                  000083d4    00000034     driverlib.lib : sysctl.obj (.text:SysCtlPeripheralEnable)
                  00008408    00000034     sysbios.aem4f : BIOS.obj (.text:ti_sysbios_family_arm_m3_Hwi_Instance_finalize__E)
                  0000843c    00000004     --HOLE-- [fill = 0]
                  00008440    00000034                   : BIOS.obj (.text:ti_sysbios_family_arm_m3_Hwi_excNmi__I)
                  00008474    00000004     --HOLE-- [fill = 0]
                  00008478    00000034                   : BIOS.obj (.text:ti_sysbios_hal_Hwi_checkStack)
                  000084ac    00000034     empty_pem4f.oem4f (.text:ti_sysbios_knl_Clock_construct)
                  000084e0    00000034     ti.targets.arm.rtsarm.aem4f : Core-label.oem4f (.text:xdc_runtime_Core_assignLabel__I)
                  00008514    00000033                                 : Text.oem4f (.text:xdc_runtime_Text_printVisFxn__I)
                  00008547    00000001     --HOLE-- [fill = 0]
                  00008548    00000032     sysbios.aem4f : BIOS.obj (.text:ti_sysbios_hal_Hwi_initStack)
                  0000857a    00000006     driverlib.lib : uart.obj (.text:UARTRxErrorClear)
                  00008580    00000032     sysbios.aem4f : BIOS.obj (.text:ti_sysbios_knl_Semaphore_pendTimeout__I)
                  000085b2    00000002     --HOLE-- [fill = 0]
                  000085b4    00000030     RTOSPID.obj (.text:RTOSPIDRun)
                  000085e4    00000030     drivers_tivaware.aem4f : UART.oem4f (.text:UART_open)
                  00008614    00000030     empty_pem4f.oem4f (.text:ti_sysbios_BIOS_atExitFunc__I)
                  00008644    00000004     --HOLE-- [fill = 0]
                  00008648    00000030     sysbios.aem4f : BIOS.obj (.text:ti_sysbios_family_arm_m3_TaskSupport_start__E)
                  00008678    00000030     empty_pem4f.oem4f (.text:ti_sysbios_gates_GateHwi_Object__create__S)
                  000086a8    00000030     empty_pem4f.oem4f (.text:ti_sysbios_gates_GateMutex_Object__create__S)
                  000086d8    00000030     empty_pem4f.oem4f (.text:ti_sysbios_heaps_HeapMem_Object__create__S)
                  00008708    00000030     empty_pem4f.oem4f (.text:ti_sysbios_knl_Semaphore_construct)
                  00008738    00000030     empty_pem4f.oem4f (.text:ti_uia_loggers_LoggerMin_Object__create__S)
                  00008768    00000030     ti.uia.loggers.aem4f : LoggerMin.oem4f (.text:ti_uia_loggers_LoggerMin_write8__E)
                  00008798    00000030     ti.targets.arm.rtsarm.aem4f : SysMin.oem4f (.text:xdc_runtime_SysMin_abort__E)
                  000087c8    00000030                                 : System.oem4f (.text:xdc_runtime_System_processAtExit__E)
                  000087f8    0000002e     rtsv7M4_T_le_v4SPD16_eabi.lib : i_tofd_t2.obj (.text)
                  00008826    00000002     --HOLE-- [fill = 0]
                  00008828    0000002c     empty_pem4f.oem4f (.text:ti_sysbios_knl_Clock_doTick__I)
                  00008854    0000002c     empty_pem4f.oem4f (.text:ti_sysbios_knl_Queue_construct)
                  00008880    0000002c     sysbios.aem4f : BIOS.obj (.text:ti_sysbios_knl_Task_restore__E)
                  000088ac    0000002c     ti.targets.arm.rtsarm.aem4f : Text.oem4f (.text:xdc_runtime_Text_cordText__E)
                  000088d8    0000002a     driverlib.lib : gpio.obj (.text:GPIODirModeSet)
                  00008902    0000002a     rtsv7M4_T_le_v4SPD16_eabi.lib : strspn.obj (.text)
                  0000892c    0000002a     ti.uia.loggers.aem4f : LoggerMin.oem4f (.text:ti_uia_loggers_LoggerMin_write4__E)
                  00008956    0000002a     ti.targets.arm.rtsarm.aem4f : System.oem4f (.text:xdc_runtime_System_putchar__I)
                  00008980    00000028     sysbios.aem4f : BIOS.obj (.text:ti_sysbios_knl_Swi_Module_startup__E)
                  000089a8    00000026                   : m3_Hwi_asm.obj (.text:ti_sysbios_family_arm_m3_Hwi_pendSV__I)
                  000089ce    00000026     ti.uia.loggers.aem4f : LoggerMin.oem4f (.text:ti_uia_loggers_LoggerMin_write0__E)
                  000089f4    00000026                          : LoggerMin.oem4f (.text:ti_uia_loggers_LoggerMin_write2__E)
                  00008a1a    00000026     ti.targets.arm.rtsarm.aem4f : System.oem4f (.text:xdc_runtime_System_avprintf__E)
                  00008a40    00000024     rtsv7M4_T_le_v4SPD16_eabi.lib : strcspn.obj (.text)
                  00008a64    00000024     empty_pem4f.oem4f (.text:ti_sysbios_BIOS_registerRTSLock__I)
                  00008a88    00000024     empty_pem4f.oem4f (.text:ti_sysbios_BIOS_removeRTSLock__I)
                  00008aac    00000024     empty_pem4f.oem4f (.text:ti_sysbios_BIOS_startFunc__I)
                  00008ad0    00000024     empty_pem4f.oem4f (.text:ti_sysbios_gates_GateMutex_Object__delete__S)
                  00008af4    00000004     --HOLE-- [fill = 0]
                  00008af8    00000024     sysbios.aem4f : BIOS.obj (.text:ti_sysbios_knl_Clock_Module_startup__E)
                  00008b1c    00000004     --HOLE-- [fill = 0]
                  00008b20    00000024                   : BIOS.obj (.text:ti_sysbios_knl_Task_restoreHwi__E)
                  00008b44    00000024     ti.uia.loggers.aem4f : LoggerMin.oem4f (.text:ti_uia_loggers_LoggerMin_write1__E)
                  00008b68    00000024     ti.targets.arm.rtsarm.aem4f : System.oem4f (.text:xdc_runtime_System_vprintf__E)
                  00008b8c    00000022     driverlib.lib : pwm.obj (.text:PWMGenConfigure)
                  00008bae    00000002     --HOLE-- [fill = 0]
                  00008bb0    00000022     sysbios.aem4f : BIOS.obj (.text:ti_sysbios_family_arm_lm4_Timer_write__I)
                  00008bd2    00000022     empty_pem4f.oem4f (.text:xdc_runtime_SysMin_output__I)
                  00008bf4    00000020     rtsv7M4_T_le_v4SPD16_eabi.lib : u_tofd_t2.obj (.text)
                  00008c14    00000020     empty_pem4f.oem4f (.text:ti_sysbios_BIOS_rtsLock__I)
                  00008c34    00000020     sysbios.aem4f : m3_Hwi_asm.obj (.text:ti_sysbios_family_arm_m3_Hwi_excHandlerAsm__I)
                  00008c54    00000004     --HOLE-- [fill = 0]
                  00008c58    00000020                   : BIOS.obj (.text:ti_sysbios_family_arm_m3_Hwi_excHandler__I)
                  00008c78    00000020     empty_pem4f.oem4f (.text:ti_sysbios_gates_GateHwi_Object__delete__S)
                  00008c98    00000020     empty_pem4f.oem4f (.text:ti_sysbios_heaps_HeapMem_Object__delete__S)
                  00008cb8    00000020     empty_pem4f.oem4f (.text:ti_sysbios_knl_Clock_Object__destruct__S)
                  00008cd8    00000020     sysbios.aem4f : BIOS.obj (.text:ti_sysbios_knl_Idle_run__E)
                  00008cf8    00000020     empty_pem4f.oem4f (.text:ti_sysbios_knl_Semaphore_Object__destruct__S)
                  00008d18    00000020     empty_pem4f.oem4f (.text:ti_uia_loggers_LoggerMin_Object__delete__S)
                  00008d38    00000020     ti.targets.arm.rtsarm.aem4f : Registry.oem4f (.text:xdc_runtime_Registry_findById__E)
                  00008d58    00000020                                 : SysMin.oem4f (.text:xdc_runtime_SysMin_Module_startup__E)
                  00008d78    0000001e     driverlib.lib : adc.obj (.text:ADCSequenceDataGet)
                  00008d96    0000001e                   : pwm.obj (.text:PWMPulseWidthSet)
                  00008db4    0000001e     empty_pem4f.oem4f (.text:ti_sysbios_BIOS_errorRaiseHook__I)
                  00008dd2    0000001e     sysbios.aem4f : m3_Hwi_asm_switch.obj (.text:ti_sysbios_family_xxx_Hwi_switchAndRunFunc)
                  00008df0    0000001c     main.obj (.text:Board_Init)
                  00008e0c    0000001c     RTOSLightSensor.obj (.text:RTOSLightSensorGet)
                  00008e28    0000001c     RTOSPID.obj (.text:RTOSPIDSetSetting)
                  00008e44    0000001c     RTOSPID.obj (.text:RTOSPIDTuneD)
                  00008e60    0000001c     RTOSPID.obj (.text:RTOSPIDTuneI)
                  00008e7c    0000001c     RTOSPID.obj (.text:RTOSPIDTuneP)
                  00008e98    0000001c     RTOSBluetooth.obj (.text:RTOSWriteString)
                  00008eb4    0000001c     driverlib.lib : uart.obj (.text:UARTDisable)
                  00008ed0    0000001c     empty_pem4f.oem4f (.text:ti_sysbios_family_arm_m3_Hwi_Object__destruct__S)
                  00008eec    00000004     --HOLE-- [fill = 0]
                  00008ef0    0000001c     sysbios.aem4f : BIOS.obj (.text:ti_sysbios_gates_GateMutex_Instance_init__E)
                  00008f0c    0000001c     empty_pem4f.oem4f (.text:ti_sysbios_knl_Queue_Object__destruct__S)
                  00008f28    0000001c     sysbios.aem4f : BIOS.obj (.text:ti_sysbios_knl_Task_enter__I)
                  00008f44    0000001c     ti.uia.loggers.aem4f : LoggerMin.oem4f (.text:ti_uia_loggers_LoggerMin_disable__E)
                  00008f60    0000001c                          : LoggerMin.oem4f (.text:ti_uia_loggers_LoggerMin_enable__E)
                  00008f7c    0000001c     ti.targets.arm.rtsarm.aem4f : Error.oem4f (.text:xdc_runtime_Error_raiseX__E)
                  00008f98    0000001c                                 : Memory.oem4f (.text:xdc_runtime_Memory_valloc__E)
                  00008fb4    0000001c                                 : SysMin.oem4f (.text:xdc_runtime_SysMin_exit__E)
                  00008fd0    0000001c                                 : System.oem4f (.text:xdc_runtime_System_abort__E)
                  00008fec    0000001c     empty_pem4f.oem4f (.text:xdc_runtime_System_sprintf__E)
                  00009008    0000001a     empty_pem4f.oem4f (.text:ti_sysbios_family_arm_m3_Hwi_Handle__label__S)
                  00009022    0000001a     empty_pem4f.oem4f (.text:ti_sysbios_gates_GateHwi_Handle__label__S)
                  0000903c    0000001a     empty_pem4f.oem4f (.text:ti_sysbios_gates_GateMutex_Handle__label__S)
                  00009056    0000001a     empty_pem4f.oem4f (.text:ti_sysbios_heaps_HeapMem_Handle__label__S)
                  00009070    0000001a     empty_pem4f.oem4f (.text:ti_sysbios_knl_Swi_Handle__label__S)
                  0000908a    0000001a     empty_pem4f.oem4f (.text:ti_sysbios_knl_Task_Handle__label__S)
                  000090a4    00000004     --HOLE-- [fill = 0]
                  000090a8    0000001a     sysbios.aem4f : BIOS.obj (.text:ti_sysbios_knl_Task_sleepTimeout__I)
                  000090c2    0000001a     empty_pem4f.oem4f (.text:ti_uia_loggers_LoggerMin_Handle__label__S)
                  000090dc    0000001a     empty_pem4f.oem4f (.text:xdc_runtime_System_aprintf__E)
                  000090f6    0000001a     empty_pem4f.oem4f (.text:xdc_runtime_System_printf__E)
                  00009110    00000018     driverlib.lib : adc.obj (.text:ADCProcessorTrigger)
                  00009128    00000018                   : gpio.obj (.text:GPIOPinTypeGPIOOutput)
                  00009140    00000018     drivers_tivaware.aem4f : UART.oem4f (.text:UART_Params_init)
                  00009158    00000018     rtsv7M4_T_le_v4SPD16_eabi.lib : args_main.obj (.text)
                  00009170    00000018                                   : strcmp.obj (.text)
                  00009188    00000018     empty_pem4f.oem4f (.text:ti_sysbios_BIOS_rtsUnlock__I)
                  000091a0    00000018     empty_pem4f.oem4f (.text:ti_sysbios_family_arm_lm4_Timer_Module__startupDone__F)
                  000091b8    00000018     empty_pem4f.oem4f (.text:ti_sysbios_family_arm_m3_Hwi_Module__startupDone__F)
                  000091d0    00000018     sysbios.aem4f : m3_TaskSupport_asm.obj (.text:ti_sysbios_family_arm_m3_TaskSupport_swap__E)
                  000091e8    00000018                   : BIOS.obj (.text:ti_sysbios_gates_GateMutex_leave__E)
                  00009200    00000018     ti.uia.loggers.aem4f : LoggerMin.oem4f (.text:ti_uia_loggers_LoggerMin_Module_startup__E)
                  00009218    00000018     ti.targets.arm.rtsarm.aem4f : Error.oem4f (.text:xdc_runtime_Error_check__E)
                  00009230    00000018                                 : System.oem4f (.text:xdc_runtime_System_exit__E)
                  00009248    00000018                                 : Text.oem4f (.text:xdc_runtime_Text_ropeText__E)
                  00009260    00000016     empty_pem4f.oem4f (.text:ti_sysbios_BIOS_exitFunc__I)
                  00009276    00000016     RTOSBluetooth.obj (.text:ti_sysbios_knl_Semaphore_Params_init)
                  0000928c    00000016     RTOSFlashing.obj (.text:ti_sysbios_knl_Semaphore_Params_init)
                  000092a2    00000016     RTOSBluetooth.obj (.text:ti_sysbios_knl_Task_Params_init)
                  000092b8    00000016     RTOSFlashing.obj (.text:ti_sysbios_knl_Task_Params_init)
                  000092ce    00000016     ti.targets.arm.rtsarm.aem4f : System.oem4f (.text:xdc_runtime_System_vsprintf__E)
                  000092e4    00000014     RTOSBluetooth.obj (.text:RTOSBluetooth_ClockHandler)
                  000092f8    00000014     RTOSFlashing.obj (.text:RTOSFlashingSet)
                  0000930c    00000014     RTOSFlashing.obj (.text:RTOSFlashing_ClockHandler)
                  00009320    00000014     driverlib.lib : sysctl.obj (.text:SysCtlPWMClockSet)
                  00009334    00000014                   : uart.obj (.text:UARTEnable)
                  00009348    00000014     rtsv7M4_T_le_v4SPD16_eabi.lib : _lock.obj (.text)
                  0000935c    00000014                                   : s_copysign.obj (.text)
                  00009370    00000014                                   : strcpy.obj (.text)
                  00009384    00000014                                   : strlen.obj (.text)
                  00009398    00000014     empty_pem4f.oem4f (.text:ti_sysbios_family_arm_m3_Hwi_Object__get__S)
                  000093ac    00000004     --HOLE-- [fill = 0]
                  000093b0    00000014     sysbios.aem4f : BIOS.obj (.text:ti_sysbios_family_arm_m3_Hwi_switchFromBootStack__E)
                  000093c4    00000014     empty_pem4f.oem4f (.text:ti_sysbios_heaps_HeapMem_Object__get__S)
                  000093d8    00000014     empty_pem4f.oem4f (.text:ti_sysbios_knl_Swi_Object__get__S)
                  000093ec    00000012     driverlib.lib : gpio.obj (.text:GPIOPinTypeADC)
                  000093fe    00000012                   : gpio.obj (.text:GPIOPinTypeGPIOInput)
                  00009410    00000012                   : gpio.obj (.text:GPIOPinTypePWM)
                  00009422    00000012                   : gpio.obj (.text:GPIOPinTypeUART)
                  00009434    00000012                   : pwm.obj (.text:PWMOutputState)
                  00009446    00000012     drivers_tivaware.aem4f : RingBuf.oem4f (.text:RingBuf_construct)
                  00009458    00000012     driverlib.lib : timer.obj (.text:TimerLoadSet)
                  0000946a    00000006     rtsv7M4_T_le_v4SPD16_eabi.lib : copy_decompress_rle.obj (.text:decompress:rle24)
                  00009470    00000012     sysbios.aem4f : BIOS.obj (.text:ti_sysbios_hal_Hwi_Module_startup__E)
                  00009482    00000006     Boot.aem4f : Boot_sysctl.oem4f (.text:ti_catalog_arm_cortexm4_tiva_ce_Boot_sysCtlDelayI__I)
                  00009488    00000012     sysbios.aem4f : BIOS.obj (.text:ti_sysbios_hal_Timer_Module_startup__E)
                  0000949a    00000012     empty_pem4f.oem4f (.text:xdc_runtime_Startup_exec__I)
                  000094ac    00000010     driverlib.lib : pwm.obj (.text:PWMGenPeriodSet)
                  000094bc    00000010     drivers_tivaware.aem4f : UARTTiva.oem4f (.text:readBlockingTimeout)
                  000094cc    00000004     --HOLE-- [fill = 0]
                  000094d0    00000010     sysbios.aem4f : BIOS.obj (.text:ti_sysbios_BIOS_getCpuFreq__E)
                  000094e0    00000010                   : BIOS.obj (.text:ti_sysbios_BIOS_setThreadType__E)
                  000094f0    00000010                   : BIOS.obj (.text:ti_sysbios_BIOS_start__E)
                  00009500    00000010                   : BIOS.obj (.text:ti_sysbios_family_arm_lm4_TimestampProvider_rolloverFunc__E)
                  00009510    00000010                   : m3_TaskSupport_asm.obj (.text:ti_sysbios_family_arm_m3_TaskSupport_glue)
                  00009520    00000010                   : BIOS.obj (.text:ti_sysbios_gates_GateMutex_Instance_finalize__E)
                  00009530    00000010                   : BIOS.obj (.text:ti_sysbios_knl_Semaphore_Instance_finalize__E)
                  00009540    00000010                   : BIOS.obj (.text:ti_sysbios_knl_Swi_disable__E)
                  00009550    00000010     empty_pem4f.oem4f (.text:ti_sysbios_knl_Task_Object__get__S)
                  00009560    00000010     sysbios.aem4f : BIOS.obj (.text:ti_sysbios_knl_Task_disable__E)
                  00009570    00000010     empty_pem4f.oem4f (.text:ti_uia_loggers_LoggerMin_genTimestamp__I)
                  00009580    00000010     ti.targets.arm.rtsarm.aem4f : Gate.oem4f (.text:xdc_runtime_Gate_leaveSystem__E)
                  00009590    00000010                                 : Memory.oem4f (.text:xdc_runtime_Memory_free__E)
                  000095a0    00000010                                 : SysMin.oem4f (.text:xdc_runtime_SysMin_ready__E)
                  000095b0    00000010                                 : System.oem4f (.text:xdc_runtime_System_vsnprintf__E)
                  000095c0    00000010     empty_pem4f.oem4f (.text:xdc_runtime_Text_visitRope__I)
                  000095d0    0000000e     driverlib.lib : adc.obj (.text:ADCSequenceDisable)
                  000095de    0000000e                   : adc.obj (.text:ADCSequenceEnable)
                  000095ec    0000000e                   : timer.obj (.text:TimerEnable)
                  000095fa    0000000e                   : uart.obj (.text:UARTCharGetNonBlocking)
                  00009608    0000000e                   : uart.obj (.text:UARTCharPutNonBlocking)
                  00009616    0000000e     rtsv7M4_T_le_v4SPD16_eabi.lib : copy_decompress_none.obj (.text:decompress:none)
                  00009624    0000000e     main.obj (.text:main)
                  00009632    00000006     ti.targets.arm.rtsarm.aem4f : System.oem4f (.text:xdc_runtime_System_Module_startup__E)
                  00009638    0000000e     sysbios.aem4f : BIOS.obj (.text:ti_sysbios_knl_Idle_loop__E)
                  00009646    00000002     --HOLE-- [fill = 0]
                  00009648    0000000e                   : BIOS.obj (.text:ti_sysbios_knl_Queue_empty__E)
                  00009656    00000002     --HOLE-- [fill = 0]
                  00009658    0000000c     empty_pem4f.oem4f (.text:.bootCodeSection:ti_catalog_arm_cortexm4_tiva_ce_Boot_init__I)
                  00009664    0000000c     driverlib.lib : pwm.obj (.text:PWMGenEnable)
                  00009670    0000000c     RTOSLightSensor.obj (.text:RTOSLightSensorCount)
                  0000967c    0000000c     drivers_tivaware.aem4f : RingBuf.oem4f (.text:RingBuf_peek)
                  00009688    0000000c     driverlib.lib : uart.obj (.text:UARTFlowControlSet)
                  00009694    0000000c     drivers_tivaware.aem4f : UARTTiva.oem4f (.text:UARTTiva_init)
                  000096a0    0000000c     sysbios.aem4f : BIOS.obj (.text:ti_sysbios_family_arm_lm4_Timer_getMaxTicks__E)
                  000096ac    00000004     --HOLE-- [fill = 0]
                  000096b0    0000000c                   : BIOS.obj (.text:ti_sysbios_family_arm_lm4_TimestampProvider_startTimer__E)
                  000096bc    0000000c     empty_pem4f.oem4f (.text:ti_sysbios_family_arm_m3_Hwi_Params__init__S)
                  000096c8    0000000c     sysbios.aem4f : BIOS.obj (.text:ti_sysbios_family_arm_m3_Hwi_disableFxn__E)
                  000096d4    00000004     --HOLE-- [fill = 0]
                  000096d8    0000000c                   : BIOS.obj (.text:ti_sysbios_family_arm_m3_TaskSupport_checkStack__E)
                  000096e4    00000004     --HOLE-- [fill = 0]
                  000096e8    0000000c                   : BIOS.obj (.text:ti_sysbios_family_arm_m3_TaskSupport_getStackAlignment__E)
                  000096f4    00000004     --HOLE-- [fill = 0]
                  000096f8    0000000c                   : BIOS.obj (.text:ti_sysbios_gates_GateHwi_enter__E)
                  00009704    0000000c     empty_pem4f.oem4f (.text:ti_sysbios_knl_Clock_Params__init__S)
                  00009710    0000000c     empty_pem4f.oem4f (.text:ti_sysbios_knl_Queue_Object__get__S)
                  0000971c    0000000c     empty_pem4f.oem4f (.text:ti_sysbios_knl_Semaphore_Params__init__S)
                  00009728    0000000c     RTOSBluetooth.obj (.text:ti_sysbios_knl_Semaphore_handle)
                  00009734    0000000c     RTOSFlashing.obj (.text:ti_sysbios_knl_Semaphore_handle)
                  00009740    0000000c     empty_pem4f.oem4f (.text:ti_sysbios_knl_Task_Params__init__S)
                  0000974c    0000000c     ti.targets.arm.rtsarm.aem4f : Error.oem4f (.text:xdc_runtime_Error_init__E)
                  00009758    0000000c                                 : Gate.oem4f (.text:xdc_runtime_Gate_enterSystem__E)
                  00009764    0000000c                                 : Memory.oem4f (.text:xdc_runtime_Memory_calloc__E)
                  00009770    0000000c                                 : Memory.oem4f (.text:xdc_runtime_Memory_getMaxDefaultTypeAlign__E)
                  0000977c    0000000a     driverlib.lib : adc.obj (.text:ADCIntClear)
                  00009786    0000000a     RTOSPID.obj (.text:RTOSPID_ClockHandler)
                  00009790    0000000a     driverlib.lib : timer.obj (.text:TimerValueGet)
                  0000979a    0000000a                   : uart.obj (.text:UARTCharGet)
                  000097a4    0000000a                   : uart.obj (.text:UARTCharPut)
                  000097ae    0000000a                   : uart.obj (.text:UARTIntDisable)
                  000097b8    0000000a                   : uart.obj (.text:UARTIntStatus)
                  000097c2    0000000a     drivers_tivaware.aem4f : UART.oem4f (.text:UART_read)
                  000097cc    0000000a                            : UART.oem4f (.text:UART_write)
                  000097d6    0000000a     empty_pem4f.oem4f (.text:xdc_runtime_IHeap_alloc)
                  000097e0    0000000a     empty_pem4f.oem4f (.text:xdc_runtime_IHeap_free)
                  000097ea    00000008     driverlib.lib : uart.obj (.text:UARTIntEnable)
                  000097f2    00000008                   : uart.obj (.text:UARTRxErrorGet)
                  000097fa    00000008     drivers_tivaware.aem4f : UARTTiva.oem4f (.text:readSemCallback)
                  00009802    00000008     sysbios.aem4f : BIOS.obj (.text:ti_sysbios_family_arm_lm4_Timer_masterDisable__I)
                  0000980a    00000006     --HOLE-- [fill = 0]
                  00009810    00000008                   : BIOS.obj (.text:ti_sysbios_family_arm_m3_Hwi_doSwiRestore__I)
                  00009818    00000008                   : BIOS.obj (.text:ti_sysbios_family_arm_m3_Hwi_startup__E)
                  00009820    00000008     drivers_tivaware.aem4f : UARTTiva.oem4f (.text:writeSemCallback)
                  00009828    00000006     sysbios.aem4f : BIOS.obj (.text:ti_sysbios_family_arm_lm4_TimestampProvider_Module_startup__E)
                  0000982e    00000002     --HOLE-- [fill = 0]
                  00009830    00000006                   : BIOS.obj (.text:ti_sysbios_family_arm_m3_Hwi_doTaskRestore__I)
                  00009836    00000002     --HOLE-- [fill = 0]
                  00009838    00000006                   : BIOS.obj (.text:ti_sysbios_family_arm_m3_Hwi_restoreFxn__E)
                  0000983e    00000002     --HOLE-- [fill = 0]
                  00009840    00000006                   : BIOS.obj (.text:ti_sysbios_gates_GateHwi_leave__E)
                  00009846    00000002     --HOLE-- [fill = 0]
                  00009848    00000006                   : BIOS.obj (.text:ti_sysbios_heaps_HeapMem_isBlocking__E)
                  0000984e    00000002     --HOLE-- [fill = 0]
                  00009850    00000006                   : BIOS.obj (.text:ti_sysbios_knl_Clock_stop__E)
                  00009856    00000002     --HOLE-- [fill = 0]
                  00009858    00000006                   : BIOS.obj (.text:ti_sysbios_knl_Queue_Instance_init__E)
                  0000985e    00000002     --HOLE-- [fill = 0]
                  00009860    00000006                   : BIOS.obj (.text:ti_sysbios_knl_Swi_startup__E)
                  00009866    00000002     --HOLE-- [fill = 0]
                  00009868    00000004                   : BIOS.obj (.text:ti_sysbios_family_arm_lm4_Timer_getPeriod__E)
                  0000986c    00000004     --HOLE-- [fill = 0]
                  00009870    00000004                   : BIOS.obj (.text:ti_sysbios_gates_GateHwi_query__E)
                  00009874    00000004     --HOLE-- [fill = 0]
                  00009878    00000004                   : BIOS.obj (.text:ti_sysbios_gates_GateMutex_query__E)
                  0000987c    00000004     --HOLE-- [fill = 0]
                  00009880    00000004                   : BIOS.obj (.text:ti_sysbios_knl_Task_startup__E)
                  00009884    00000004     --HOLE-- [fill = 0]
                  00009888    00000002                   : BIOS.obj (.text:ti_sysbios_gates_GateHwi_Instance_init__E)

.const     0    00009890    000029a1     
                  00009890    00001f3b     empty_pem4f.oem4f (.const:xdc_runtime_Text_charTab__A)
                  0000b7cb    00000101     rtsv7M4_T_le_v4SPD16_eabi.lib : ctype.obj (.const:.string:_ctypes_)
                  0000b8cc    000000f8     empty_pem4f.oem4f (.const:xdc_runtime_Text_nodeTab__A)
                  0000b9c4    00000090     driverlib.lib : gpio.obj (.const:g_pui32GPIOBaseAddrs)
                  0000ba54    0000006c                   : sysctl.obj (.const:g_pui32Xtals)
                  0000bac0    0000004c     drivers_tivaware.aem4f : UARTTiva.oem4f (.const)
                  0000bb0c    00000048     empty_pem4f.oem4f (.const:.string)
                  0000bb54    0000003c     empty_pem4f.oem4f (.const:ti_sysbios_knl_Task_Object__PARAMS__C)
                  0000bb90    00000034     empty_pem4f.oem4f (.const:ti_uia_loggers_LoggerMin_Module__FXNS__C)
                  0000bbc4    00000004     empty_pem4f.oem4f (.const:ti_catalog_arm_cortexm4_tiva_ce_Boot_A_mustUseEnhancedClockMode__C)
                  0000bbc8    00000030     rtsv7M4_T_le_v4SPD16_eabi.lib : e_pow.obj (.const:$O1$$)
                  0000bbf8    00000030     empty_pem4f.oem4f (.const:ti_sysbios_family_arm_m3_Hwi_Object__PARAMS__C)
                  0000bc28    0000002c     empty_pem4f.oem4f (.const:xdc_runtime_Startup_sfxnTab__A)
                  0000bc54    00000028     drivers_tivaware.aem4f : UARTTiva.oem4f (.const:UARTTiva_fxnTable)
                  0000bc7c    00000028     empty_pem4f.oem4f (.const:ti_sysbios_heaps_HeapMem_Module__FXNS__C)
                  0000bca4    00000024     drivers_tivaware.aem4f : UART.oem4f (.const:UART_defaultParams)
                  0000bcc8    00000024     RTOSBluetooth.obj (.const:rtosbtconfig)
                  0000bcec    00000024     empty_pem4f.oem4f (.const:ti_sysbios_gates_GateHwi_Module__FXNS__C)
                  0000bd10    00000024     empty_pem4f.oem4f (.const:ti_sysbios_gates_GateMutex_Module__FXNS__C)
                  0000bd34    00000024     empty_pem4f.oem4f (.const:ti_sysbios_heaps_HeapMem_Object__PARAMS__C)
                  0000bd58    00000024     empty_pem4f.oem4f (.const:ti_sysbios_knl_Clock_Object__PARAMS__C)
                  0000bd7c    00000024     empty_pem4f.oem4f (.const:ti_sysbios_knl_Semaphore_Object__PARAMS__C)
                  0000bda0    00000020     empty_pem4f.oem4f (.const:ti_sysbios_family_arm_m3_Hwi_Object__DESC__C)
                  0000bdc0    00000020     empty_pem4f.oem4f (.const:ti_sysbios_gates_GateHwi_Object__DESC__C)
                  0000bde0    00000020     empty_pem4f.oem4f (.const:ti_sysbios_gates_GateMutex_Object__DESC__C)
                  0000be00    00000020     empty_pem4f.oem4f (.const:ti_sysbios_heaps_HeapMem_Object__DESC__C)
                  0000be20    00000020     empty_pem4f.oem4f (.const:ti_sysbios_knl_Clock_Object__DESC__C)
                  0000be40    00000020     empty_pem4f.oem4f (.const:ti_sysbios_knl_Queue_Object__DESC__C)
                  0000be60    00000020     empty_pem4f.oem4f (.const:ti_sysbios_knl_Semaphore_Object__DESC__C)
                  0000be80    00000020     empty_pem4f.oem4f (.const:ti_sysbios_knl_Task_Object__DESC__C)
                  0000bea0    00000020     empty_pem4f.oem4f (.const:ti_uia_loggers_LoggerMin_Object__DESC__C)
                  0000bec0    00000018     RTOSBluetooth.obj (.const:UART_config)
                  0000bed8    00000018     empty_pem4f.oem4f (.const:ti_sysbios_gates_GateHwi_Object__PARAMS__C)
                  0000bef0    00000018     empty_pem4f.oem4f (.const:ti_sysbios_gates_GateMutex_Object__PARAMS__C)
                  0000bf08    00000018     empty_pem4f.oem4f (.const:ti_sysbios_knl_Queue_Object__PARAMS__C)
                  0000bf20    00000018     empty_pem4f.oem4f (.const:ti_uia_loggers_LoggerMin_Object__PARAMS__C)
                  0000bf38    00000018     RTOSBluetooth.obj (.const:uartTivaHWAttrs)
                  0000bf50    00000016     empty_pem4f.oem4f (.const:xdc_runtime_Startup_sfxnRts__A)
                  0000bf66    00000002     empty_pem4f.oem4f (.const:ti_catalog_arm_cortexm4_tiva_ce_Boot_Module__id__C)
                  0000bf68    00000014     empty_pem4f.oem4f (.const:xdc_runtime_Startup_firstFxns__A)
                  0000bf7c    00000008     empty_pem4f.oem4f (.const:ti_sysbios_family_arm_m3_Hwi_excHookFuncs__A)
                  0000bf84    00000008     empty_pem4f.oem4f (.const:ti_sysbios_knl_Idle_funcList__C)
                  0000bf8c    00000008     empty_pem4f.oem4f (.const:xdc_runtime_Startup_firstFxns__C)
                  0000bf94    00000008     empty_pem4f.oem4f (.const:xdc_runtime_Startup_lastFxns__C)
                  0000bf9c    00000006     RTOSFlashing.obj (.const:$P$T5$1)
                  0000bfa2    00000006     RTOSFlashing.obj (.const:$P$T6$2)
                  0000bfa8    00000006     RTOSFlashing.obj (.const:$P$T7$3)
                  0000bfae    00000006     RTOSFlashing.obj (.const:$P$T8$4)
                  0000bfb4    00000006     RTOSFlashing.obj (.const:$P$T9$5)
                  0000bfba    00000002     empty_pem4f.oem4f (.const:ti_sysbios_family_arm_lm4_TimestampProvider_useClockTimer__C)
                  0000bfbc    00000004     empty_pem4f.oem4f (.const:ti_catalog_arm_cortexm4_tiva_ce_Boot_Module__diagsEnabled__C)
                  0000bfc0    00000004     empty_pem4f.oem4f (.const:ti_catalog_arm_cortexm4_tiva_ce_Boot_Module__diagsIncluded__C)
                  0000bfc4    00000004     empty_pem4f.oem4f (.const:ti_catalog_arm_cortexm4_tiva_ce_Boot_Module__diagsMask__C)
                  0000bfc8    00000004     empty_pem4f.oem4f (.const:ti_sysbios_family_arm_lm4_Timer_enableFunc__C)
                  0000bfcc    00000004     empty_pem4f.oem4f (.const:ti_sysbios_family_arm_lm4_Timer_numTimerDevices__C)
                  0000bfd0    00000004     empty_pem4f.oem4f (.const:ti_sysbios_family_arm_lm4_Timer_startupNeeded__C)
                  0000bfd4    00000004     empty_pem4f.oem4f (.const:ti_sysbios_family_arm_m3_Hwi_E_NMI__C)
                  0000bfd8    00000004     empty_pem4f.oem4f (.const:ti_sysbios_family_arm_m3_Hwi_E_alreadyDefined__C)
                  0000bfdc    00000004     empty_pem4f.oem4f (.const:ti_sysbios_family_arm_m3_Hwi_E_busFault__C)
                  0000bfe0    00000004     empty_pem4f.oem4f (.const:ti_sysbios_family_arm_m3_Hwi_E_debugMon__C)
                  0000bfe4    00000004     empty_pem4f.oem4f (.const:ti_sysbios_family_arm_m3_Hwi_E_hardFault__C)
                  0000bfe8    00000004     empty_pem4f.oem4f (.const:ti_sysbios_family_arm_m3_Hwi_E_memFault__C)
                  0000bfec    00000004     empty_pem4f.oem4f (.const:ti_sysbios_family_arm_m3_Hwi_E_noIsr__C)
                  0000bff0    00000004     empty_pem4f.oem4f (.const:ti_sysbios_family_arm_m3_Hwi_E_reserved__C)
                  0000bff4    00000004     empty_pem4f.oem4f (.const:ti_sysbios_family_arm_m3_Hwi_E_svCall__C)
                  0000bff8    00000004     empty_pem4f.oem4f (.const:ti_sysbios_family_arm_m3_Hwi_E_usageFault__C)
                  0000bffc    00000004     empty_pem4f.oem4f (.const:ti_sysbios_family_arm_m3_Hwi_LD_end__C)
                  0000c000    00000004     empty_pem4f.oem4f (.const:ti_sysbios_family_arm_m3_Hwi_LM_begin__C)
                  0000c004    00000004     empty_pem4f.oem4f (.const:ti_sysbios_family_arm_m3_Hwi_Module__diagsEnabled__C)
                  0000c008    00000004     empty_pem4f.oem4f (.const:ti_sysbios_family_arm_m3_Hwi_Module__diagsIncluded__C)
                  0000c00c    00000004     empty_pem4f.oem4f (.const:ti_sysbios_family_arm_m3_Hwi_Module__diagsMask__C)
                  0000c010    00000004     empty_pem4f.oem4f (.const:ti_sysbios_family_arm_m3_Hwi_Module__loggerFxn1__C)
                  0000c014    00000004     empty_pem4f.oem4f (.const:ti_sysbios_family_arm_m3_Hwi_Module__loggerFxn8__C)
                  0000c018    00000004     empty_pem4f.oem4f (.const:ti_sysbios_family_arm_m3_Hwi_Module__loggerObj__C)
                  0000c01c    00000004     empty_pem4f.oem4f (.const:ti_sysbios_family_arm_m3_Hwi_NUM_INTERRUPTS__C)
                  0000c020    00000004     empty_pem4f.oem4f (.const:ti_sysbios_family_arm_m3_Hwi_Object__count__C)
                  0000c024    00000004     empty_pem4f.oem4f (.const:ti_sysbios_family_arm_m3_Hwi_ccr__C)
                  0000c028    00000004     empty_pem4f.oem4f (.const:ti_sysbios_family_arm_m3_Hwi_excHandlerFunc__C)
                  0000c02c    00000004     empty_pem4f.oem4f (.const:ti_sysbios_family_arm_m3_Hwi_excHookFuncs__C)
                  0000c030    00000004     empty_pem4f.oem4f (.const:ti_sysbios_family_arm_m3_Hwi_nullIsrFunc__C)
                  0000c034    00000004     empty_pem4f.oem4f (.const:ti_sysbios_family_arm_m3_Hwi_priGroup__C)
                  0000c038    00000004     empty_pem4f.oem4f (.const:ti_sysbios_family_arm_m3_TaskSupport_stackAlignment__C)
                  0000c03c    00000004     empty_pem4f.oem4f (.const:ti_sysbios_gates_GateMutex_A_badContext__C)
                  0000c040    00000004     empty_pem4f.oem4f (.const:ti_sysbios_gates_GateMutex_Instance_State_sem__O)
                  0000c044    00000004     empty_pem4f.oem4f (.const:ti_sysbios_gates_GateMutex_Module__diagsEnabled__C)
                  0000c048    00000004     empty_pem4f.oem4f (.const:ti_sysbios_gates_GateMutex_Module__diagsIncluded__C)
                  0000c04c    00000004     empty_pem4f.oem4f (.const:ti_sysbios_gates_GateMutex_Module__diagsMask__C)
                  0000c050    00000004     empty_pem4f.oem4f (.const:ti_sysbios_hal_Hwi_E_stackOverflow__C)
                  0000c054    00000004     empty_pem4f.oem4f (.const:ti_sysbios_heaps_HeapMem_A_align__C)
                  0000c058    00000004     empty_pem4f.oem4f (.const:ti_sysbios_heaps_HeapMem_A_heapSize__C)
                  0000c05c    00000004     empty_pem4f.oem4f (.const:ti_sysbios_heaps_HeapMem_A_invalidFree__C)
                  0000c060    00000004     empty_pem4f.oem4f (.const:ti_sysbios_heaps_HeapMem_A_zeroBlock__C)
                  0000c064    00000004     empty_pem4f.oem4f (.const:ti_sysbios_heaps_HeapMem_E_memory__C)
                  0000c068    00000004     empty_pem4f.oem4f (.const:ti_sysbios_heaps_HeapMem_Module__diagsEnabled__C)
                  0000c06c    00000004     empty_pem4f.oem4f (.const:ti_sysbios_heaps_HeapMem_Module__diagsIncluded__C)
                  0000c070    00000004     empty_pem4f.oem4f (.const:ti_sysbios_heaps_HeapMem_Module__diagsMask__C)
                  0000c074    00000004     empty_pem4f.oem4f (.const:ti_sysbios_heaps_HeapMem_Module__gateObj__C)
                  0000c078    00000004     empty_pem4f.oem4f (.const:ti_sysbios_heaps_HeapMem_Object__count__C)
                  0000c07c    00000004     empty_pem4f.oem4f (.const:ti_sysbios_heaps_HeapMem_reqAlign__C)
                  0000c080    00000004     empty_pem4f.oem4f (.const:ti_sysbios_knl_Clock_A_badThreadType__C)
                  0000c084    00000004     empty_pem4f.oem4f (.const:ti_sysbios_knl_Clock_LM_begin__C)
                  0000c088    00000004     empty_pem4f.oem4f (.const:ti_sysbios_knl_Clock_LM_tick__C)
                  0000c08c    00000004     empty_pem4f.oem4f (.const:ti_sysbios_knl_Clock_LW_delayed__C)
                  0000c090    00000004     empty_pem4f.oem4f (.const:ti_sysbios_knl_Clock_Module_State_clockQ__O)
                  0000c094    00000004     empty_pem4f.oem4f (.const:ti_sysbios_knl_Clock_Module__diagsEnabled__C)
                  0000c098    00000004     empty_pem4f.oem4f (.const:ti_sysbios_knl_Clock_Module__diagsIncluded__C)
                  0000c09c    00000004     empty_pem4f.oem4f (.const:ti_sysbios_knl_Clock_Module__diagsMask__C)
                  0000c0a0    00000004     empty_pem4f.oem4f (.const:ti_sysbios_knl_Clock_Module__loggerFxn1__C)
                  0000c0a4    00000004     empty_pem4f.oem4f (.const:ti_sysbios_knl_Clock_Module__loggerFxn2__C)
                  0000c0a8    00000004     empty_pem4f.oem4f (.const:ti_sysbios_knl_Clock_Module__loggerObj__C)
                  0000c0ac    00000004     empty_pem4f.oem4f (.const:ti_sysbios_knl_Idle_funcList__A)
                  0000c0b0    00000004     empty_pem4f.oem4f (.const:ti_sysbios_knl_Semaphore_A_badContext__C)
                  0000c0b4    00000004     empty_pem4f.oem4f (.const:ti_sysbios_knl_Semaphore_A_noEvents__C)
                  0000c0b8    00000004     empty_pem4f.oem4f (.const:ti_sysbios_knl_Semaphore_A_overflow__C)
                  0000c0bc    00000004     empty_pem4f.oem4f (.const:ti_sysbios_knl_Semaphore_A_pendTaskDisabled__C)
                  0000c0c0    00000004     empty_pem4f.oem4f (.const:ti_sysbios_knl_Semaphore_Instance_State_pendQ__O)
                  0000c0c4    00000004     empty_pem4f.oem4f (.const:ti_sysbios_knl_Semaphore_LM_pend__C)
                  0000c0c8    00000004     empty_pem4f.oem4f (.const:ti_sysbios_knl_Semaphore_LM_post__C)
                  0000c0cc    00000004     empty_pem4f.oem4f (.const:ti_sysbios_knl_Semaphore_Module__diagsEnabled__C)
                  0000c0d0    00000004     empty_pem4f.oem4f (.const:ti_sysbios_knl_Semaphore_Module__diagsIncluded__C)
                  0000c0d4    00000004     empty_pem4f.oem4f (.const:ti_sysbios_knl_Semaphore_Module__diagsMask__C)
                  0000c0d8    00000004     empty_pem4f.oem4f (.const:ti_sysbios_knl_Semaphore_Module__loggerFxn2__C)
                  0000c0dc    00000004     empty_pem4f.oem4f (.const:ti_sysbios_knl_Semaphore_Module__loggerFxn4__C)
                  0000c0e0    00000004     empty_pem4f.oem4f (.const:ti_sysbios_knl_Semaphore_Module__loggerObj__C)
                  0000c0e4    00000004     empty_pem4f.oem4f (.const:ti_sysbios_knl_Swi_LD_end__C)
                  0000c0e8    00000004     empty_pem4f.oem4f (.const:ti_sysbios_knl_Swi_LM_begin__C)
                  0000c0ec    00000004     empty_pem4f.oem4f (.const:ti_sysbios_knl_Swi_LM_post__C)
                  0000c0f0    00000004     empty_pem4f.oem4f (.const:ti_sysbios_knl_Swi_Module__diagsEnabled__C)
                  0000c0f4    00000004     empty_pem4f.oem4f (.const:ti_sysbios_knl_Swi_Module__diagsIncluded__C)
                  0000c0f8    00000004     empty_pem4f.oem4f (.const:ti_sysbios_knl_Swi_Module__diagsMask__C)
                  0000c0fc    00000004     empty_pem4f.oem4f (.const:ti_sysbios_knl_Swi_Module__loggerFxn1__C)
                  0000c100    00000004     empty_pem4f.oem4f (.const:ti_sysbios_knl_Swi_Module__loggerFxn4__C)
                  0000c104    00000004     empty_pem4f.oem4f (.const:ti_sysbios_knl_Swi_Module__loggerObj__C)
                  0000c108    00000004     empty_pem4f.oem4f (.const:ti_sysbios_knl_Swi_Object__count__C)
                  0000c10c    00000004     empty_pem4f.oem4f (.const:ti_sysbios_knl_Task_A_badPriority__C)
                  0000c110    00000004     empty_pem4f.oem4f (.const:ti_sysbios_knl_Task_A_badTaskState__C)
                  0000c114    00000004     empty_pem4f.oem4f (.const:ti_sysbios_knl_Task_A_badThreadType__C)
                  0000c118    00000004     empty_pem4f.oem4f (.const:ti_sysbios_knl_Task_A_badTimeout__C)
                  0000c11c    00000004     empty_pem4f.oem4f (.const:ti_sysbios_knl_Task_A_noPendElem__C)
                  0000c120    00000004     empty_pem4f.oem4f (.const:ti_sysbios_knl_Task_A_sleepTaskDisabled__C)
                  0000c124    00000004     empty_pem4f.oem4f (.const:ti_sysbios_knl_Task_E_spOutOfBounds__C)
                  0000c128    00000004     empty_pem4f.oem4f (.const:ti_sysbios_knl_Task_E_stackOverflow__C)
                  0000c12c    00000004     empty_pem4f.oem4f (.const:ti_sysbios_knl_Task_LD_block__C)
                  0000c130    00000004     empty_pem4f.oem4f (.const:ti_sysbios_knl_Task_LD_exit__C)
                  0000c134    00000004     empty_pem4f.oem4f (.const:ti_sysbios_knl_Task_LD_ready__C)
                  0000c138    00000004     empty_pem4f.oem4f (.const:ti_sysbios_knl_Task_LM_sleep__C)
                  0000c13c    00000004     empty_pem4f.oem4f (.const:ti_sysbios_knl_Task_LM_switch__C)
                  0000c140    00000004     empty_pem4f.oem4f (.const:ti_sysbios_knl_Task_Module_State_inactiveQ__O)
                  0000c144    00000004     empty_pem4f.oem4f (.const:ti_sysbios_knl_Task_Module__diagsEnabled__C)
                  0000c148    00000004     empty_pem4f.oem4f (.const:ti_sysbios_knl_Task_Module__diagsIncluded__C)
                  0000c14c    00000004     empty_pem4f.oem4f (.const:ti_sysbios_knl_Task_Module__diagsMask__C)
                  0000c150    00000004     empty_pem4f.oem4f (.const:ti_sysbios_knl_Task_Module__loggerFxn2__C)
                  0000c154    00000004     empty_pem4f.oem4f (.const:ti_sysbios_knl_Task_Module__loggerFxn4__C)
                  0000c158    00000004     empty_pem4f.oem4f (.const:ti_sysbios_knl_Task_Module__loggerObj__C)
                  0000c15c    00000004     empty_pem4f.oem4f (.const:ti_sysbios_knl_Task_Object__count__C)
                  0000c160    00000004     empty_pem4f.oem4f (.const:ti_sysbios_knl_Task_allBlockedFunc__C)
                  0000c164    00000004     empty_pem4f.oem4f (.const:ti_sysbios_knl_Task_defaultStackHeap__C)
                  0000c168    00000004     empty_pem4f.oem4f (.const:ti_sysbios_knl_Task_defaultStackSize__C)
                  0000c16c    00000004     empty_pem4f.oem4f (.const:ti_sysbios_knl_Task_numConstructedTasks__C)
                  0000c170    00000004     empty_pem4f.oem4f (.const:xdc_runtime_Assert_E_assertFailed__C)
                  0000c174    00000004     empty_pem4f.oem4f (.const:xdc_runtime_Core_A_initializedParams__C)
                  0000c178    00000004     empty_pem4f.oem4f (.const:xdc_runtime_Core_Module__diagsEnabled__C)
                  0000c17c    00000004     empty_pem4f.oem4f (.const:xdc_runtime_Core_Module__diagsIncluded__C)
                  0000c180    00000004     empty_pem4f.oem4f (.const:xdc_runtime_Core_Module__diagsMask__C)
                  0000c184    00000004     empty_pem4f.oem4f (.const:xdc_runtime_Error_E_memory__C)
                  0000c188    00000004     empty_pem4f.oem4f (.const:xdc_runtime_Error_Module__diagsEnabled__C)
                  0000c18c    00000004     empty_pem4f.oem4f (.const:xdc_runtime_Error_Module__diagsIncluded__C)
                  0000c190    00000004     empty_pem4f.oem4f (.const:xdc_runtime_Error_Module__diagsMask__C)
                  0000c194    00000004     empty_pem4f.oem4f (.const:xdc_runtime_Error_Module__loggerFxn8__C)
                  0000c198    00000004     empty_pem4f.oem4f (.const:xdc_runtime_Error_Module__loggerObj__C)
                  0000c19c    00000004     empty_pem4f.oem4f (.const:xdc_runtime_Error_policyFxn__C)
                  0000c1a0    00000004     empty_pem4f.oem4f (.const:xdc_runtime_Error_raiseHook__C)
                  0000c1a4    00000004     empty_pem4f.oem4f (.const:xdc_runtime_IGateProvider_Interface__BASE__C)
                  0000c1a8    00000004     empty_pem4f.oem4f (.const:xdc_runtime_IHeap_Interface__BASE__C)
                  0000c1ac    00000004     empty_pem4f.oem4f (.const:xdc_runtime_ILogger_Interface__BASE__C)
                  0000c1b0    00000004     empty_pem4f.oem4f (.const:xdc_runtime_IModule_Interface__BASE__C)
                  0000c1b4    00000004     empty_pem4f.oem4f (.const:xdc_runtime_Log_L_error__C)
                  0000c1b8    00000004     empty_pem4f.oem4f (.const:xdc_runtime_Memory_defaultHeapInstance__C)
                  0000c1bc    00000004     empty_pem4f.oem4f (.const:xdc_runtime_Startup_execImpl__C)
                  0000c1c0    00000004     empty_pem4f.oem4f (.const:xdc_runtime_Startup_lastFxns__A)
                  0000c1c4    00000004     empty_pem4f.oem4f (.const:xdc_runtime_Startup_maxPasses__C)
                  0000c1c8    00000004     empty_pem4f.oem4f (.const:xdc_runtime_Startup_sfxnRts__C)
                  0000c1cc    00000004     empty_pem4f.oem4f (.const:xdc_runtime_Startup_sfxnTab__C)
                  0000c1d0    00000004     empty_pem4f.oem4f (.const:xdc_runtime_SysMin_bufSize__C)
                  0000c1d4    00000004     empty_pem4f.oem4f (.const:xdc_runtime_SysMin_outputFunc__C)
                  0000c1d8    00000004     empty_pem4f.oem4f (.const:xdc_runtime_System_Module__gateObj__C)
                  0000c1dc    00000004     empty_pem4f.oem4f (.const:xdc_runtime_System_abortFxn__C)
                  0000c1e0    00000004     empty_pem4f.oem4f (.const:xdc_runtime_System_exitFxn__C)
                  0000c1e4    00000004     empty_pem4f.oem4f (.const:xdc_runtime_System_extendFxn__C)
                  0000c1e8    00000004     empty_pem4f.oem4f (.const:xdc_runtime_System_maxAtexitHandlers__C)
                  0000c1ec    00000004     empty_pem4f.oem4f (.const:xdc_runtime_Text_charTab__C)
                  0000c1f0    00000004     empty_pem4f.oem4f (.const:xdc_runtime_Text_nameEmpty__C)
                  0000c1f4    00000004     empty_pem4f.oem4f (.const:xdc_runtime_Text_nameStatic__C)
                  0000c1f8    00000004     empty_pem4f.oem4f (.const:xdc_runtime_Text_nameUnknown__C)
                  0000c1fc    00000004     empty_pem4f.oem4f (.const:xdc_runtime_Text_nodeTab__C)
                  0000c200    00000004     empty_pem4f.oem4f (.const:xdc_runtime_Text_visitRopeFxn__C)
                  0000c204    00000002     empty_pem4f.oem4f (.const:ti_sysbios_family_arm_m3_Hwi_Module__id__C)
                  0000c206    00000002     empty_pem4f.oem4f (.const:ti_sysbios_family_arm_m3_Hwi_Module__loggerDefined__C)
                  0000c208    00000002     empty_pem4f.oem4f (.const:ti_sysbios_gates_GateMutex_Module__id__C)
                  0000c20a    00000002     empty_pem4f.oem4f (.const:ti_sysbios_hal_Hwi_Module__id__C)
                  0000c20c    00000002     empty_pem4f.oem4f (.const:ti_sysbios_heaps_HeapMem_Module__id__C)
                  0000c20e    00000002     empty_pem4f.oem4f (.const:ti_sysbios_knl_Clock_Module__id__C)
                  0000c210    00000002     empty_pem4f.oem4f (.const:ti_sysbios_knl_Clock_Module__loggerDefined__C)
                  0000c212    00000002     empty_pem4f.oem4f (.const:ti_sysbios_knl_Semaphore_Module__id__C)
                  0000c214    00000002     empty_pem4f.oem4f (.const:ti_sysbios_knl_Semaphore_Module__loggerDefined__C)
                  0000c216    00000002     empty_pem4f.oem4f (.const:ti_sysbios_knl_Swi_Module__id__C)
                  0000c218    00000002     empty_pem4f.oem4f (.const:ti_sysbios_knl_Swi_Module__loggerDefined__C)
                  0000c21a    00000002     empty_pem4f.oem4f (.const:ti_sysbios_knl_Task_Module__id__C)
                  0000c21c    00000002     empty_pem4f.oem4f (.const:ti_sysbios_knl_Task_Module__loggerDefined__C)
                  0000c21e    00000002     empty_pem4f.oem4f (.const:xdc_runtime_Core_Module__id__C)
                  0000c220    00000002     empty_pem4f.oem4f (.const:xdc_runtime_Error_Module__loggerDefined__C)
                  0000c222    00000002     empty_pem4f.oem4f (.const:xdc_runtime_Error_maxDepth__C)
                  0000c224    00000002     empty_pem4f.oem4f (.const:xdc_runtime_Memory_Module__id__C)
                  0000c226    00000002     empty_pem4f.oem4f (.const:xdc_runtime_SysMin_flushAtExit__C)
                  0000c228    00000002     empty_pem4f.oem4f (.const:xdc_runtime_Text_charCnt__C)
                  0000c22a    00000002     empty_pem4f.oem4f (.const:xdc_runtime_Text_isLoaded__C)
                  0000c22c    00000002     empty_pem4f.oem4f (.const:xdc_runtime_Text_registryModsLastId__C)
                  0000c22e    00000002     empty_pem4f.oem4f (.const:xdc_runtime_Text_unnamedModsLastId__C)
                  0000c230    00000001     empty_pem4f.oem4f (.const:xdc_runtime_Error_policy__C)

.cinit     0    0000c238    00000434     
                  0000c238    000003f4     (.cinit..data.load) [load image, compression = rle]
                  0000c62c    00000004     --HOLE-- [fill = 0]
                  0000c630    0000000b     (.cinit..bss.load) [load image, compression = rle]
                  0000c63b    00000005     --HOLE-- [fill = 0]
                  0000c640    0000000b     (.cinit..vecs.load) [load image, compression = rle]
                  0000c64b    00000001     --HOLE-- [fill = 0]
                  0000c64c    00000008     (__TI_handler_table)
                  0000c654    00000018     (__TI_cinit_table)

.init_array 
*          0    00000000    00000000     UNINITIALIZED

.resetVecs 
*          0    00000000    0000003c     
                  00000000    0000003c     empty_pem4f.oem4f (.resetVecs)

.vecs      0    20000000    00000360     UNINITIALIZED
                  20000000    00000360     empty_pem4f.oem4f (.vecs)

.bss       0    20000360    00001732     UNINITIALIZED
                  20000360    00000360     (.common:ti_sysbios_family_arm_m3_Hwi_dispatchTable)
                  200006c0    00000300     (.common:ti_sysbios_heaps_HeapMem_Instance_State_0_buf__A)
                  200009c0    00000200     empty_pem4f.oem4f (.bss:taskStackSection)
                  20000bc0    00000200     (.common:RTOSBT_RXTaskStack)
                  20000dc0    00000200     (.common:RTOSBT_TXTaskStack)
                  20000fc0    00000200     (.common:RTOSFlashingTaskStack)
                  200011c0    00000200     (.common:ti_uia_loggers_LoggerMin_Module_State_0_packetBuffer__A)
                  200013c0    00000120     rtsv7M4_T_le_v4SPD16_eabi.lib : trgmsg.obj (.bss:_CIOBUF_)
                  200014e0    00000100     (.common:RTOSCommanderOutString)
                  200015e0    000000cc     (.common:uartTivaObjects)
                  200016ac    00000080     (.common:xdc_runtime_SysMin_Module_State_0_outbuf__A)
                  2000172c    00000050     (.common:RTOSBT_RXTaskStruct)
                  2000177c    00000050     (.common:RTOSBT_TXTaskStruct)
                  200017cc    00000050     (.common:RTOSFlashingtask0)
                  2000181c    00000050     (.common:RTOSLightSensorHolder)
                  2000186c    00000050     (.common:RTOSPIDSetting)
                  200018bc    0000003c     (.common:RTOSBT_RXTaskParams)
                  200018f8    0000003c     (.common:RTOSBT_TXTaskParams)
                  20001934    00000034     (.common:RTOSLightSensorWriteStr)
                  20001968    00000020     RTOSBluetooth.obj (.bss:RTOSBT_Command)
                  20001988    00000020     (.common:RTOSCommander_Raw)
                  200019a8    00000020     (.common:uartTivaRingBuffer)
                  200019c8    0000001c     (.common:RTOSBT_RXSemStruct)
                  200019e4    0000001c     (.common:RTOSBT_TXSemStruct)
                  20001a00    0000001c     (.common:RTOSFlashingStructSem)
                  20001a1c    0000000c     (.common:RTOSCommanderTemp)
                  20001a28    0000000c     (.common:RTOSCommanderTempU)
                  20001a34    00000008     rtsv7M4_T_le_v4SPD16_eabi.lib : trgdrv.obj (.bss:parmbuf)
                  20001a3c    00000004     (.common:PIDError)
                  20001a40    00000004     (.common:PIDPWMAdjust)
                  20001a44    00000004     (.common:PIDPreError)
                  20001a48    00000004     (.common:PIDtotalerror)
                  20001a4c    00000004     (.common:RTOSBT_RXSem)
                  20001a50    00000004     (.common:RTOSBT_TXSem)
                  20001a54    00000004     (.common:RTOSBT_Uart)
                  20001a58    00000004     (.common:RTOSBT_WriteString)
                  20001a5c    00000004     (.common:RTOSCommander_token)
                  20001a60    00000004     (.common:RTOSDistanceFront)
                  20001a64    00000004     (.common:RTOSDistanceFrontTemp)
                  20001a68    00000004     (.common:RTOSDistanceFrontVol)
                  20001a6c    00000004     (.common:RTOSDistanceRight)
                  20001a70    00000004     (.common:RTOSDistanceRightTemp)
                  20001a74    00000004     (.common:RTOSDistanceRightVol)
                  20001a78    00000004     (.common:RTOSFlashingSem)
                  20001a7c    00000004     (.common:RTOSLightTemp1)
                  20001a80    00000004     (.common:RTOSLightTemp2)
                  20001a84    00000004     (.common:temp_d)
                  20001a88    00000004     (.common:temp_i)
                  20001a8c    00000004     (.common:temp_p)
                  20001a90    00000002     (.common:RTOSILoop)

.data      0    20001a94    0000055c     UNINITIALIZED
                  20001a94    00000080     empty_pem4f.oem4f (.data:ti_sysbios_family_arm_lm4_Timer_Object__table__V)
                  20001b14    00000080     empty_pem4f.oem4f (.data:ti_sysbios_knl_Clock_Object__table__V)
                  20001b94    00000080     empty_pem4f.oem4f (.data:ti_sysbios_knl_Swi_Module_State_0_readyQ__A)
                  20001c14    00000080     empty_pem4f.oem4f (.data:ti_sysbios_knl_Task_Module_State_0_readyQ__A)
                  20001c94    0000004c     empty_pem4f.oem4f (.data:ti_sysbios_knl_Task_Object__table__V)
                  20001ce0    00000048     empty_pem4f.oem4f (.data:ti_sysbios_family_arm_m3_Hwi_Object__table__V)
                  20001d28    00000044     empty_pem4f.oem4f (.data:ti_sysbios_knl_Task_Module__state__V)
                  20001d6c    00000038     empty_pem4f.oem4f (.data:ti_sysbios_gates_GateMutex_Object__table__V)
                  20001da4    00000034     empty_pem4f.oem4f (.data:ti_sysbios_family_arm_m3_Hwi_Module__state__V)
                  20001dd8    00000030     empty_pem4f.oem4f (.data:ti_sysbios_family_arm_lm4_Timer_Module_State_0_device__A)
                  20001e08    00000030     empty_pem4f.oem4f (.data:ti_sysbios_knl_Swi_Object__table__V)
                  20001e38    0000002c     empty_pem4f.oem4f (.data:ti_sysbios_knl_Clock_Module__state__V)
                  20001e64    00000024     empty_pem4f.oem4f (.data:ti_sysbios_BIOS_Module__state__V)
                  20001e88    00000020     empty_pem4f.oem4f (.data:ti_uia_loggers_LoggerMin_Module__state__V)
                  20001ea8    0000001c     empty_pem4f.oem4f (.data:ti_sysbios_knl_Swi_Module__state__V)
                  20001ec4    00000018     empty_pem4f.oem4f (.data:ti_sysbios_family_arm_lm4_Timer_Module_State_0_handles__A)
                  20001edc    00000018     empty_pem4f.oem4f (.data:ti_sysbios_heaps_HeapMem_Object__table__V)
                  20001ef4    0000000f     RTOSLightSensor.obj (.data)
                  20001f03    00000001     --HOLE--
                  20001f04    0000000c     rtsv7M4_T_le_v4SPD16_eabi.lib : exit.obj (.data:$O1$$)
                  20001f10    0000000c     empty_pem4f.oem4f (.data:ti_sysbios_family_arm_lm4_Timer_Module__state__V)
                  20001f1c    0000000c     empty_pem4f.oem4f (.data:ti_sysbios_knl_Task_Module__root__V)
                  20001f28    0000000c     empty_pem4f.oem4f (.data:xdc_runtime_SysMin_Module__state__V)
                  20001f34    00000008     rtsv7M4_T_le_v4SPD16_eabi.lib : _lock.obj (.data:$O1$$)
[...]
0000c04c  ti_sysbios_gates_GateMutex_Module__diagsMask__C                   
0000c050  ti_sysbios_hal_Hwi_E_stackOverflow__C                             
0000c054  ti_sysbios_heaps_HeapMem_A_align__C                               
0000c058  ti_sysbios_heaps_HeapMem_A_heapSize__C                            
0000c05c  ti_sysbios_heaps_HeapMem_A_invalidFree__C                         
0000c060  ti_sysbios_heaps_HeapMem_A_zeroBlock__C                           
0000c064  ti_sysbios_heaps_HeapMem_E_memory__C                              
0000c068  ti_sysbios_heaps_HeapMem_Module__diagsEnabled__C                  
0000c06c  ti_sysbios_heaps_HeapMem_Module__diagsIncluded__C                 
0000c070  ti_sysbios_heaps_HeapMem_Module__diagsMask__C                     
0000c074  ti_sysbios_heaps_HeapMem_Module__gateObj__C                       
0000c078  ti_sysbios_heaps_HeapMem_Object__count__C                         
0000c07c  ti_sysbios_heaps_HeapMem_reqAlign__C                              
0000c080  ti_sysbios_knl_Clock_A_badThreadType__C                           
0000c084  ti_sysbios_knl_Clock_LM_begin__C                                  
0000c088  ti_sysbios_knl_Clock_LM_tick__C                                   
0000c08c  ti_sysbios_knl_Clock_LW_delayed__C                                
0000c090  ti_sysbios_knl_Clock_Module_State_clockQ__O                       
0000c094  ti_sysbios_knl_Clock_Module__diagsEnabled__C                      
0000c098  ti_sysbios_knl_Clock_Module__diagsIncluded__C                     
0000c09c  ti_sysbios_knl_Clock_Module__diagsMask__C                         
0000c0a0  ti_sysbios_knl_Clock_Module__loggerFxn1__C                        
0000c0a4  ti_sysbios_knl_Clock_Module__loggerFxn2__C                        
0000c0a8  ti_sysbios_knl_Clock_Module__loggerObj__C                         
0000c0ac  ti_sysbios_knl_Idle_funcList__A                                   
0000c0b0  ti_sysbios_knl_Semaphore_A_badContext__C                          
0000c0b4  ti_sysbios_knl_Semaphore_A_noEvents__C                            
0000c0b8  ti_sysbios_knl_Semaphore_A_overflow__C                            
0000c0bc  ti_sysbios_knl_Semaphore_A_pendTaskDisabled__C                    
0000c0c0  ti_sysbios_knl_Semaphore_Instance_State_pendQ__O                  
0000c0c4  ti_sysbios_knl_Semaphore_LM_pend__C                               
0000c0c8  ti_sysbios_knl_Semaphore_LM_post__C                               
0000c0cc  ti_sysbios_knl_Semaphore_Module__diagsEnabled__C                  
0000c0d0  ti_sysbios_knl_Semaphore_Module__diagsIncluded__C                 
0000c0d4  ti_sysbios_knl_Semaphore_Module__diagsMask__C                     
0000c0d8  ti_sysbios_knl_Semaphore_Module__loggerFxn2__C                    
0000c0dc  ti_sysbios_knl_Semaphore_Module__loggerFxn4__C                    
0000c0e0  ti_sysbios_knl_Semaphore_Module__loggerObj__C                     
0000c0e4  ti_sysbios_knl_Swi_LD_end__C                                      
0000c0e8  ti_sysbios_knl_Swi_LM_begin__C                                    
0000c0ec  ti_sysbios_knl_Swi_LM_post__C                                     
0000c0f0  ti_sysbios_knl_Swi_Module__diagsEnabled__C                        
0000c0f4  ti_sysbios_knl_Swi_Module__diagsIncluded__C                       
0000c0f8  ti_sysbios_knl_Swi_Module__diagsMask__C                           
0000c0fc  ti_sysbios_knl_Swi_Module__loggerFxn1__C                          
0000c100  ti_sysbios_knl_Swi_Module__loggerFxn4__C                          
0000c104  ti_sysbios_knl_Swi_Module__loggerObj__C                           
0000c108  ti_sysbios_knl_Swi_Object__count__C                               
0000c10c  ti_sysbios_knl_Task_A_badPriority__C                              
0000c110  ti_sysbios_knl_Task_A_badTaskState__C                             
0000c114  ti_sysbios_knl_Task_A_badThreadType__C                            
0000c118  ti_sysbios_knl_Task_A_badTimeout__C                               
0000c11c  ti_sysbios_knl_Task_A_noPendElem__C                               
0000c120  ti_sysbios_knl_Task_A_sleepTaskDisabled__C                        
0000c124  ti_sysbios_knl_Task_E_spOutOfBounds__C                            
0000c128  ti_sysbios_knl_Task_E_stackOverflow__C                            
0000c12c  ti_sysbios_knl_Task_LD_block__C                                   
0000c130  ti_sysbios_knl_Task_LD_exit__C                                    
0000c134  ti_sysbios_knl_Task_LD_ready__C                                   
0000c138  ti_sysbios_knl_Task_LM_sleep__C                                   
0000c13c  ti_sysbios_knl_Task_LM_switch__C                                  
0000c140  ti_sysbios_knl_Task_Module_State_inactiveQ__O                     
0000c144  ti_sysbios_knl_Task_Module__diagsEnabled__C                       
0000c148  ti_sysbios_knl_Task_Module__diagsIncluded__C                      
0000c14c  ti_sysbios_knl_Task_Module__diagsMask__C                          
0000c150  ti_sysbios_knl_Task_Module__loggerFxn2__C                         
0000c154  ti_sysbios_knl_Task_Module__loggerFxn4__C                         
0000c158  ti_sysbios_knl_Task_Module__loggerObj__C                          
0000c15c  ti_sysbios_knl_Task_Object__count__C                              
0000c160  ti_sysbios_knl_Task_allBlockedFunc__C                             
0000c164  ti_sysbios_knl_Task_defaultStackHeap__C                           
0000c168  ti_sysbios_knl_Task_defaultStackSize__C                           
0000c16c  ti_sysbios_knl_Task_numConstructedTasks__C                        
0000c170  xdc_runtime_Assert_E_assertFailed__C                              
0000c174  xdc_runtime_Core_A_initializedParams__C                           
0000c178  xdc_runtime_Core_Module__diagsEnabled__C                          
0000c17c  xdc_runtime_Core_Module__diagsIncluded__C                         
0000c180  xdc_runtime_Core_Module__diagsMask__C                             
0000c184  xdc_runtime_Error_E_memory__C                                     
0000c188  xdc_runtime_Error_Module__diagsEnabled__C                         
0000c18c  xdc_runtime_Error_Module__diagsIncluded__C                        
0000c190  xdc_runtime_Error_Module__diagsMask__C                            
0000c194  xdc_runtime_Error_Module__loggerFxn8__C                           
0000c198  xdc_runtime_Error_Module__loggerObj__C                            
0000c19c  xdc_runtime_Error_policyFxn__C                                    
0000c1a0  xdc_runtime_Error_raiseHook__C                                    
0000c1a4  xdc_runtime_IGateProvider_Interface__BASE__C                      
0000c1a8  xdc_runtime_IHeap_Interface__BASE__C                              
0000c1ac  xdc_runtime_ILogger_Interface__BASE__C                            
0000c1b0  xdc_runtime_IModule_Interface__BASE__C                            
0000c1b4  xdc_runtime_Log_L_error__C                                        
0000c1b8  xdc_runtime_Memory_defaultHeapInstance__C                         
0000c1bc  xdc_runtime_Startup_execImpl__C                                   
0000c1c0  xdc_runtime_Startup_lastFxns__A                                   
0000c1c4  xdc_runtime_Startup_maxPasses__C                                  
0000c1c8  xdc_runtime_Startup_sfxnRts__C                                    
0000c1cc  xdc_runtime_Startup_sfxnTab__C                                    
0000c1d0  xdc_runtime_SysMin_bufSize__C                                     
0000c1d4  xdc_runtime_SysMin_outputFunc__C                                  
0000c1d8  xdc_runtime_System_Module__gateObj__C                             
0000c1dc  xdc_runtime_System_abortFxn__C                                    
0000c1e0  xdc_runtime_System_exitFxn__C                                     
0000c1e4  xdc_runtime_System_extendFxn__C                                   
0000c1e8  xdc_runtime_System_maxAtexitHandlers__C                           
0000c1ec  xdc_runtime_Text_charTab__C                                       
0000c1f0  xdc_runtime_Text_nameEmpty__C                                     
0000c1f4  xdc_runtime_Text_nameStatic__C                                    
0000c1f8  xdc_runtime_Text_nameUnknown__C                                   
0000c1fc  xdc_runtime_Text_nodeTab__C                                       
0000c200  xdc_runtime_Text_visitRopeFxn__C                                  
0000c204  ti_sysbios_family_arm_m3_Hwi_Module__id__C                        
0000c206  ti_sysbios_family_arm_m3_Hwi_Module__loggerDefined__C             
0000c208  ti_sysbios_gates_GateMutex_Module__id__C                          
0000c20a  ti_sysbios_hal_Hwi_Module__id__C                                  
0000c20c  ti_sysbios_heaps_HeapMem_Module__id__C                            
0000c20e  ti_sysbios_knl_Clock_Module__id__C                                
0000c210  ti_sysbios_knl_Clock_Module__loggerDefined__C                     
0000c212  ti_sysbios_knl_Semaphore_Module__id__C                            
0000c214  ti_sysbios_knl_Semaphore_Module__loggerDefined__C                 
0000c216  ti_sysbios_knl_Swi_Module__id__C                                  
0000c218  ti_sysbios_knl_Swi_Module__loggerDefined__C                       
0000c21a  ti_sysbios_knl_Task_Module__id__C                                 
0000c21c  ti_sysbios_knl_Task_Module__loggerDefined__C                      
0000c21e  xdc_runtime_Core_Module__id__C                                    
0000c220  xdc_runtime_Error_Module__loggerDefined__C                        
0000c222  xdc_runtime_Error_maxDepth__C                                     
0000c224  xdc_runtime_Memory_Module__id__C                                  
0000c226  xdc_runtime_SysMin_flushAtExit__C                                 
0000c228  xdc_runtime_Text_charCnt__C                                       
0000c22a  xdc_runtime_Text_isLoaded__C                                      
0000c22c  xdc_runtime_Text_registryModsLastId__C                            
0000c22e  xdc_runtime_Text_unnamedModsLastId__C                             
0000c230  xdc_runtime_Error_policy__C                                       
0000c238  __TI_static_base__                                                
0000c64c  __TI_Handler_Table_Base                                           
0000c654  __TI_CINIT_Base                                                   
0000c654  __TI_Handler_Table_Limit                                          
0000c66c  __TI_CINIT_Limit                                                  
20000000  ti_sysbios_family_arm_m3_Hwi_ramVectors                           
20000360  ti_sysbios_family_arm_m3_Hwi_dispatchTable                        
200006c0  ti_sysbios_heaps_HeapMem_Instance_State_0_buf__A                  
200009c0  ti_sysbios_knl_Task_Instance_State_0_stack__A                     
20000bc0  RTOSBT_RXTaskStack                                                
20000dc0  RTOSBT_TXTaskStack                                                
20000fc0  RTOSFlashingTaskStack                                             
200011c0  ti_uia_loggers_LoggerMin_Module_State_0_packetBuffer__A           
200013c0  __CIOBUF_                                                         
200014e0  RTOSCommanderOutString                                            
200015e0  uartTivaObjects                                                   
200016ac  xdc_runtime_SysMin_Module_State_0_outbuf__A                       
2000172c  RTOSBT_RXTaskStruct                                               
2000177c  RTOSBT_TXTaskStruct                                               
200017cc  RTOSFlashingtask0                                                 
2000181c  RTOSLightSensorHolder                                             
2000186c  RTOSPIDSetting                                                    
200018bc  RTOSBT_RXTaskParams                                               
200018f8  RTOSBT_TXTaskParams                                               
20001934  RTOSLightSensorWriteStr                                           
20001988  RTOSCommander_Raw                                                 
200019a8  uartTivaRingBuffer                                                
200019c8  RTOSBT_RXSemStruct                                                
200019e4  RTOSBT_TXSemStruct                                                
20001a00  RTOSFlashingStructSem                                             
20001a1c  RTOSCommanderTemp                                                 
20001a28  RTOSCommanderTempU                                                
20001a3c  PIDError                                                          
20001a40  PIDPWMAdjust                                                      
20001a44  PIDPreError                                                       
20001a48  PIDtotalerror                                                     
20001a4c  RTOSBT_RXSem                                                      
20001a50  RTOSBT_TXSem                                                      
20001a54  RTOSBT_Uart                                                       
20001a58  RTOSBT_WriteString                                                
20001a5c  RTOSCommander_token                                               
20001a60  RTOSDistanceFront                                                 
20001a64  RTOSDistanceFrontTemp                                             
20001a68  RTOSDistanceFrontVol                                              
20001a6c  RTOSDistanceRight                                                 
20001a70  RTOSDistanceRightTemp                                             
20001a74  RTOSDistanceRightVol                                              
20001a78  RTOSFlashingSem                                                   
20001a7c  RTOSLightTemp1                                                    
20001a80  RTOSLightTemp2                                                    
20001a84  temp_d                                                            
20001a88  temp_i                                                            
20001a8c  temp_p                                                            
20001a90  RTOSILoop                                                         
20001a94  ti_sysbios_family_arm_lm4_Timer_Object__table__V                  
20001b14  ti_sysbios_knl_Clock_Object__table__V                             
20001b94  ti_sysbios_knl_Swi_Module_State_0_readyQ__A                       
20001c14  ti_sysbios_knl_Task_Module_State_0_readyQ__A                      
20001c94  ti_sysbios_knl_Task_Object__table__V                              
20001ce0  ti_sysbios_family_arm_m3_Hwi_Object__table__V                     
20001d28  ti_sysbios_knl_Task_Module__state__V                              
20001d6c  ti_sysbios_gates_GateMutex_Object__table__V                       
20001da4  ti_sysbios_family_arm_m3_Hwi_Module__state__V                     
20001dd8  ti_sysbios_family_arm_lm4_Timer_Module_State_0_device__A          
20001e08  ti_sysbios_knl_Swi_Object__table__V                               
20001e38  ti_sysbios_knl_Clock_Module__state__V                             
20001e64  ti_sysbios_BIOS_Module__state__V                                  
20001e88  ti_uia_loggers_LoggerMin_Module__state__V                         
20001ea8  ti_sysbios_knl_Swi_Module__state__V                               
20001ec4  ti_sysbios_family_arm_lm4_Timer_Module_State_0_handles__A         
20001edc  ti_sysbios_heaps_HeapMem_Object__table__V                         
20001ef4  RTOSLightDef                                                      
20001ef8  RTOSLightValue                                                    
20001efc  RTOSLightCount                                                    
20001f00  RTOSLightSensorLineCount                                          
20001f02  RTOSLightWhiteLine                                                
20001f04  __TI_cleanup_ptr                                                  
20001f08  __TI_dtors_ptr                                                    
20001f0c  __TI_enable_exit_profile_output                                   
20001f10  ti_sysbios_family_arm_lm4_Timer_Module__state__V                  
20001f1c  ti_sysbios_knl_Task_Module__root__V                               
20001f28  xdc_runtime_SysMin_Module__state__V                               
20001f34  _lock                                                             
20001f38  _unlock                                                           
20001f40  RTOSBT_WriteStringMaxLen                                          
20001f44  pwmMax                                                            
20001f48  pwmAdjust                                                         
20001f4c  ti_sysbios_family_arm_lm4_TimestampProvider_Module__state__V      
20001f54  ti_sysbios_family_arm_m3_Hwi_Module__root__V                      
20001f5c  ti_sysbios_gates_GateHwi_Module__root__V                          
20001f64  ti_sysbios_gates_GateMutex_Module__root__V                        
20001f6c  ti_sysbios_heaps_HeapMem_Module__root__V                          
20001f74  ti_sysbios_knl_Clock_Module__root__V                              
20001f7c  ti_sysbios_knl_Queue_Module__root__V                              
20001f84  ti_sysbios_knl_Semaphore_Module__root__V                          
20001f8c  ti_uia_loggers_LoggerMin_Module__root__V                          
20001f94  xdc_runtime_Registry_Module__state__V                             
20001f9c  xdc_runtime_Startup_Module__state__V                              
20001fa4  xdc_runtime_System_Module_State_0_atexitHandlers__A               
20001fac  xdc_runtime_System_Module__state__V                               
20001fb4  flashingCode                                                      
20001fba  RTOSPIDFlag                                                       
20001fbb  RTOSPIDDeadend                                                    
20001fbc  commandCount                                                      
20001fc0  currentFlashingCode                                               
20001fc8  errno                                                             
20001fcc  main_func_sp                                                      
20001fd4  ti_sysbios_family_arm_m3_Hwi_Module_State_0_excContext__A         
20001fd8  ti_sysbios_family_arm_m3_Hwi_Module_State_0_excStack__A           
20001fdc  ti_sysbios_gates_GateHwi_Object__table__V                         
20001fe0  ti_sysbios_knl_Task_Module_State_0_idleTask__A                    
20001fe4  ti_uia_loggers_LoggerMin_Object__table__V                         
20001fe8  xdc_runtime_Memory_Module__state__V                               
20001fec  ti_sysbios_family_arm_m3_Hwi_Module_State_0_excActive__A          
20001fee  xdc_runtime_Error_Module__state__V                                
20001ff0  __stack                                                           
200023f0  __STACK_END                                                       
e000e000  ti_sysbios_family_arm_m3_Hwi_nvic                                 
ffffffff  __TI_pprof_out_hndl                                               
ffffffff  __TI_prof_data_size                                               
ffffffff  __TI_prof_data_start                                              
ffffffff  __binit__                                                         
ffffffff  __c_args__                                                        
ffffffff  binit                                                             
UNDEFED   SHT$$INIT_ARRAY$$Base                                             
UNDEFED   SHT$$INIT_ARRAY$$Limit                                            

[811 symbols]
